******************************************************************************
            TI ARM Clang Linker PC v4.0.0                      
******************************************************************************
>> Linked Sat May 23 18:36:30 2026

OUTPUT FILE NAME:   <Cardinal.out>
ENTRY POINT SYMBOL: "_c_int00_noargs"  address: 00003219


MEMORY CONFIGURATION

         name            origin    length      used     unused   attr    fill
----------------------  --------  ---------  --------  --------  ----  --------
  FLASH                 00000000   00020000  000040e8  0001bf18  R  X
  SRAM                  20200000   00008000  000017ff  00006801  RW X
  BCR_CONFIG            41c00000   00000080  00000000  00000080  R   
  BSL_CONFIG            41c00100   00000080  00000000  00000080  R   


SEGMENT ALLOCATION MAP

run origin  load origin   length   init length attrs members
----------  ----------- ---------- ----------- ----- -------
00000000    00000000    000040e8   000040e8    r-x
  00000000    00000000    000000c0   000000c0    r-- .intvecs
  000000c0    000000c0    00003da0   00003da0    r-x .text
  00003e60    00003e60    00000248   00000248    r-- .rodata
  000040a8    000040a8    00000040   00000040    r-- .cinit
20200000    20200000    00001600   00000000    rw-
  20200000    20200000    000015eb   00000000    rw- .bss
  202015ec    202015ec    00000014   00000000    rw- .data
20207e00    20207e00    00000200   00000000    rw-
  20207e00    20207e00    00000200   00000000    rw- .stack


SECTION ALLOCATION MAP

 output                                  attributes/
section   page    origin      length       input sections
--------  ----  ----------  ----------   ----------------
.intvecs   0    00000000    000000c0     
                  00000000    000000c0     startup_mspm0g110x_ticlang.o (.intvecs)

.text      0    000000c0    00003da0     
                  000000c0    0000024c     app.o (.text.cmd_data_setup)
                  0000030c    000001de     MSPM0G_Library.lib : UART_Interface.o (.text.UART_Interface_IRQ)
                  000004ea    00000002     libclang_rt.builtins.a : aeabi_div0.c.obj (.text.__aeabi_idiv0)
                  000004ec    0000017c     MSPM0G_Library.lib : UART_Interface.o (.text.UART_Interface_Initialize)
                  00000668    00000178     i2c_common.o (.text.i2c_common)
                  000007e0    0000016c     ti_msp_dl_config.o (.text.SYSCFG_DL_GPIO_init)
                  0000094c    00000104     usb.o (.text.usb_fsm)
                  00000a50    00000100     MSPM0G_Library.lib : Timer_Timeout.o (.text.Timer_Timeout_Inialize)
                  00000b50    000000fe                        : I2C_Controller.o (.text.I2C_Controller_IRQ)
                  00000c4e    00000002     --HOLE-- [fill = 0]
                  00000c50    000000f4     delay_timer.o (.text.Delay_Timer_Initialize)
                  00000d44    000000e8     driverlib.a : dl_timer.o (.text.DL_Timer_initTimerMode)
                  00000e2c    000000d4     mux.o (.text.mux_select)
                  00000f00    000000ce     usb.o (.text.usb_cmd_data_setup)
                  00000fce    00000002     --HOLE-- [fill = 0]
                  00000fd0    000000cc     command_function.o (.text.read_mux_adc)
                  0000109c    000000b2     MSPM0G_Library.lib : SPI_Interface.o (.text.SPI_IRQ)
                  0000114e    000000a4                        : UART_Interface.o (.text.UART_Interface_Start_Transmit)
                  000011f2    000000a0                        : UART_Interface.o (.text.UART_Interface_Start_Receive)
                  00001292    00000002     --HOLE-- [fill = 0]
                  00001294    0000009c     adc_spi.o (.text.ADC122S625_Read)
                  00001330    00000098     MSPM0G_Library.lib : I2C_Controller.o (.text.I2C_Controller_Initialize)
                  000013c8    00000090     usb.o (.text.validate_usb_rx_data)
                  00001458    0000008c     ti_msp_dl_config.o (.text.SYSCFG_DL_initPower)
                  000014e4    00000088     MSPM0G_Library.lib : SPI_Interface.o (.text.SPI_Initialize)
                  0000156c    00000084     usb.o (.text.process_usb_command)
                  000015f0    0000007c     mux.o (.text.MUX2_init)
                  0000166c    0000007c     mux.o (.text.MUX4_init)
                  000016e8    0000007c     libc.a : copy_decompress_lzss.c.obj (.text:decompress:lzss)
                  00001764    00000078     MSPM0G_Library.lib : UART_Interface.o (.text.UART_rxDMA_Initialize)
                  000017dc    00000078     mux.o (.text.mux2_set_select)
                  00001854    00000078     mux.o (.text.mux4_set_select)
                  000018cc    00000076     MSPM0G_Library.lib : SPI_Interface.o (.text.SPI_Transact)
                  00001942    00000074                        : UART_Interface.o (.text.UART_txDMA_Initialize)
                  000019b6    00000002     --HOLE-- [fill = 0]
                  000019b8    00000074     mux.o (.text.mux1_set_select)
                  00001a2c    00000070     MSPM0G_Library.lib : I2C_Controller.o (.text.I2C_Controller_Start_Transmit)
                  00001a9c    00000070                        : UART_Target.o (.text.UART_Target_Initialize)
                  00001b0c    00000070     mux.o (.text.mux3_set_select)
                  00001b7c    0000006c     i2c_common.o (.text.I2C_Wait_With_Timeout)
                  00001be8    0000006c     mux.o (.text.MUX1_init)
                  00001c54    0000006c     mux.o (.text.MUX3_init)
                  00001cc0    0000006c     MSPM0G_Library.lib : UART_Target.o (.text.targetRxInProgressCb)
                  00001d2c    0000006c     command_function.o (.text.voltage_current_measurement_site_on_1)
                  00001d98    00000068     command_function.o (.text.send_u32_hex)
                  00001e00    00000064     MSPM0G_Library.lib : UART_Target.o (.text.UART_Target_AssignCallBacks)
                  00001e64    00000060     ti_msp_dl_config.o (.text.SYSCFG_DL_I2C_0_init)
                  00001ec4    00000060     ti_msp_dl_config.o (.text.SYSCFG_DL_UART_0_init)
                  00001f24    00000060     usb.o (.text.usb_init)
                  00001f84    0000005e     driverlib.a : dl_i2c.o (.text.DL_I2C_fillControllerTXFIFO)
                  00001fe2    0000005a     MSPM0G_Library.lib : Timer_Timeout.o (.text.Timer_Timeout_Time_Set)
                  0000203c    00000058                        : I2C_Controller.o (.text.getControllerStatus)
                  00002094    00000054     driverlib.a : dl_spi.o (.text.DL_SPI_drainRXFIFO16)
                  000020e8    00000054                 : dl_uart.o (.text.DL_UART_drainRXFIFO)
                  0000213c    00000054                 : dl_uart.o (.text.DL_UART_fillTXFIFO)
                  00002190    00000054     command_function.o (.text.switch_voltage_press_site_0)
                  000021e4    00000050     MSPM0G_Library.lib : I2C_Controller.o (.text.DL_I2C_startControllerTransfer)
                  00002234    00000050     command_function.o (.text.ldo_power_on_site_0)
                  00002284    00000050     command_function.o (.text.ldo_power_on_site_1)
                  000022d4    00000050     command_function.o (.text.opamp_en)
                  00002324    0000004c     ti_msp_dl_config.o (.text.DL_UART_setBaudRateDivisor)
                  00002370    0000004c     MSPM0G_Library.lib : UART_Target.o (.text.UART_Target_Receive)
                  000023bc    00000048     driverlib.a : dl_uart.o (.text.DL_UART_init)
                  00002404    00000048     ti_msp_dl_config.o (.text.SYSCFG_DL_SPI_0_init)
                  0000244c    00000048     command_function.o (.text.power_supply_2v7_2_site_0)
                  00002494    00000048     command_function.o (.text.power_supply_3v3_1_site_0)
                  000024dc    00000048     command_function.o (.text.voltage_current_measurement_site_on)
                  00002524    00000046     MSPM0G_Library.lib : I2C_Controller.o (.text.I2C_Controller_Start_Receive)
                  0000256a    00000002     --HOLE-- [fill = 0]
                  0000256c    00000044     driverlib.a : dl_spi.o (.text.DL_SPI_init)
                  000025b0    00000044     ti_msp_dl_config.o (.text.SYSCFG_DL_init)
                  000025f4    00000044     command_function.o (.text.power_supply_2v7_1_site_0)
                  00002638    00000044     command_function.o (.text.power_supply_3v3_2_site_0)
                  0000267c    00000040     libclang_rt.builtins.a : aeabi_uidivmod.S.obj (.text.__aeabi_uidivmod)
                  000026bc    00000040     command_function.o (.text.power_supply_3v3_2_site_1)
                  000026fc    0000003c     ti_msp_dl_config.o (.text.DL_GPIO_initPeripheralInputFunctionFeatures)
                  00002738    0000003c     driverlib.a : dl_i2c.o (.text.DL_I2C_flushTargetTXFIFO)
                  00002774    0000003c     MSPM0G_Library.lib : UART_Target.o (.text.UART_Target_Transmit)
                  000027b0    0000003c     switch.o (.text.switch_off_select)
                  000027ec    0000003c     switch.o (.text.switch_on_select)
                  00002828    0000003c     libc.a : autoinit.c.obj (.text:__TI_auto_init_nobinit_nopinit)
                  00002864    00000038     MSPM0G_Library.lib : UART_Interface.o (.text.DL_DMA_setTrigger)
                  0000289c    00000038     i2c_common.o (.text.I2C_Reset_Peripheral)
                  000028d4    00000036     MSPM0G_Library.lib : Timer_Timeout.o (.text.Timer_Timeout_Start)
                  0000290a    00000036                        : UART_Interface.o (.text.UART_Interface_Stop_Receive)
                  00002940    00000034                        : UART_Interface.o (.text.DL_DMA_configMode)
                  00002974    00000034     ti_msp_dl_config.o (.text.SYSCFG_DL_TIMER_0_init)
                  000029a8    00000034     ti_msp_dl_config.o (.text.SYSCFG_DL_TIMER_2_init)
                  000029dc    00000034     i2c_common.o (.text.__NVIC_DisableIRQ)
                  00002a10    00000034     MSPM0G_Library.lib : UART_Target.o (.text.timerCallback)
                  00002a44    00000032                        : UART_Interface.o (.text.DL_DMA_setDestWidth)
                  00002a76    00000030                        : UART_Interface.o (.text.DL_DMA_setDestIncrement)
                  00002aa6    00000030                        : UART_Interface.o (.text.DL_DMA_setSrcWidth)
                  00002ad6    00000002     --HOLE-- [fill = 0]
                  00002ad8    00000030                        : UART_Interface.o (.text.DL_DMA_setTransferSize)
                  00002b08    00000030     mux.o (.text.DL_GPIO_writePinsVal)
                  00002b38    00000030     ti_msp_dl_config.o (.text.DL_SPI_setFIFOThreshold)
                  00002b68    00000030     command_function.o (.text.ldo_power_off_site_0)
                  00002b98    00000030     mux.o (.text.mux_disable_all)
                  00002bc8    00000030     command_function.o (.text.reset_io_expander)
                  00002bf8    00000030     MSPM0G_Library.lib : UART_Target.o (.text.targetRxDoneCb)
                  00002c28    00000030                        : UART_Target.o (.text.targetTxDoneCb)
                  00002c58    0000002e                        : UART_Interface.o (.text.DL_DMA_setSrcIncrement)
                  00002c86    0000002c     delay_timer.o (.text.Delay_Timer_Start)
                  00002cb2    00000002     --HOLE-- [fill = 0]
                  00002cb4    0000002c     MSPM0G_Library.lib : I2C_Controller.o (.text.__NVIC_ClearPendingIRQ)
                  00002ce0    0000002c                        : SPI_Interface.o (.text.__NVIC_ClearPendingIRQ)
                  00002d0c    0000002c                        : Timer_Timeout.o (.text.__NVIC_ClearPendingIRQ)
                  00002d38    0000002c                        : UART_Interface.o (.text.__NVIC_ClearPendingIRQ)
                  00002d64    0000002c     delay_timer.o (.text.__NVIC_ClearPendingIRQ)
                  00002d90    0000002c     i2c_common.o (.text.__NVIC_ClearPendingIRQ)
                  00002dbc    0000002c     MSPM0G_Library.lib : I2C_Controller.o (.text.__NVIC_EnableIRQ)
                  00002de8    0000002c                        : SPI_Interface.o (.text.__NVIC_EnableIRQ)
                  00002e14    0000002c                        : Timer_Timeout.o (.text.__NVIC_EnableIRQ)
                  00002e40    0000002c                        : UART_Interface.o (.text.__NVIC_EnableIRQ)
                  00002e6c    0000002c     delay_timer.o (.text.__NVIC_EnableIRQ)
                  00002e98    0000002c     i2c_common.o (.text.__NVIC_EnableIRQ)
                  00002ec4    0000002c     mux.o (.text.mux_init_all)
                  00002ef0    0000002a     ti_msp_dl_config.o (.text.SYSCFG_DL_SYSCTL_init)
                  00002f1a    0000002a     MSPM0G_Library.lib : Timer_Timeout.o (.text.Timer_Timeout_IRQ)
                  00002f44    0000002a                        : Timer_Timeout.o (.text.Timer_Timeout_reStart)
                  00002f6e    0000002a                        : I2C_Controller.o (.text.waitForControllerToIdle)
                  00002f98    00000028                        : I2C_Controller.o (.text.DL_Common_updateReg)
                  00002fc0    00000028                        : Timer_Timeout.o (.text.DL_Common_updateReg)
                  00002fe8    00000028                        : UART_Interface.o (.text.DL_Common_updateReg)
                  00003010    00000028     delay_timer.o (.text.DL_Common_updateReg)
                  00003038    00000028     ti_msp_dl_config.o (.text.DL_Common_updateReg)
                  00003060    00000028     MSPM0G_Library.lib : UART_Interface.o (.text.DL_DMA_setDestAddr)
                  00003088    00000028                        : UART_Interface.o (.text.DL_DMA_setSrcAddr)
                  000030b0    00000028                        : I2C_Controller.o (.text.DL_I2C_setControllerRXFIFOThreshold)
                  000030d8    00000028     ti_msp_dl_config.o (.text.DL_I2C_setControllerRXFIFOThreshold)
                  00003100    00000028     MSPM0G_Library.lib : I2C_Controller.o (.text.DL_I2C_setControllerTXFIFOThreshold)
                  00003128    00000028     ti_msp_dl_config.o (.text.DL_I2C_setControllerTXFIFOThreshold)
                  00003150    00000028     ti_msp_dl_config.o (.text.DL_UART_setRXFIFOThreshold)
                  00003178    00000028     ti_msp_dl_config.o (.text.DL_UART_setTXFIFOThreshold)
                  000031a0    00000028     app.o (.text.app_init)
                  000031c8    00000028     command_function.o (.text.send_fail)
                  000031f0    00000028     MSPM0G_Library.lib : UART_Target.o (.text.targetTxInProgressCb)
                  00003218    00000028     libc.a : boot_cortex_m.c.obj (.text:_c_int00_noargs)
                  00003240    00000026     MSPM0G_Library.lib : UART_Interface.o (.text.DL_DMA_disableChannel)
                  00003266    00000026                        : UART_Interface.o (.text.DL_DMA_enableChannel)
                  0000328c    00000026     ti_msp_dl_config.o (.text.DL_I2C_setAnalogGlitchFilterPulseWidth)
                  000032b2    00000026     driverlib.a : dl_i2c.o (.text.DL_I2C_setClockConfig)
                  000032d8    00000026     command_function.o (.text.io_expander_config)
                  000032fe    00000002     --HOLE-- [fill = 0]
                  00003300    00000024     ti_msp_dl_config.o (.text.DL_SPI_setBitRateSerialClockDivider)
                  00003324    00000024     delay_timer.o (.text.Delay_Timer_Get)
                  00003348    00000024     delay_timer.o (.text.Delay_Timer_IRQ)
                  0000336c    00000022     command_function.o (.text.voltage_current_measurement_reset_site_0)
                  0000338e    00000002     --HOLE-- [fill = 0]
                  00003390    00000020     ti_msp_dl_config.o (.text.DL_GPIO_initPeripheralInputFunction)
                  000033b0    00000020     command_function.o (.text.DL_SYSCTL_resetDevice)
                  000033d0    00000020     MSPM0G_Library.lib : Timer_Timeout.o (.text.DL_Timer_setCounterValueAfterEnable)
                  000033f0    00000020     delay_timer.o (.text.DL_Timer_setCounterValueAfterEnable)
                  00003410    00000020     main.o (.text.main)
                  00003430    00000020     libc.a : memcmp.c.obj (.text.memcmp)
                  00003450    0000001e     ti_msp_dl_config.o (.text.DL_UART_setOversampling)
                  0000346e    00000002     --HOLE-- [fill = 0]
                  00003470    0000001c     ti_msp_dl_config.o (.text.DL_GPIO_enableHiZ)
                  0000348c    0000001c     ti_msp_dl_config.o (.text.DL_GPIO_initPeripheralOutputFunction)
                  000034a8    0000001c     MSPM0G_Library.lib : I2C_Controller.o (.text.DL_I2C_enableInterrupt)
                  000034c4    0000001c     ti_msp_dl_config.o (.text.DL_I2C_enableInterrupt)
                  000034e0    0000001c     MSPM0G_Library.lib : I2C_Controller.o (.text.DL_I2C_isControllerRXFIFOEmpty)
                  000034fc    0000001c     ti_msp_dl_config.o (.text.DL_SPI_enableInterrupt)
                  00003518    0000001c     ti_msp_dl_config.o (.text.DL_SYSCTL_setMCLKDivider)
                  00003534    0000001c     ti_msp_dl_config.o (.text.DL_SYSCTL_setSYSOSCFreq)
                  00003550    0000001c     ti_msp_dl_config.o (.text.DL_SYSCTL_setULPCLKDivider)
                  0000356c    0000001c     MSPM0G_Library.lib : Timer_Timeout.o (.text.DL_Timer_disableInterrupt)
                  00003588    0000001c                        : Timer_Timeout.o (.text.DL_Timer_enableInterrupt)
                  000035a4    0000001c     delay_timer.o (.text.DL_Timer_enableInterrupt)
                  000035c0    0000001c     ti_msp_dl_config.o (.text.DL_Timer_enableInterrupt)
                  000035dc    0000001c     driverlib.a : dl_timer.o (.text.DL_Timer_setClockConfig)
                  000035f8    0000001c     ti_msp_dl_config.o (.text.DL_UART_enableInterrupt)
                  00003614    0000001c     MSPM0G_Library.lib : UART_Target.o (.text.UART_Target_getState)
                  00003630    0000001c     mux.o (.text.led_timer_init)
                  0000364c    00000018     command_function.o (.text.DL_GPIO_enableOutput)
                  00003664    00000018     mux.o (.text.DL_GPIO_enableOutput)
                  0000367c    00000018     ti_msp_dl_config.o (.text.DL_GPIO_enableOutput)
                  00003694    00000018     mux.o (.text.DL_GPIO_enablePower)
                  000036ac    00000018     ti_msp_dl_config.o (.text.DL_GPIO_enablePower)
                  000036c4    00000018     command_function.o (.text.DL_GPIO_initDigitalOutput)
                  000036dc    00000018     mux.o (.text.DL_GPIO_initDigitalOutput)
                  000036f4    00000018     ti_msp_dl_config.o (.text.DL_GPIO_initDigitalOutput)
                  0000370c    00000018     ti_msp_dl_config.o (.text.DL_GPIO_reset)
                  00003724    00000018     adc_spi.o (.text.DL_GPIO_setPins)
                  0000373c    00000018     command_function.o (.text.DL_GPIO_setPins)
                  00003754    00000018     mux.o (.text.DL_GPIO_setPins)
                  0000376c    00000018     switch.o (.text.DL_GPIO_setPins)
                  00003784    00000018     ti_msp_dl_config.o (.text.DL_GPIO_setPins)
                  0000379c    00000018     i2c_common.o (.text.DL_I2C_disableController)
                  000037b4    00000018     ti_msp_dl_config.o (.text.DL_I2C_enableAnalogGlitchFilter)
                  000037cc    00000018     ti_msp_dl_config.o (.text.DL_I2C_enableController)
                  000037e4    00000018     ti_msp_dl_config.o (.text.DL_I2C_enableControllerClockStretching)
                  000037fc    00000018     ti_msp_dl_config.o (.text.DL_I2C_enablePower)
                  00003814    00000018     ti_msp_dl_config.o (.text.DL_I2C_reset)
                  0000382c    00000018     ti_msp_dl_config.o (.text.DL_I2C_setTimerPeriod)
                  00003844    00000018     ti_msp_dl_config.o (.text.DL_SPI_enable)
                  0000385c    00000018     ti_msp_dl_config.o (.text.DL_SPI_enablePower)
                  00003874    00000018     ti_msp_dl_config.o (.text.DL_SPI_reset)
                  0000388c    00000018     ti_msp_dl_config.o (.text.DL_SYSCTL_setBORThreshold)
                  000038a4    00000018     MSPM0G_Library.lib : Timer_Timeout.o (.text.DL_Timer_clearInterruptStatus)
                  000038bc    00000018     ti_msp_dl_config.o (.text.DL_Timer_enablePower)
                  000038d4    00000018     ti_msp_dl_config.o (.text.DL_Timer_reset)
                  000038ec    00000018     MSPM0G_Library.lib : Timer_Timeout.o (.text.DL_Timer_setLoadValue)
                  00003904    00000018                        : Timer_Timeout.o (.text.DL_Timer_startCounter)
                  0000391c    00000018     delay_timer.o (.text.DL_Timer_startCounter)
                  00003934    00000018     MSPM0G_Library.lib : Timer_Timeout.o (.text.DL_Timer_stopCounter)
                  0000394c    00000018     delay_timer.o (.text.DL_Timer_stopCounter)
                  00003964    00000018     ti_msp_dl_config.o (.text.DL_UART_enableFIFOs)
                  0000397c    00000018     ti_msp_dl_config.o (.text.DL_UART_enablePower)
                  00003994    00000018     ti_msp_dl_config.o (.text.DL_UART_reset)
                  000039ac    00000018     command_function.o (.text.battery_voltage_check_site_0)
                  000039c4    00000018     i2c.o (.text.i2c_init)
                  000039dc    00000018     command_function.o (.text.led_init)
                  000039f4    00000018     command_function.o (.text.led_status_voltage_0_0_site_0)
                  00003a0c    00000018     command_function.o (.text.led_status_voltage_0_1_site_0)
                  00003a24    00000018     command_function.o (.text.led_status_voltage_1_0_site_0)
                  00003a3c    00000018     command_function.o (.text.led_status_voltage_1_site_0)
                  00003a54    00000018     command_function.o (.text.led_status_voltage_2_0_site_0)
                  00003a6c    00000018     command_function.o (.text.led_status_voltage_2_site_0)
                  00003a84    00000018     command_function.o (.text.led_status_voltage_3_site_0)
                  00003a9c    00000018     adc_spi.o (.text.spi_init)
                  00003ab4    00000018     switch.o (.text.switch_0_on)
                  00003acc    00000018     switch.o (.text.switch_1_on)
                  00003ae4    00000018     switch.o (.text.switch_2_on)
                  00003afc    00000016     MSPM0G_Library.lib : SPI_Interface.o (.text.DL_SPI_transmitData16)
                  00003b12    00000016     ti_msp_dl_config.o (.text.DL_UART_enable)
                  00003b28    00000016     command_function.o (.text.switch_voltage_default_site_0)
                  00003b3e    00000014     adc_spi.o (.text.DL_GPIO_clearPins)
                  00003b52    00000014     mux.o (.text.DL_GPIO_clearPins)
                  00003b66    00000014     switch.o (.text.DL_GPIO_clearPins)
                  00003b7a    00000014     ti_msp_dl_config.o (.text.DL_GPIO_clearPins)
                  00003b8e    00000002     --HOLE-- [fill = 0]
                  00003b90    00000014     MSPM0G_Library.lib : I2C_Controller.o (.text.DL_I2C_getControllerStatus)
                  00003ba4    00000014                        : I2C_Controller.o (.text.DL_I2C_receiveControllerData)
                  00003bb8    00000014     ti_msp_dl_config.o (.text.DL_I2C_resetControllerTransfer)
                  00003bcc    00000014     MSPM0G_Library.lib : SPI_Interface.o (.text.DL_SPI_receiveData16)
                  00003be0    00000014     ti_msp_dl_config.o (.text.DL_SYSCTL_disableSYSPLL)
                  00003bf4    00000014     ti_msp_dl_config.o (.text.DL_Timer_enableClock)
                  00003c08    00000014     command_function.o (.text.led_turn_on)
                  00003c1c    00000012     MSPM0G_Library.lib : I2C_Controller.o (.text.DL_I2C_getPendingInterrupt)
                  00003c2e    00000012                        : SPI_Interface.o (.text.DL_SPI_getPendingInterrupt)
                  00003c40    00000012     driverlib.a : dl_spi.o (.text.DL_SPI_setClockConfig)
                  00003c52    00000012     MSPM0G_Library.lib : Timer_Timeout.o (.text.DL_Timer_getPendingInterrupt)
                  00003c64    00000012     delay_timer.o (.text.DL_Timer_getPendingInterrupt)
                  00003c76    00000012     delay_timer.o (.text.DL_Timer_getTimerCount)
                  00003c88    00000012     MSPM0G_Library.lib : UART_Interface.o (.text.DL_UART_getPendingInterrupt)
                  00003c9a    00000012     driverlib.a : dl_uart.o (.text.DL_UART_setClockConfig)
                  00003cac    00000012     command_function.o (.text.reset_i2c)
                  00003cbe    00000012     libc.a : memcpy16.S.obj (.text:TI_memcpy_small)
                  00003cd0    00000012            : copy_decompress_none.c.obj (.text:decompress:none)
                  00003ce2    00000002     --HOLE-- [fill = 0]
                  00003ce4    00000010     ti_msp_dl_config.o (.text.DL_SYSCTL_disableHFXT)
                  00003cf4    00000010     app.o (.text.I2C1_IRQHandler)
                  00003d04    00000010     MSPM0G_Library.lib : I2C_Controller.o (.text.I2C_Controller_Transaction_Done)
                  00003d14    00000010     app.o (.text.SPI0_IRQHandler)
                  00003d24    00000010     app.o (.text.TIMA0_IRQHandler)
                  00003d34    00000010     app.o (.text.TIMG7_IRQHandler)
                  00003d44    00000010     app.o (.text.UART0_IRQHandler)
                  00003d54    00000010     command_function.o (.text.data_transmit)
                  00003d64    00000010     MSPM0G_Library.lib : UART_Interface.o (.text.defaultUartCallBack)
                  00003d74    00000010                        : UART_Interface.o (.text.defaultUartInprogressCallback)
                  00003d84    00000010     switch.o (.text.switch_0_off)
                  00003d94    00000010     switch.o (.text.switch_1_off)
                  00003da4    00000010     switch.o (.text.switch_2_off)
                  00003db4    00000010     libc.a : copy_zero_init.c.obj (.text:decompress:ZI)
                  00003dc4    0000000e            : strlen.c.obj (.text.strlen)
                  00003dd2    0000000e            : memset16.S.obj (.text:TI_memset_small)
                  00003de0    0000000c     libclang_rt.builtins.a : aeabi_memset.S.obj (.text.__aeabi_memclr)
                  00003dec    0000000c     MSPM0G_Library.lib : Timer_Timeout.o (.text.defaultTimerSingleTriggerCB)
                  00003df8    0000000c                        : I2C_Controller.o (.text.noActionController)
                  00003e04    0000000c                        : SPI_Interface.o (.text.noActionSPIInterface)
                  00003e10    0000000a     driverlib.a : dl_common.o (.text.DL_Common_delayCycles)
                  00003e1a    0000000a     command_function.o (.text.reset_mcu)
                  00003e24    00000008     libclang_rt.builtins.a : aeabi_memcpy.S.obj (.text.__aeabi_memcpy)
                  00003e2c    00000008     command_function.o (.text.reset_current_measurement)
                  00003e34    00000008     command_function.o (.text.turn_off_all)
                  00003e3c    00000004     startup_mspm0g110x_ticlang.o (.text.Default_Handler)
                  00003e40    00000004     startup_mspm0g110x_ticlang.o (.text.Reset_Handler)
                  00003e44    00000010     libc.a : boot_cortex_m.c.obj (.tramp._c_int00_noargs.1)
                  00003e54    00000004            : pre_init.c.obj (.text._system_pre_init)
                  00003e58    00000004            : exit.c.obj (.text:abort)
                  00003e5c    00000004     --HOLE-- [fill = 0]

.cinit     0    000040a8    00000040     
                  000040a8    00000018     (.cinit..data.load) [load image, compression = lzss]
                  000040c0    0000000c     (__TI_handler_table)
                  000040cc    00000008     (.cinit..bss.load) [load image, compression = zero_init]
                  000040d4    00000010     (__TI_cinit_table)
                  000040e4    00000004     --HOLE-- [fill = 0]

.rodata    0    00003e60    00000248     
                  00003e60    00000019     app.o (.rodata.str1.80324688444381020001)
                  00003e79    00000018     app.o (.rodata.str1.147366942764206254111)
                  00003e91    00000018     app.o (.rodata.str1.21849889636613714601)
                  00003ea9    00000018     app.o (.rodata.str1.61371923034458905691)
                  00003ec1    00000018     app.o (.rodata.str1.97381019797524027191)
                  00003ed9    00000017     app.o (.rodata.str1.112458129122677307381)
                  00003ef0    00000017     app.o (.rodata.str1.149615729164433715791)
                  00003f07    00000017     app.o (.rodata.str1.157211581842481736451)
                  00003f1e    00000017     app.o (.rodata.str1.180651896935739422851)
                  00003f35    00000017     app.o (.rodata.str1.59354850965935802921)
                  00003f4c    00000017     app.o (.rodata.str1.89171471831847724281)
                  00003f63    00000017     app.o (.rodata.str1.91024950347392736991)
                  00003f7a    00000016     app.o (.rodata.str1.181698742966647900341)
                  00003f90    00000016     app.o (.rodata.str1.91830950864718940761)
                  00003fa6    00000015     app.o (.rodata.str1.115467379878751397891)
                  00003fbb    00000015     app.o (.rodata.str1.35400907796042165521)
                  00003fd0    00000015     app.o (.rodata.str1.9803400861254684601)
                  00003fe5    00000003     ti_msp_dl_config.o (.rodata.gTIMER_0ClockConfig)
                  00003fe8    00000014     ti_msp_dl_config.o (.rodata.gTIMER_0TimerConfig)
                  00003ffc    00000014     ti_msp_dl_config.o (.rodata.gTIMER_2TimerConfig)
                  00004010    00000011     app.o (.rodata.str1.120923545808373986691)
                  00004021    00000011     app.o (.rodata.str1.169018093591132782251)
                  00004032    00000011     app.o (.rodata.str1.23565378285222219201)
                  00004043    00000011     command_function.o (.rodata.str1.37878251672306965531)
                  00004054    00000011     app.o (.rodata.str1.62060578946142115471)
                  00004065    0000000f     app.o (.rodata.str1.51777625432436005601)
                  00004074    0000000e     app.o (.rodata.str1.167043980239712816831)
                  00004082    0000000a     ti_msp_dl_config.o (.rodata.gSPI_0_config)
                  0000408c    0000000a     ti_msp_dl_config.o (.rodata.gUART_0Config)
                  00004096    00000006     app.o (.rodata.str1.160232246398851686891)
                  0000409c    00000003     ti_msp_dl_config.o (.rodata.gTIMER_2ClockConfig)
                  0000409f    00000003     app.o (.rodata.str1.144966739553529159871)
                  000040a2    00000002     ti_msp_dl_config.o (.rodata.gI2C_0ClockConfig)
                  000040a4    00000002     ti_msp_dl_config.o (.rodata.gSPI_0_clockConfig)
                  000040a6    00000002     ti_msp_dl_config.o (.rodata.gUART_0ClockConfig)

.init_array 
*          0    00000000    00000000     UNINITIALIZED

.binit     0    00000000    00000000     

.bss       0    20200000    000015eb     UNINITIALIZED
                  20200000    00001364     (.common:USB_DATA)
                  20201364    000000bc     (.common:gTIMER_0Backup)
                  20201420    00000078     (.common:gTIMER_2Backup)
                  20201498    00000048     (.common:glUartTarget)
                  202014e0    00000034     (.common:USB_UART)
                  20201514    00000028     (.common:gSPI_0Backup)
                  2020153c    00000024     (.common:USB_Timeout)
                  20201560    00000024     (.common:spi_adc)
                  20201584    00000020     (.common:I2C_MCU)
                  202015a4    00000020     (.common:delay)
                  202015c4    00000010     i2c_common.o (.bss.tx_buffer)
                  202015d4    00000010     i2c_common.o (.bss.verify_data)
                  202015e4    00000004     (.common:executing_command)
                  202015e8    00000003     (.common:glUartTargetIndexFromTimerIndex)

.data      0    202015ec    00000014     UNINITIALIZED
                  202015ec    00000010     usb.o (.data.process_usb_command.err_response)
                  202015fc    00000004     command_function.o (.data.return_data)

.stack     0    20207e00    00000200     UNINITIALIZED
                  20207e00    00000004     libc.a : boot_cortex_m.c.obj (.stack)
                  20207e04    000001fc     --HOLE--

__llvm_prf_cnts 
*          0    20200000    00000000     UNINITIALIZED

__llvm_prf_bits 
*          0    20200000    00000000     UNINITIALIZED

MODULE SUMMARY

       Module                         code    ro data   rw data
       ------                         ----    -------   -------
    .\
       adc_spi.o                      224     0         5156   
       ti_msp_dl_config.o             2352    72        348    
       command_function.o             1786    17        4      
       mux.o                          1428    0         0      
       app.o                          708     495       0      
       usb.o                          838     0         16     
       i2c_common.o                   704     0         32     
       delay_timer.o                  632     0         0      
       switch.o                       284     0         0      
       startup_mspm0g110x_ticlang.o   8       192       0      
       main.o                         32      0         0      
       i2c.o                          24      0         0      
    +--+------------------------------+-------+---------+---------+
       Total:                         9020    776       5556   
                                                               
    C:/ti/mspm0_sdk_2_00_00_03/source/ti/driverlib/lib/ticlang/m0p/mspm0g1x0x_g3x0x/driverlib.a
       dl_timer.o                     260     0         0      
       dl_uart.o                      258     0         0      
       dl_i2c.o                       192     0         0      
       dl_spi.o                       170     0         0      
       dl_common.o                    10      0         0      
    +--+------------------------------+-------+---------+---------+
       Total:                         890     0         0      
                                                               
    C:\ti\ccstheia151\ccs\tools\compiler\ti-cgt-armllvm_4.0.0.LTS\lib\armv6m-ti-none-eabi/c/libc.a
       copy_decompress_lzss.c.obj     124     0         0      
       autoinit.c.obj                 60      0         0      
       boot_cortex_m.c.obj            56      0         0      
       memcmp.c.obj                   32      0         0      
       copy_decompress_none.c.obj     18      0         0      
       memcpy16.S.obj                 18      0         0      
       copy_zero_init.c.obj           16      0         0      
       memset16.S.obj                 14      0         0      
       strlen.c.obj                   14      0         0      
       exit.c.obj                     4       0         0      
       pre_init.c.obj                 4       0         0      
    +--+------------------------------+-------+---------+---------+
       Total:                         360     0         0      
                                                               
    C:\ti\ccstheia151\ccs\tools\compiler\ti-cgt-armllvm_4.0.0.LTS\lib\armv6m-ti-none-eabi/libclang_rt.builtins.a
       aeabi_uidivmod.S.obj           64      0         0      
       aeabi_memset.S.obj             12      0         0      
       aeabi_memcpy.S.obj             8       0         0      
       aeabi_div0.c.obj               2       0         0      
    +--+------------------------------+-------+---------+---------+
       Total:                         86      0         0      
                                                               
    D:/Cardinal_Github/MSPM0G_Library/Debug/MSPM0G_Library.lib
       UART_Interface.o               2154    0         0      
       I2C_Controller.o               1148    0         0      
       Timer_Timeout.o                826     0         0      
       UART_Target.o                  672     0         75     
       SPI_Interface.o                592     0         0      
    +--+------------------------------+-------+---------+---------+
       Total:                         5392    0         75     
                                                               
       Stack:                         0       0         512    
       Linker Generated:              0       60        0      
    +--+------------------------------+-------+---------+---------+
       Grand Total:                   15748   836       6143   


LINKER GENERATED COPY TABLES

__TI_cinit_table @ 000040d4 records: 2, size/record: 8, table size: 16
	.data: load addr=000040a8, load size=00000018 bytes, run addr=202015ec, run size=00000014 bytes, compression=lzss
	.bss: load addr=000040cc, load size=00000008 bytes, run addr=20200000, run size=000015eb bytes, compression=zero_init


LINKER GENERATED HANDLER TABLE

__TI_handler_table @ 000040c0 records: 3, size/record: 4, table size: 12
	index: 0, handler: __TI_decompress_lzss
	index: 1, handler: __TI_decompress_none
	index: 2, handler: __TI_zero_init


FAR CALL TRAMPOLINES

callee name               trampoline name
   callee addr  tramp addr   call addr  call info
--------------  -----------  ---------  ----------------
_c_int00_noargs           $Tramp$TT$L$PI$$_c_int00_noargs
   00003219     00003e44     00003e40   startup_mspm0g110x_ticlang.o (.text.Reset_Handler)

[1 trampolines]
[1 trampoline calls]


GLOBAL SYMBOLS: SORTED ALPHABETICALLY BY Name 

address   name                                    
-------   ----                                    
00003e3d  ADC0_IRQHandler                         
00001295  ADC122S625_Read                         
00003e3d  ADC1_IRQHandler                         
00003e58  C$$EXIT                                 
00003e11  DL_Common_delayCycles                   
00001f85  DL_I2C_fillControllerTXFIFO             
00002739  DL_I2C_flushTargetTXFIFO                
000032b3  DL_I2C_setClockConfig                   
00002095  DL_SPI_drainRXFIFO16                    
0000256d  DL_SPI_init                             
00003c41  DL_SPI_setClockConfig                   
00000d45  DL_Timer_initTimerMode                  
000035dd  DL_Timer_setClockConfig                 
000020e9  DL_UART_drainRXFIFO                     
0000213d  DL_UART_fillTXFIFO                      
000023bd  DL_UART_init                            
00003c9b  DL_UART_setClockConfig                  
00003e3d  DMA_IRQHandler                          
00003e3d  Default_Handler                         
00003325  Delay_Timer_Get                         
00003349  Delay_Timer_IRQ                         
00000c51  Delay_Timer_Initialize                  
00002c87  Delay_Timer_Start                       
00003e3d  GROUP0_IRQHandler                       
00003e3d  GROUP1_IRQHandler                       
00003e3d  HardFault_Handler                       
00003e3d  I2C0_IRQHandler                         
00003cf5  I2C1_IRQHandler                         
00000b51  I2C_Controller_IRQ                      
00001331  I2C_Controller_Initialize               
00002525  I2C_Controller_Start_Receive            
00001a2d  I2C_Controller_Start_Transmit           
00003d05  I2C_Controller_Transaction_Done         
20201584  I2C_MCU                                 
00001be9  MUX1_init                               
000015f1  MUX2_init                               
00001c55  MUX3_init                               
0000166d  MUX4_init                               
00003e3d  NMI_Handler                             
00003e3d  PendSV_Handler                          
00003e3d  RTC_IRQHandler                          
00003e41  Reset_Handler                           
00003d15  SPI0_IRQHandler                         
00003e3d  SPI1_IRQHandler                         
0000109d  SPI_IRQ                                 
000014e5  SPI_Initialize                          
000018cd  SPI_Transact                            
00003e3d  SVC_Handler                             
000007e1  SYSCFG_DL_GPIO_init                     
00001e65  SYSCFG_DL_I2C_0_init                    
00002405  SYSCFG_DL_SPI_0_init                    
00002ef1  SYSCFG_DL_SYSCTL_init                   
00002975  SYSCFG_DL_TIMER_0_init                  
000029a9  SYSCFG_DL_TIMER_2_init                  
00001ec5  SYSCFG_DL_UART_0_init                   
000025b1  SYSCFG_DL_init                          
00001459  SYSCFG_DL_initPower                     
00003e3d  SysTick_Handler                         
00003d25  TIMA0_IRQHandler                        
00003e3d  TIMA1_IRQHandler                        
00003e3d  TIMG0_IRQHandler                        
00003e3d  TIMG12_IRQHandler                       
00003e3d  TIMG6_IRQHandler                        
00003d35  TIMG7_IRQHandler                        
00003e3d  TIMG8_IRQHandler                        
00003cbf  TI_memcpy_small                         
00003dd3  TI_memset_small                         
00002f1b  Timer_Timeout_IRQ                       
00000a51  Timer_Timeout_Inialize                  
000028d5  Timer_Timeout_Start                     
00001fe3  Timer_Timeout_Time_Set                  
00002f45  Timer_Timeout_reStart                   
00003d45  UART0_IRQHandler                        
00003e3d  UART1_IRQHandler                        
00003e3d  UART2_IRQHandler                        
00003e3d  UART3_IRQHandler                        
0000030d  UART_Interface_IRQ                      
000004ed  UART_Interface_Initialize               
000011f3  UART_Interface_Start_Receive            
0000114f  UART_Interface_Start_Transmit           
0000290b  UART_Interface_Stop_Receive             
00001e01  UART_Target_AssignCallBacks             
00001a9d  UART_Target_Initialize                  
00002371  UART_Target_Receive                     
00002775  UART_Target_Transmit                    
00003615  UART_Target_getState                    
00001765  UART_rxDMA_Initialize                   
00001943  UART_txDMA_Initialize                   
20200000  USB_DATA                                
2020153c  USB_Timeout                             
202014e0  USB_UART                                
20208000  __STACK_END                             
00000200  __STACK_SIZE                            
00000000  __TI_ATRegion0_region_sz                
00000000  __TI_ATRegion0_src_addr                 
00000000  __TI_ATRegion0_trg_addr                 
00000000  __TI_ATRegion1_region_sz                
00000000  __TI_ATRegion1_src_addr                 
00000000  __TI_ATRegion1_trg_addr                 
00000000  __TI_ATRegion2_region_sz                
00000000  __TI_ATRegion2_src_addr                 
00000000  __TI_ATRegion2_trg_addr                 
000040d4  __TI_CINIT_Base                         
000040e4  __TI_CINIT_Limit                        
000040e4  __TI_CINIT_Warm                         
000040c0  __TI_Handler_Table_Base                 
000040cc  __TI_Handler_Table_Limit                
00002829  __TI_auto_init_nobinit_nopinit          
000016e9  __TI_decompress_lzss                    
00003cd1  __TI_decompress_none                    
ffffffff  __TI_pprof_out_hndl                     
ffffffff  __TI_prof_data_size                     
ffffffff  __TI_prof_data_start                    
00000000  __TI_static_base__                      
00003db5  __TI_zero_init                          
000004eb  __aeabi_idiv0                           
00003de1  __aeabi_memclr                          
00003de1  __aeabi_memclr4                         
00003de1  __aeabi_memclr8                         
00003e25  __aeabi_memcpy                          
00003e25  __aeabi_memcpy4                         
00003e25  __aeabi_memcpy8                         
0000267d  __aeabi_uidiv                           
0000267d  __aeabi_uidivmod                        
ffffffff  __binit__                               
UNDEFED   __mpu_init                              
20207e00  __stack                                 
20200000  __start___llvm_prf_bits                 
20200000  __start___llvm_prf_cnts                 
20200000  __stop___llvm_prf_bits                  
20200000  __stop___llvm_prf_cnts                  
00003219  _c_int00_noargs                         
UNDEFED   _system_post_cinit                      
00003e55  _system_pre_init                        
00003e59  abort                                   
000031a1  app_init                                
000039ad  battery_voltage_check_site_0            
ffffffff  binit                                   
000000c1  cmd_data_setup                          
00003ded  defaultTimerSingleTriggerCB             
00003d65  defaultUartCallBack                     
00003d75  defaultUartInprogressCallback           
202015a4  delay                                   
202015e4  executing_command                       
20201514  gSPI_0Backup                            
20201364  gTIMER_0Backup                          
20201420  gTIMER_2Backup                          
0000203d  getControllerStatus                     
20201498  glUartTarget                            
202015e8  glUartTargetIndexFromTimerIndex         
00000669  i2c_common                              
000039c5  i2c_init                                
00000000  interruptVectors                        
000032d9  io_expander_config                      
00002b69  ldo_power_off_site_0                    
00002235  ldo_power_on_site_0                     
00002285  ldo_power_on_site_1                     
000039dd  led_init                                
000039f5  led_status_voltage_0_0_site_0           
00003a0d  led_status_voltage_0_1_site_0           
00003a25  led_status_voltage_1_0_site_0           
00003a3d  led_status_voltage_1_site_0             
00003a55  led_status_voltage_2_0_site_0           
00003a6d  led_status_voltage_2_site_0             
00003a85  led_status_voltage_3_site_0             
00003631  led_timer_init                          
00003c09  led_turn_on                             
00003411  main                                    
00003431  memcmp                                  
00002b99  mux_disable_all                         
00002ec5  mux_init_all                            
00000e2d  mux_select                              
00003df9  noActionController                      
00003e05  noActionSPIInterface                    
000022d5  opamp_en                                
000025f5  power_supply_2v7_1_site_0               
0000244d  power_supply_2v7_2_site_0               
00002495  power_supply_3v3_1_site_0               
00002639  power_supply_3v3_2_site_0               
000026bd  power_supply_3v3_2_site_1               
0000156d  process_usb_command                     
00003e2d  reset_current_measurement               
00003cad  reset_i2c                               
00002bc9  reset_io_expander                       
00003e1b  reset_mcu                               
20201560  spi_adc                                 
00003a9d  spi_init                                
00003dc5  strlen                                  
00003d85  switch_0_off                            
00003ab5  switch_0_on                             
00003d95  switch_1_off                            
00003acd  switch_1_on                             
00003da5  switch_2_off                            
00003ae5  switch_2_on                             
000027b1  switch_off_select                       
000027ed  switch_on_select                        
00003b29  switch_voltage_default_site_0           
00002191  switch_voltage_press_site_0             
00002bf9  targetRxDoneCb                          
00001cc1  targetRxInProgressCb                    
00002c29  targetTxDoneCb                          
000031f1  targetTxInProgressCb                    
00002a11  timerCallback                           
00003e35  turn_off_all                            
00000f01  usb_cmd_data_setup                      
0000094d  usb_fsm                                 
00001f25  usb_init                                
000013c9  validate_usb_rx_data                    
0000336d  voltage_current_measurement_reset_site_0
000024dd  voltage_current_measurement_site_on     
00001d2d  voltage_current_measurement_site_on_1   
00002f6f  waitForControllerToIdle                 


GLOBAL SYMBOLS: SORTED BY Symbol Address 

address   name                                    
-------   ----                                    
00000000  __TI_ATRegion0_region_sz                
00000000  __TI_ATRegion0_src_addr                 
00000000  __TI_ATRegion0_trg_addr                 
00000000  __TI_ATRegion1_region_sz                
00000000  __TI_ATRegion1_src_addr                 
00000000  __TI_ATRegion1_trg_addr                 
00000000  __TI_ATRegion2_region_sz                
00000000  __TI_ATRegion2_src_addr                 
00000000  __TI_ATRegion2_trg_addr                 
00000000  __TI_static_base__                      
00000000  interruptVectors                        
000000c1  cmd_data_setup                          
00000200  __STACK_SIZE                            
0000030d  UART_Interface_IRQ                      
000004eb  __aeabi_idiv0                           
000004ed  UART_Interface_Initialize               
00000669  i2c_common                              
000007e1  SYSCFG_DL_GPIO_init                     
0000094d  usb_fsm                                 
00000a51  Timer_Timeout_Inialize                  
00000b51  I2C_Controller_IRQ                      
00000c51  Delay_Timer_Initialize                  
00000d45  DL_Timer_initTimerMode                  
00000e2d  mux_select                              
00000f01  usb_cmd_data_setup                      
0000109d  SPI_IRQ                                 
0000114f  UART_Interface_Start_Transmit           
000011f3  UART_Interface_Start_Receive            
00001295  ADC122S625_Read                         
00001331  I2C_Controller_Initialize               
000013c9  validate_usb_rx_data                    
00001459  SYSCFG_DL_initPower                     
000014e5  SPI_Initialize                          
0000156d  process_usb_command                     
000015f1  MUX2_init                               
0000166d  MUX4_init                               
000016e9  __TI_decompress_lzss                    
00001765  UART_rxDMA_Initialize                   
000018cd  SPI_Transact                            
00001943  UART_txDMA_Initialize                   
00001a2d  I2C_Controller_Start_Transmit           
00001a9d  UART_Target_Initialize                  
00001be9  MUX1_init                               
00001c55  MUX3_init                               
00001cc1  targetRxInProgressCb                    
00001d2d  voltage_current_measurement_site_on_1   
00001e01  UART_Target_AssignCallBacks             
00001e65  SYSCFG_DL_I2C_0_init                    
00001ec5  SYSCFG_DL_UART_0_init                   
00001f25  usb_init                                
00001f85  DL_I2C_fillControllerTXFIFO             
00001fe3  Timer_Timeout_Time_Set                  
0000203d  getControllerStatus                     
00002095  DL_SPI_drainRXFIFO16                    
000020e9  DL_UART_drainRXFIFO                     
0000213d  DL_UART_fillTXFIFO                      
00002191  switch_voltage_press_site_0             
00002235  ldo_power_on_site_0                     
00002285  ldo_power_on_site_1                     
000022d5  opamp_en                                
00002371  UART_Target_Receive                     
000023bd  DL_UART_init                            
00002405  SYSCFG_DL_SPI_0_init                    
0000244d  power_supply_2v7_2_site_0               
00002495  power_supply_3v3_1_site_0               
000024dd  voltage_current_measurement_site_on     
00002525  I2C_Controller_Start_Receive            
0000256d  DL_SPI_init                             
000025b1  SYSCFG_DL_init                          
000025f5  power_supply_2v7_1_site_0               
00002639  power_supply_3v3_2_site_0               
0000267d  __aeabi_uidiv                           
0000267d  __aeabi_uidivmod                        
000026bd  power_supply_3v3_2_site_1               
00002739  DL_I2C_flushTargetTXFIFO                
00002775  UART_Target_Transmit                    
000027b1  switch_off_select                       
000027ed  switch_on_select                        
00002829  __TI_auto_init_nobinit_nopinit          
000028d5  Timer_Timeout_Start                     
0000290b  UART_Interface_Stop_Receive             
00002975  SYSCFG_DL_TIMER_0_init                  
000029a9  SYSCFG_DL_TIMER_2_init                  
00002a11  timerCallback                           
00002b69  ldo_power_off_site_0                    
00002b99  mux_disable_all                         
00002bc9  reset_io_expander                       
00002bf9  targetRxDoneCb                          
00002c29  targetTxDoneCb                          
00002c87  Delay_Timer_Start                       
00002ec5  mux_init_all                            
00002ef1  SYSCFG_DL_SYSCTL_init                   
00002f1b  Timer_Timeout_IRQ                       
00002f45  Timer_Timeout_reStart                   
00002f6f  waitForControllerToIdle                 
000031a1  app_init                                
000031f1  targetTxInProgressCb                    
00003219  _c_int00_noargs                         
000032b3  DL_I2C_setClockConfig                   
000032d9  io_expander_config                      
00003325  Delay_Timer_Get                         
00003349  Delay_Timer_IRQ                         
0000336d  voltage_current_measurement_reset_site_0
00003411  main                                    
00003431  memcmp                                  
000035dd  DL_Timer_setClockConfig                 
00003615  UART_Target_getState                    
00003631  led_timer_init                          
000039ad  battery_voltage_check_site_0            
000039c5  i2c_init                                
000039dd  led_init                                
000039f5  led_status_voltage_0_0_site_0           
00003a0d  led_status_voltage_0_1_site_0           
00003a25  led_status_voltage_1_0_site_0           
00003a3d  led_status_voltage_1_site_0             
00003a55  led_status_voltage_2_0_site_0           
00003a6d  led_status_voltage_2_site_0             
00003a85  led_status_voltage_3_site_0             
00003a9d  spi_init                                
00003ab5  switch_0_on                             
00003acd  switch_1_on                             
00003ae5  switch_2_on                             
00003b29  switch_voltage_default_site_0           
00003c09  led_turn_on                             
00003c41  DL_SPI_setClockConfig                   
00003c9b  DL_UART_setClockConfig                  
00003cad  reset_i2c                               
00003cbf  TI_memcpy_small                         
00003cd1  __TI_decompress_none                    
00003cf5  I2C1_IRQHandler                         
00003d05  I2C_Controller_Transaction_Done         
00003d15  SPI0_IRQHandler                         
00003d25  TIMA0_IRQHandler                        
00003d35  TIMG7_IRQHandler                        
00003d45  UART0_IRQHandler                        
00003d65  defaultUartCallBack                     
00003d75  defaultUartInprogressCallback           
00003d85  switch_0_off                            
00003d95  switch_1_off                            
00003da5  switch_2_off                            
00003db5  __TI_zero_init                          
00003dc5  strlen                                  
00003dd3  TI_memset_small                         
00003de1  __aeabi_memclr                          
00003de1  __aeabi_memclr4                         
00003de1  __aeabi_memclr8                         
00003ded  defaultTimerSingleTriggerCB             
00003df9  noActionController                      
00003e05  noActionSPIInterface                    
00003e11  DL_Common_delayCycles                   
00003e1b  reset_mcu                               
00003e25  __aeabi_memcpy                          
00003e25  __aeabi_memcpy4                         
00003e25  __aeabi_memcpy8                         
00003e2d  reset_current_measurement               
00003e35  turn_off_all                            
00003e3d  ADC0_IRQHandler                         
00003e3d  ADC1_IRQHandler                         
00003e3d  DMA_IRQHandler                          
00003e3d  Default_Handler                         
00003e3d  GROUP0_IRQHandler                       
00003e3d  GROUP1_IRQHandler                       
00003e3d  HardFault_Handler                       
00003e3d  I2C0_IRQHandler                         
00003e3d  NMI_Handler                             
00003e3d  PendSV_Handler                          
00003e3d  RTC_IRQHandler                          
00003e3d  SPI1_IRQHandler                         
00003e3d  SVC_Handler                             
00003e3d  SysTick_Handler                         
00003e3d  TIMA1_IRQHandler                        
00003e3d  TIMG0_IRQHandler                        
00003e3d  TIMG12_IRQHandler                       
00003e3d  TIMG6_IRQHandler                        
00003e3d  TIMG8_IRQHandler                        
00003e3d  UART1_IRQHandler                        
00003e3d  UART2_IRQHandler                        
00003e3d  UART3_IRQHandler                        
00003e41  Reset_Handler                           
00003e55  _system_pre_init                        
00003e58  C$$EXIT                                 
00003e59  abort                                   
000040c0  __TI_Handler_Table_Base                 
000040cc  __TI_Handler_Table_Limit                
000040d4  __TI_CINIT_Base                         
000040e4  __TI_CINIT_Limit                        
000040e4  __TI_CINIT_Warm                         
20200000  USB_DATA                                
20200000  __start___llvm_prf_bits                 
20200000  __start___llvm_prf_cnts                 
20200000  __stop___llvm_prf_bits                  
20200000  __stop___llvm_prf_cnts                  
20201364  gTIMER_0Backup                          
20201420  gTIMER_2Backup                          
20201498  glUartTarget                            
202014e0  USB_UART                                
20201514  gSPI_0Backup                            
2020153c  USB_Timeout                             
20201560  spi_adc                                 
20201584  I2C_MCU                                 
202015a4  delay                                   
202015e4  executing_command                       
202015e8  glUartTargetIndexFromTimerIndex         
20207e00  __stack                                 
20208000  __STACK_END                             
ffffffff  __TI_pprof_out_hndl                     
ffffffff  __TI_prof_data_size                     
ffffffff  __TI_prof_data_start                    
ffffffff  __binit__                               
ffffffff  binit                                   
UNDEFED   __mpu_init                              
UNDEFED   _system_post_cinit                      

[212 symbols]
