******************************************************************************
            TI ARM Clang Linker PC v4.0.0                      
******************************************************************************
>> Linked Mon Jun 15 23:05:48 2026

OUTPUT FILE NAME:   <Cardinal.out>
ENTRY POINT SYMBOL: "_c_int00_noargs"  address: 000030e9


MEMORY CONFIGURATION

         name            origin    length      used     unused   attr    fill
----------------------  --------  ---------  --------  --------  ----  --------
  FLASH                 00000000   00020000  00004070  0001bf90  R  X
  SRAM                  20200000   00008000  000016a7  00006959  RW X
  BCR_CONFIG            41c00000   00000080  00000000  00000080  R   
  BSL_CONFIG            41c00100   00000080  00000000  00000080  R   


SEGMENT ALLOCATION MAP

run origin  load origin   length   init length attrs members
----------  ----------- ---------- ----------- ----- -------
00000000    00000000    00004070   00004070    r-x
  00000000    00000000    000000c0   000000c0    r-- .intvecs
  000000c0    000000c0    00003d50   00003d50    r-x .text
  00003e10    00003e10    00000220   00000220    r-- .rodata
  00004030    00004030    00000040   00000040    r-- .cinit
20200000    20200000    000014a8   00000000    rw-
  20200000    20200000    00001493   00000000    rw- .bss
  20201494    20201494    00000014   00000000    rw- .data
20207e00    20207e00    00000200   00000000    rw-
  20207e00    20207e00    00000200   00000000    rw- .stack


SECTION ALLOCATION MAP

 output                                  attributes/
section   page    origin      length       input sections
--------  ----  ----------  ----------   ----------------
.intvecs   0    00000000    000000c0     
                  00000000    000000c0     startup_mspm0g110x_ticlang.o (.intvecs)

.text      0    000000c0    00003d50     
                  000000c0    0000021c     app.o (.text.cmd_data_setup)
                  000002dc    000001de     MSPM0G_Library.lib : UART_Interface.o (.text.UART_Interface_IRQ)
                  000004ba    00000002     libclang_rt.builtins.a : aeabi_div0.c.obj (.text.__aeabi_idiv0)
                  000004bc    0000018c     ti_msp_dl_config.o (.text.SYSCFG_DL_GPIO_init)
                  00000648    0000017c     MSPM0G_Library.lib : UART_Interface.o (.text.UART_Interface_Initialize)
                  000007c4    00000164     i2c_common.o (.text.i2c_common)
                  00000928    00000104     usb.o (.text.usb_fsm)
                  00000a2c    00000100     MSPM0G_Library.lib : Timer_Timeout.o (.text.Timer_Timeout_Inialize)
                  00000b2c    000000fe                        : I2C_Controller.o (.text.I2C_Controller_IRQ)
                  00000c2a    00000002     --HOLE-- [fill = 0]
                  00000c2c    000000e8     driverlib.a : dl_timer.o (.text.DL_Timer_initTimerMode)
                  00000d14    000000d4     mux.o (.text.mux_select)
                  00000de8    000000ce     usb.o (.text.usb_cmd_data_setup)
                  00000eb6    00000002     --HOLE-- [fill = 0]
                  00000eb8    000000cc     command_function.o (.text.read_mux_adc)
                  00000f84    000000b2     MSPM0G_Library.lib : SPI_Interface.o (.text.SPI_IRQ)
                  00001036    00000002     --HOLE-- [fill = 0]
                  00001038    000000ac     delay_timer.o (.text.Delay_Timer_Initialize)
                  000010e4    000000a4     MSPM0G_Library.lib : UART_Interface.o (.text.UART_Interface_Start_Transmit)
                  00001188    000000a0     ti_msp_dl_config.o (.text.SYSCFG_DL_initPower)
                  00001228    000000a0     MSPM0G_Library.lib : UART_Interface.o (.text.UART_Interface_Start_Receive)
                  000012c8    0000009c     adc_spi.o (.text.ADC122S625_Read)
                  00001364    00000098     MSPM0G_Library.lib : I2C_Controller.o (.text.I2C_Controller_Initialize)
                  000013fc    00000090     usb.o (.text.validate_usb_rx_data)
                  0000148c    00000088     MSPM0G_Library.lib : SPI_Interface.o (.text.SPI_Initialize)
                  00001514    00000084     usb.o (.text.process_usb_command)
                  00001598    0000007c     mux.o (.text.MUX2_init)
                  00001614    0000007c     mux.o (.text.MUX4_init)
                  00001690    0000007c     libc.a : copy_decompress_lzss.c.obj (.text:decompress:lzss)
                  0000170c    00000078     MSPM0G_Library.lib : UART_Interface.o (.text.UART_rxDMA_Initialize)
                  00001784    00000078     mux.o (.text.mux2_set_select)
                  000017fc    00000078     mux.o (.text.mux4_set_select)
                  00001874    00000076     MSPM0G_Library.lib : SPI_Interface.o (.text.SPI_Transact)
                  000018ea    00000074                        : UART_Interface.o (.text.UART_txDMA_Initialize)
                  0000195e    00000002     --HOLE-- [fill = 0]
                  00001960    00000074     mux.o (.text.mux1_set_select)
                  000019d4    00000070     MSPM0G_Library.lib : I2C_Controller.o (.text.I2C_Controller_Start_Transmit)
                  00001a44    00000070                        : UART_Target.o (.text.UART_Target_Initialize)
                  00001ab4    00000070     mux.o (.text.mux3_set_select)
                  00001b24    0000006c     i2c_common.o (.text.I2C_Wait_With_Timeout)
                  00001b90    0000006c     mux.o (.text.MUX1_init)
                  00001bfc    0000006c     mux.o (.text.MUX3_init)
                  00001c68    0000006c     MSPM0G_Library.lib : UART_Target.o (.text.targetRxInProgressCb)
                  00001cd4    00000068     command_function.o (.text.send_u32_hex)
                  00001d3c    00000064     MSPM0G_Library.lib : UART_Target.o (.text.UART_Target_AssignCallBacks)
                  00001da0    00000060     ti_msp_dl_config.o (.text.SYSCFG_DL_I2C_0_init)
                  00001e00    00000060     ti_msp_dl_config.o (.text.SYSCFG_DL_UART_0_init)
                  00001e60    00000060     usb.o (.text.usb_init)
                  00001ec0    0000005e     driverlib.a : dl_i2c.o (.text.DL_I2C_fillControllerTXFIFO)
                  00001f1e    0000005a     MSPM0G_Library.lib : Timer_Timeout.o (.text.Timer_Timeout_Time_Set)
                  00001f78    00000058                        : I2C_Controller.o (.text.getControllerStatus)
                  00001fd0    00000054     driverlib.a : dl_spi.o (.text.DL_SPI_drainRXFIFO16)
                  00002024    00000054                 : dl_uart.o (.text.DL_UART_drainRXFIFO)
                  00002078    00000054                 : dl_uart.o (.text.DL_UART_fillTXFIFO)
                  000020cc    00000054     command_function.o (.text.switch_voltage_press_site_0)
                  00002120    00000050     MSPM0G_Library.lib : I2C_Controller.o (.text.DL_I2C_startControllerTransfer)
                  00002170    00000050     command_function.o (.text.ldo_power_on_site_0)
                  000021c0    00000050     command_function.o (.text.opamp_en)
                  00002210    00000050     command_function.o (.text.power_supply_2v7_2_site_0)
                  00002260    00000050     command_function.o (.text.voltage_current_measurement_site_on)
                  000022b0    0000004c     ti_msp_dl_config.o (.text.DL_UART_setBaudRateDivisor)
                  000022fc    0000004c     MSPM0G_Library.lib : UART_Target.o (.text.UART_Target_Receive)
                  00002348    0000004c     command_function.o (.text.power_supply_3v3_2_site_0)
                  00002394    0000004a     ti_msp_dl_config.o (.text.DL_WWDT_initWatchdogMode)
                  000023de    00000002     --HOLE-- [fill = 0]
                  000023e0    00000048     driverlib.a : dl_uart.o (.text.DL_UART_init)
                  00002428    00000048     ti_msp_dl_config.o (.text.SYSCFG_DL_SPI_0_init)
                  00002470    00000046     MSPM0G_Library.lib : I2C_Controller.o (.text.I2C_Controller_Start_Receive)
                  000024b6    00000002     --HOLE-- [fill = 0]
                  000024b8    00000044     driverlib.a : dl_spi.o (.text.DL_SPI_init)
                  000024fc    00000040     libclang_rt.builtins.a : aeabi_uidivmod.S.obj (.text.__aeabi_uidivmod)
                  0000253c    00000040     command_function.o (.text.power_supply_2v7_1_site_0)
                  0000257c    00000040     command_function.o (.text.power_supply_3v3_1_site_0)
                  000025bc    0000003c     ti_msp_dl_config.o (.text.DL_GPIO_initPeripheralInputFunctionFeatures)
                  000025f8    0000003c     driverlib.a : dl_i2c.o (.text.DL_I2C_flushTargetTXFIFO)
                  00002634    0000003c     MSPM0G_Library.lib : UART_Target.o (.text.UART_Target_Transmit)
                  00002670    0000003c     switch.o (.text.switch_off_select)
                  000026ac    0000003c     switch.o (.text.switch_on_select)
                  000026e8    0000003c     libc.a : autoinit.c.obj (.text:__TI_auto_init_nobinit_nopinit)
                  00002724    0000003a     delay_timer.o (.text.Delay_Timer_Get)
                  0000275e    0000003a     command_function.o (.text.led_status_voltage_2_0_site_0)
                  00002798    00000038     MSPM0G_Library.lib : UART_Interface.o (.text.DL_DMA_setTrigger)
                  000027d0    00000036                        : Timer_Timeout.o (.text.Timer_Timeout_Start)
                  00002806    00000036                        : UART_Interface.o (.text.UART_Interface_Stop_Receive)
                  0000283c    00000034                        : UART_Interface.o (.text.DL_DMA_configMode)
                  00002870    00000034     ti_msp_dl_config.o (.text.SYSCFG_DL_TIMER_0_init)
                  000028a4    00000034     ti_msp_dl_config.o (.text.SYSCFG_DL_TIMER_2_init)
                  000028d8    00000034     command_function.o (.text.reset_io_expander)
                  0000290c    00000034     MSPM0G_Library.lib : UART_Target.o (.text.timerCallback)
                  00002940    00000032                        : UART_Interface.o (.text.DL_DMA_setDestWidth)
                  00002972    00000030                        : UART_Interface.o (.text.DL_DMA_setDestIncrement)
                  000029a2    00000030                        : UART_Interface.o (.text.DL_DMA_setSrcWidth)
                  000029d2    00000002     --HOLE-- [fill = 0]
                  000029d4    00000030                        : UART_Interface.o (.text.DL_DMA_setTransferSize)
                  00002a04    00000030     mux.o (.text.DL_GPIO_writePinsVal)
                  00002a34    00000030     ti_msp_dl_config.o (.text.DL_SPI_setFIFOThreshold)
                  00002a64    00000030     command_function.o (.text.ldo_power_off_site_0)
                  00002a94    00000030     main.o (.text.main)
                  00002ac4    00000030     mux.o (.text.mux_disable_all)
                  00002af4    00000030     MSPM0G_Library.lib : UART_Target.o (.text.targetRxDoneCb)
                  00002b24    00000030                        : UART_Target.o (.text.targetTxDoneCb)
                  00002b54    0000002e                        : UART_Interface.o (.text.DL_DMA_setSrcIncrement)
                  00002b82    00000002     --HOLE-- [fill = 0]
                  00002b84    0000002c     ti_msp_dl_config.o (.text.SYSCFG_DL_WWDT0_init)
                  00002bb0    0000002c     MSPM0G_Library.lib : I2C_Controller.o (.text.__NVIC_ClearPendingIRQ)
                  00002bdc    0000002c                        : SPI_Interface.o (.text.__NVIC_ClearPendingIRQ)
                  00002c08    0000002c                        : Timer_Timeout.o (.text.__NVIC_ClearPendingIRQ)
                  00002c34    0000002c                        : UART_Interface.o (.text.__NVIC_ClearPendingIRQ)
                  00002c60    0000002c     delay_timer.o (.text.__NVIC_ClearPendingIRQ)
                  00002c8c    0000002c     MSPM0G_Library.lib : I2C_Controller.o (.text.__NVIC_EnableIRQ)
                  00002cb8    0000002c                        : SPI_Interface.o (.text.__NVIC_EnableIRQ)
                  00002ce4    0000002c                        : Timer_Timeout.o (.text.__NVIC_EnableIRQ)
                  00002d10    0000002c                        : UART_Interface.o (.text.__NVIC_EnableIRQ)
                  00002d3c    0000002c     delay_timer.o (.text.__NVIC_EnableIRQ)
                  00002d68    0000002c     app.o (.text.app_init)
                  00002d94    0000002c     mux.o (.text.mux_init_all)
                  00002dc0    0000002a     ti_msp_dl_config.o (.text.SYSCFG_DL_SYSCTL_init)
                  00002dea    0000002a     MSPM0G_Library.lib : Timer_Timeout.o (.text.Timer_Timeout_IRQ)
                  00002e14    0000002a                        : Timer_Timeout.o (.text.Timer_Timeout_reStart)
                  00002e3e    0000002a                        : I2C_Controller.o (.text.waitForControllerToIdle)
                  00002e68    00000028                        : I2C_Controller.o (.text.DL_Common_updateReg)
                  00002e90    00000028                        : Timer_Timeout.o (.text.DL_Common_updateReg)
                  00002eb8    00000028                        : UART_Interface.o (.text.DL_Common_updateReg)
                  00002ee0    00000028     ti_msp_dl_config.o (.text.DL_Common_updateReg)
                  00002f08    00000028     MSPM0G_Library.lib : UART_Interface.o (.text.DL_DMA_setDestAddr)
                  00002f30    00000028                        : UART_Interface.o (.text.DL_DMA_setSrcAddr)
                  00002f58    00000028                        : I2C_Controller.o (.text.DL_I2C_setControllerRXFIFOThreshold)
                  00002f80    00000028     ti_msp_dl_config.o (.text.DL_I2C_setControllerRXFIFOThreshold)
                  00002fa8    00000028     MSPM0G_Library.lib : I2C_Controller.o (.text.DL_I2C_setControllerTXFIFOThreshold)
                  00002fd0    00000028     ti_msp_dl_config.o (.text.DL_I2C_setControllerTXFIFOThreshold)
                  00002ff8    00000028     ti_msp_dl_config.o (.text.DL_UART_setRXFIFOThreshold)
                  00003020    00000028     ti_msp_dl_config.o (.text.DL_UART_setTXFIFOThreshold)
                  00003048    00000028     ti_msp_dl_config.o (.text.SYSCFG_DL_init)
                  00003070    00000028     mux.o (.text.led_timer_init)
                  00003098    00000028     command_function.o (.text.send_fail)
                  000030c0    00000028     MSPM0G_Library.lib : UART_Target.o (.text.targetTxInProgressCb)
                  000030e8    00000028     libc.a : boot_cortex_m.c.obj (.text:_c_int00_noargs)
                  00003110    00000026     MSPM0G_Library.lib : UART_Interface.o (.text.DL_DMA_disableChannel)
                  00003136    00000026                        : UART_Interface.o (.text.DL_DMA_enableChannel)
                  0000315c    00000026     ti_msp_dl_config.o (.text.DL_I2C_setAnalogGlitchFilterPulseWidth)
                  00003182    00000026     driverlib.a : dl_i2c.o (.text.DL_I2C_setClockConfig)
                  000031a8    00000026     command_function.o (.text.io_expander_config)
                  000031ce    00000002     --HOLE-- [fill = 0]
                  000031d0    00000024     ti_msp_dl_config.o (.text.DL_SPI_setBitRateSerialClockDivider)
                  000031f4    00000024     delay_timer.o (.text.Delay_Timer_IRQ)
                  00003218    00000022     command_function.o (.text.voltage_current_measurement_reset_site_0)
                  0000323a    00000002     --HOLE-- [fill = 0]
                  0000323c    00000020     ti_msp_dl_config.o (.text.DL_GPIO_initPeripheralInputFunction)
                  0000325c    00000020     command_function.o (.text.DL_SYSCTL_resetDevice)
                  0000327c    00000020     MSPM0G_Library.lib : Timer_Timeout.o (.text.DL_Timer_setCounterValueAfterEnable)
                  0000329c    00000020     ti_msp_dl_config.o (.text.DL_WWDT_setActiveWindow)
                  000032bc    00000020     command_function.o (.text.battery_voltage_check_site_0)
                  000032dc    00000020     command_function.o (.text.led_status_voltage_0_0_site_0)
                  000032fc    00000020     command_function.o (.text.led_status_voltage_0_1_site_0)
                  0000331c    00000020     command_function.o (.text.led_status_voltage_1_0_site_0)
                  0000333c    00000020     command_function.o (.text.led_status_voltage_1_site_0)
                  0000335c    00000020     command_function.o (.text.led_status_voltage_2_site_0)
                  0000337c    00000020     command_function.o (.text.led_status_voltage_3_site_0)
                  0000339c    00000020     libc.a : memcmp.c.obj (.text.memcmp)
                  000033bc    0000001e     ti_msp_dl_config.o (.text.DL_UART_setOversampling)
                  000033da    0000001e     command_function.o (.text.switch_voltage_default_site_0)
                  000033f8    0000001c     ti_msp_dl_config.o (.text.DL_GPIO_clearInterruptStatus)
                  00003414    0000001c     ti_msp_dl_config.o (.text.DL_GPIO_enableHiZ)
                  00003430    0000001c     ti_msp_dl_config.o (.text.DL_GPIO_enableInterrupt)
                  0000344c    0000001c     ti_msp_dl_config.o (.text.DL_GPIO_initDigitalInput)
                  00003468    0000001c     ti_msp_dl_config.o (.text.DL_GPIO_initPeripheralOutputFunction)
                  00003484    0000001c     ti_msp_dl_config.o (.text.DL_GPIO_setLowerPinsPolarity)
                  000034a0    0000001c     MSPM0G_Library.lib : I2C_Controller.o (.text.DL_I2C_enableInterrupt)
                  000034bc    0000001c     ti_msp_dl_config.o (.text.DL_I2C_enableInterrupt)
                  000034d8    0000001c     MSPM0G_Library.lib : I2C_Controller.o (.text.DL_I2C_isControllerRXFIFOEmpty)
                  000034f4    0000001c     ti_msp_dl_config.o (.text.DL_SPI_enableInterrupt)
                  00003510    0000001c     ti_msp_dl_config.o (.text.DL_SYSCTL_setMCLKDivider)
                  0000352c    0000001c     ti_msp_dl_config.o (.text.DL_SYSCTL_setSYSOSCFreq)
                  00003548    0000001c     ti_msp_dl_config.o (.text.DL_SYSCTL_setULPCLKDivider)
                  00003564    0000001c     MSPM0G_Library.lib : Timer_Timeout.o (.text.DL_Timer_disableInterrupt)
                  00003580    0000001c                        : Timer_Timeout.o (.text.DL_Timer_enableInterrupt)
                  0000359c    0000001c     delay_timer.o (.text.DL_Timer_enableInterrupt)
                  000035b8    0000001c     ti_msp_dl_config.o (.text.DL_Timer_enableInterrupt)
                  000035d4    0000001c     driverlib.a : dl_timer.o (.text.DL_Timer_setClockConfig)
                  000035f0    0000001c     ti_msp_dl_config.o (.text.DL_UART_enableInterrupt)
                  0000360c    0000001c     MSPM0G_Library.lib : UART_Target.o (.text.UART_Target_getState)
                  00003628    00000018     command_function.o (.text.DL_GPIO_enableOutput)
                  00003640    00000018     mux.o (.text.DL_GPIO_enableOutput)
                  00003658    00000018     ti_msp_dl_config.o (.text.DL_GPIO_enableOutput)
                  00003670    00000018     mux.o (.text.DL_GPIO_enablePower)
                  00003688    00000018     ti_msp_dl_config.o (.text.DL_GPIO_enablePower)
                  000036a0    00000018     command_function.o (.text.DL_GPIO_initDigitalOutput)
                  000036b8    00000018     mux.o (.text.DL_GPIO_initDigitalOutput)
                  000036d0    00000018     ti_msp_dl_config.o (.text.DL_GPIO_initDigitalOutput)
                  000036e8    00000018     ti_msp_dl_config.o (.text.DL_GPIO_reset)
                  00003700    00000018     adc_spi.o (.text.DL_GPIO_setPins)
                  00003718    00000018     command_function.o (.text.DL_GPIO_setPins)
                  00003730    00000018     mux.o (.text.DL_GPIO_setPins)
                  00003748    00000018     switch.o (.text.DL_GPIO_setPins)
                  00003760    00000018     ti_msp_dl_config.o (.text.DL_GPIO_setPins)
                  00003778    00000018     ti_msp_dl_config.o (.text.DL_I2C_enableAnalogGlitchFilter)
                  00003790    00000018     ti_msp_dl_config.o (.text.DL_I2C_enableController)
                  000037a8    00000018     ti_msp_dl_config.o (.text.DL_I2C_enableControllerClockStretching)
                  000037c0    00000018     ti_msp_dl_config.o (.text.DL_I2C_enablePower)
                  000037d8    00000018     ti_msp_dl_config.o (.text.DL_I2C_reset)
                  000037f0    00000018     ti_msp_dl_config.o (.text.DL_I2C_setTimerPeriod)
                  00003808    00000018     ti_msp_dl_config.o (.text.DL_SPI_enable)
                  00003820    00000018     ti_msp_dl_config.o (.text.DL_SPI_enablePower)
                  00003838    00000018     ti_msp_dl_config.o (.text.DL_SPI_reset)
                  00003850    00000018     ti_msp_dl_config.o (.text.DL_SYSCTL_setBORThreshold)
                  00003868    00000018     MSPM0G_Library.lib : Timer_Timeout.o (.text.DL_Timer_clearInterruptStatus)
                  00003880    00000018     delay_timer.o (.text.DL_Timer_enablePower)
                  00003898    00000018     ti_msp_dl_config.o (.text.DL_Timer_enablePower)
                  000038b0    00000018     ti_msp_dl_config.o (.text.DL_Timer_reset)
                  000038c8    00000018     MSPM0G_Library.lib : Timer_Timeout.o (.text.DL_Timer_setLoadValue)
                  000038e0    00000018                        : Timer_Timeout.o (.text.DL_Timer_startCounter)
                  000038f8    00000018     delay_timer.o (.text.DL_Timer_startCounter)
                  00003910    00000018     MSPM0G_Library.lib : Timer_Timeout.o (.text.DL_Timer_stopCounter)
                  00003928    00000018     ti_msp_dl_config.o (.text.DL_UART_enableFIFOs)
                  00003940    00000018     ti_msp_dl_config.o (.text.DL_UART_enablePower)
                  00003958    00000018     ti_msp_dl_config.o (.text.DL_UART_reset)
                  00003970    00000018     ti_msp_dl_config.o (.text.DL_WWDT_enablePower)
                  00003988    00000018     ti_msp_dl_config.o (.text.DL_WWDT_reset)
                  000039a0    00000018     main.o (.text.DL_WWDT_setCoreHaltBehavior)
                  000039b8    00000018     i2c_common.o (.text.i2c_init)
                  000039d0    00000018     command_function.o (.text.led_init)
                  000039e8    00000018     adc_spi.o (.text.spi_init)
                  00003a00    00000018     switch.o (.text.switch_0_on)
                  00003a18    00000018     switch.o (.text.switch_1_on)
                  00003a30    00000018     switch.o (.text.switch_2_on)
                  00003a48    00000016     MSPM0G_Library.lib : SPI_Interface.o (.text.DL_SPI_transmitData16)
                  00003a5e    00000016     ti_msp_dl_config.o (.text.DL_UART_enable)
                  00003a74    00000014     adc_spi.o (.text.DL_GPIO_clearPins)
                  00003a88    00000014     command_function.o (.text.DL_GPIO_clearPins)
                  00003a9c    00000014     mux.o (.text.DL_GPIO_clearPins)
                  00003ab0    00000014     switch.o (.text.DL_GPIO_clearPins)
                  00003ac4    00000014     ti_msp_dl_config.o (.text.DL_GPIO_clearPins)
                  00003ad8    00000014     MSPM0G_Library.lib : I2C_Controller.o (.text.DL_I2C_getControllerStatus)
                  00003aec    00000014                        : I2C_Controller.o (.text.DL_I2C_receiveControllerData)
                  00003b00    00000014     ti_msp_dl_config.o (.text.DL_I2C_resetControllerTransfer)
                  00003b14    00000014     MSPM0G_Library.lib : SPI_Interface.o (.text.DL_SPI_receiveData16)
                  00003b28    00000014     ti_msp_dl_config.o (.text.DL_SYSCTL_disableSYSPLL)
                  00003b3c    00000014     delay_timer.o (.text.DL_Timer_enableClock)
                  00003b50    00000014     ti_msp_dl_config.o (.text.DL_Timer_enableClock)
                  00003b64    00000014     main.o (.text.DL_WWDT_restart)
                  00003b78    00000014     command_function.o (.text.led_turn_off)
                  00003b8c    00000014     command_function.o (.text.led_turn_on)
                  00003ba0    00000012     MSPM0G_Library.lib : I2C_Controller.o (.text.DL_I2C_getPendingInterrupt)
                  00003bb2    00000012                        : SPI_Interface.o (.text.DL_SPI_getPendingInterrupt)
                  00003bc4    00000012     driverlib.a : dl_spi.o (.text.DL_SPI_setClockConfig)
                  00003bd6    00000012     MSPM0G_Library.lib : Timer_Timeout.o (.text.DL_Timer_getPendingInterrupt)
                  00003be8    00000012     delay_timer.o (.text.DL_Timer_getPendingInterrupt)
                  00003bfa    00000012     delay_timer.o (.text.DL_Timer_getTimerCount)
                  00003c0c    00000012     MSPM0G_Library.lib : UART_Interface.o (.text.DL_UART_getPendingInterrupt)
                  00003c1e    00000012     driverlib.a : dl_uart.o (.text.DL_UART_setClockConfig)
                  00003c30    00000012     delay_timer.o (.text.Delay_Timer_Start)
                  00003c42    00000012     command_function.o (.text.reset_i2c)
                  00003c54    00000012     libc.a : memcpy16.S.obj (.text:TI_memcpy_small)
                  00003c66    00000012            : copy_decompress_none.c.obj (.text:decompress:none)
                  00003c78    00000010     ti_msp_dl_config.o (.text.DL_SYSCTL_disableHFXT)
                  00003c88    00000010     app.o (.text.I2C1_IRQHandler)
                  00003c98    00000010     MSPM0G_Library.lib : I2C_Controller.o (.text.I2C_Controller_Transaction_Done)
                  00003ca8    00000010     app.o (.text.SPI0_IRQHandler)
                  00003cb8    00000010     app.o (.text.TIMG0_IRQHandler)
                  00003cc8    00000010     app.o (.text.TIMG7_IRQHandler)
                  00003cd8    00000010     app.o (.text.UART0_IRQHandler)
                  00003ce8    00000010     command_function.o (.text.data_transmit)
                  00003cf8    00000010     MSPM0G_Library.lib : UART_Interface.o (.text.defaultUartCallBack)
                  00003d08    00000010                        : UART_Interface.o (.text.defaultUartInprogressCallback)
                  00003d18    00000010     switch.o (.text.switch_0_off)
                  00003d28    00000010     switch.o (.text.switch_1_off)
                  00003d38    00000010     switch.o (.text.switch_2_off)
                  00003d48    00000010     command_function.o (.text.turn_off_all)
                  00003d58    00000010     main.o (.text.watchdog_kick)
                  00003d68    00000010     libc.a : copy_zero_init.c.obj (.text:decompress:ZI)
                  00003d78    0000000e     command_function.o (.text.reset_mcu)
                  00003d86    0000000e     libc.a : strlen.c.obj (.text.strlen)
                  00003d94    0000000e            : memset16.S.obj (.text:TI_memset_small)
                  00003da2    00000002     --HOLE-- [fill = 0]
                  00003da4    0000000c     libclang_rt.builtins.a : aeabi_memset.S.obj (.text.__aeabi_memclr)
                  00003db0    0000000c     MSPM0G_Library.lib : Timer_Timeout.o (.text.defaultTimerSingleTriggerCB)
                  00003dbc    0000000c                        : I2C_Controller.o (.text.noActionController)
                  00003dc8    0000000c                        : SPI_Interface.o (.text.noActionSPIInterface)
                  00003dd4    0000000a     driverlib.a : dl_common.o (.text.DL_Common_delayCycles)
                  00003dde    00000002     --HOLE-- [fill = 0]
                  00003de0    00000008     libclang_rt.builtins.a : aeabi_memcpy.S.obj (.text.__aeabi_memcpy)
                  00003de8    00000008     command_function.o (.text.reset_current_measurement)
                  00003df0    00000004     startup_mspm0g110x_ticlang.o (.text.Default_Handler)
                  00003df4    00000004     startup_mspm0g110x_ticlang.o (.text.Reset_Handler)
                  00003df8    00000010     libc.a : boot_cortex_m.c.obj (.tramp._c_int00_noargs.1)
                  00003e08    00000004            : pre_init.c.obj (.text._system_pre_init)
                  00003e0c    00000004            : exit.c.obj (.text:abort)

.cinit     0    00004030    00000040     
                  00004030    00000018     (.cinit..data.load) [load image, compression = lzss]
                  00004048    0000000c     (__TI_handler_table)
                  00004054    00000008     (.cinit..bss.load) [load image, compression = zero_init]
                  0000405c    00000010     (__TI_cinit_table)
                  0000406c    00000004     --HOLE-- [fill = 0]

.rodata    0    00003e10    00000220     
                  00003e10    00000018     app.o (.rodata.str1.147366942764206254111)
                  00003e28    00000018     app.o (.rodata.str1.21849889636613714601)
                  00003e40    00000018     app.o (.rodata.str1.61371923034458905691)
                  00003e58    00000018     app.o (.rodata.str1.97381019797524027191)
                  00003e70    00000017     app.o (.rodata.str1.112458129122677307381)
                  00003e87    00000017     app.o (.rodata.str1.149615729164433715791)
                  00003e9e    00000017     app.o (.rodata.str1.157211581842481736451)
                  00003eb5    00000017     app.o (.rodata.str1.180651896935739422851)
                  00003ecc    00000017     app.o (.rodata.str1.59354850965935802921)
                  00003ee3    00000017     app.o (.rodata.str1.89171471831847724281)
                  00003efa    00000017     app.o (.rodata.str1.91024950347392736991)
                  00003f11    00000016     app.o (.rodata.str1.181698742966647900341)
                  00003f27    00000016     app.o (.rodata.str1.91830950864718940761)
                  00003f3d    00000015     app.o (.rodata.str1.115467379878751397891)
                  00003f52    00000015     app.o (.rodata.str1.35400907796042165521)
                  00003f67    00000015     app.o (.rodata.str1.9803400861254684601)
                  00003f7c    00000014     ti_msp_dl_config.o (.rodata.gTIMER_0TimerConfig)
                  00003f90    00000014     ti_msp_dl_config.o (.rodata.gTIMER_2TimerConfig)
                  00003fa4    00000011     app.o (.rodata.str1.169018093591132782251)
                  00003fb5    00000011     app.o (.rodata.str1.23565378285222219201)
                  00003fc6    00000011     command_function.o (.rodata.str1.37878251672306965531)
                  00003fd7    00000011     app.o (.rodata.str1.62060578946142115471)
                  00003fe8    0000000f     app.o (.rodata.str1.51777625432436005601)
                  00003ff7    0000000e     app.o (.rodata.str1.167043980239712816831)
                  00004005    00000001     --HOLE-- [fill = 0]
                  00004006    0000000a     ti_msp_dl_config.o (.rodata.gSPI_0_config)
                  00004010    0000000a     ti_msp_dl_config.o (.rodata.gUART_0Config)
                  0000401a    00000006     app.o (.rodata.str1.160232246398851686891)
                  00004020    00000003     ti_msp_dl_config.o (.rodata.gTIMER_0ClockConfig)
                  00004023    00000003     ti_msp_dl_config.o (.rodata.gTIMER_2ClockConfig)
                  00004026    00000003     app.o (.rodata.str1.144966739553529159871)
                  00004029    00000002     ti_msp_dl_config.o (.rodata.gI2C_0ClockConfig)
                  0000402b    00000002     ti_msp_dl_config.o (.rodata.gSPI_0_clockConfig)
                  0000402d    00000002     ti_msp_dl_config.o (.rodata.gUART_0ClockConfig)
                  0000402f    00000001     --HOLE-- [fill = 0]

.init_array 
*          0    00000000    00000000     UNINITIALIZED

.binit     0    00000000    00000000     

.bss       0    20200000    00001493     UNINITIALIZED
                  20200000    00001364     (.common:USB_DATA)
                  20201364    00000048     (.common:glUartTarget)
                  202013ac    00000034     (.common:USB_UART)
                  202013e0    00000024     (.common:USB_Timeout)
                  20201404    00000024     (.common:delay)
                  20201428    00000024     (.common:spi_adc)
                  2020144c    00000020     (.common:I2C_MCU)
                  2020146c    00000010     i2c_common.o (.bss.tx_buffer)
                  2020147c    00000010     i2c_common.o (.bss.verify_data)
                  2020148c    00000004     (.common:executing_command)
                  20201490    00000003     (.common:glUartTargetIndexFromTimerIndex)

.data      0    20201494    00000014     UNINITIALIZED
                  20201494    00000010     usb.o (.data.process_usb_command.err_response)
                  202014a4    00000004     command_function.o (.data.return_data)

.stack     0    20207e00    00000200     UNINITIALIZED
                  20207e00    00000004     libc.a : boot_cortex_m.c.obj (.stack)
                  20207e04    000001fc     --HOLE--

__llvm_prf_cnts 
*          0    20200000    00000000     UNINITIALIZED

__llvm_prf_bits 
*          0    20200000    00000000     UNINITIALIZED

MODULE SUMMARY

       Module                         code    ro data   rw data
       ------                         ----    -------   -------
    .\
       adc_spi.o                      224     0         5160   
       ti_msp_dl_config.o             2686    72        0      
       command_function.o             1700    17        4      
       mux.o                          1440    0         0      
       app.o                          664     453       0      
       usb.o                          838     0         16     
       i2c_common.o                   488     0         32     
       delay_timer.o                  504     0         0      
       switch.o                       284     0         0      
       startup_mspm0g110x_ticlang.o   8       192       0      
       main.o                         108     0         0      
    +--+------------------------------+-------+---------+---------+
       Total:                         8944    734       5212   
                                                               
    C:/ti/mspm0_sdk_2_00_00_03/source/ti/driverlib/lib/ticlang/m0p/mspm0g1x0x_g3x0x/driverlib.a
       dl_timer.o                     260     0         0      
       dl_uart.o                      258     0         0      
       dl_i2c.o                       192     0         0      
       dl_spi.o                       170     0         0      
       dl_common.o                    10      0         0      
    +--+------------------------------+-------+---------+---------+
       Total:                         890     0         0      
                                                               
    C:\ti\ccstheia151\ccs\tools\compiler\ti-cgt-armllvm_4.0.0.LTS\lib\armv6m-ti-none-eabi/c/libc.a
       copy_decompress_lzss.c.obj     124     0         0      
       autoinit.c.obj                 60      0         0      
       boot_cortex_m.c.obj            56      0         0      
       memcmp.c.obj                   32      0         0      
       copy_decompress_none.c.obj     18      0         0      
       memcpy16.S.obj                 18      0         0      
       copy_zero_init.c.obj           16      0         0      
       memset16.S.obj                 14      0         0      
       strlen.c.obj                   14      0         0      
       exit.c.obj                     4       0         0      
       pre_init.c.obj                 4       0         0      
    +--+------------------------------+-------+---------+---------+
       Total:                         360     0         0      
                                                               
    C:\ti\ccstheia151\ccs\tools\compiler\ti-cgt-armllvm_4.0.0.LTS\lib\armv6m-ti-none-eabi/libclang_rt.builtins.a
       aeabi_uidivmod.S.obj           64      0         0      
       aeabi_memset.S.obj             12      0         0      
       aeabi_memcpy.S.obj             8       0         0      
       aeabi_div0.c.obj               2       0         0      
    +--+------------------------------+-------+---------+---------+
       Total:                         86      0         0      
                                                               
    D:/Cardinal_Github/MSPM0G_Library/Debug/MSPM0G_Library.lib
       UART_Interface.o               2154    0         0      
       I2C_Controller.o               1148    0         0      
       Timer_Timeout.o                826     0         0      
       UART_Target.o                  672     0         75     
       SPI_Interface.o                592     0         0      
    +--+------------------------------+-------+---------+---------+
       Total:                         5392    0         75     
                                                               
       Stack:                         0       0         512    
       Linker Generated:              0       60        0      
    +--+------------------------------+-------+---------+---------+
       Grand Total:                   15672   794       5799   


LINKER GENERATED COPY TABLES

__TI_cinit_table @ 0000405c records: 2, size/record: 8, table size: 16
	.data: load addr=00004030, load size=00000018 bytes, run addr=20201494, run size=00000014 bytes, compression=lzss
	.bss: load addr=00004054, load size=00000008 bytes, run addr=20200000, run size=00001493 bytes, compression=zero_init


LINKER GENERATED HANDLER TABLE

__TI_handler_table @ 00004048 records: 3, size/record: 4, table size: 12
	index: 0, handler: __TI_decompress_lzss
	index: 1, handler: __TI_decompress_none
	index: 2, handler: __TI_zero_init


FAR CALL TRAMPOLINES

callee name               trampoline name
   callee addr  tramp addr   call addr  call info
--------------  -----------  ---------  ----------------
_c_int00_noargs           $Tramp$TT$L$PI$$_c_int00_noargs
   000030e9     00003df8     00003df4   startup_mspm0g110x_ticlang.o (.text.Reset_Handler)

[1 trampolines]
[1 trampoline calls]


GLOBAL SYMBOLS: SORTED ALPHABETICALLY BY Name 

address   name                                    
-------   ----                                    
00003df1  ADC0_IRQHandler                         
000012c9  ADC122S625_Read                         
00003df1  ADC1_IRQHandler                         
00003e0c  C$$EXIT                                 
00003dd5  DL_Common_delayCycles                   
00001ec1  DL_I2C_fillControllerTXFIFO             
000025f9  DL_I2C_flushTargetTXFIFO                
00003183  DL_I2C_setClockConfig                   
00001fd1  DL_SPI_drainRXFIFO16                    
000024b9  DL_SPI_init                             
00003bc5  DL_SPI_setClockConfig                   
00000c2d  DL_Timer_initTimerMode                  
000035d5  DL_Timer_setClockConfig                 
00002025  DL_UART_drainRXFIFO                     
00002079  DL_UART_fillTXFIFO                      
000023e1  DL_UART_init                            
00003c1f  DL_UART_setClockConfig                  
00003df1  DMA_IRQHandler                          
00003df1  Default_Handler                         
00002725  Delay_Timer_Get                         
000031f5  Delay_Timer_IRQ                         
00001039  Delay_Timer_Initialize                  
00003c31  Delay_Timer_Start                       
00003df1  GROUP0_IRQHandler                       
00003df1  GROUP1_IRQHandler                       
00003df1  HardFault_Handler                       
00003df1  I2C0_IRQHandler                         
00003c89  I2C1_IRQHandler                         
00000b2d  I2C_Controller_IRQ                      
00001365  I2C_Controller_Initialize               
00002471  I2C_Controller_Start_Receive            
000019d5  I2C_Controller_Start_Transmit           
00003c99  I2C_Controller_Transaction_Done         
2020144c  I2C_MCU                                 
00001b91  MUX1_init                               
00001599  MUX2_init                               
00001bfd  MUX3_init                               
00001615  MUX4_init                               
00003df1  NMI_Handler                             
00003df1  PendSV_Handler                          
00003df1  RTC_IRQHandler                          
00003df5  Reset_Handler                           
00003ca9  SPI0_IRQHandler                         
00003df1  SPI1_IRQHandler                         
00000f85  SPI_IRQ                                 
0000148d  SPI_Initialize                          
00001875  SPI_Transact                            
00003df1  SVC_Handler                             
000004bd  SYSCFG_DL_GPIO_init                     
00001da1  SYSCFG_DL_I2C_0_init                    
00002429  SYSCFG_DL_SPI_0_init                    
00002dc1  SYSCFG_DL_SYSCTL_init                   
00002871  SYSCFG_DL_TIMER_0_init                  
000028a5  SYSCFG_DL_TIMER_2_init                  
00001e01  SYSCFG_DL_UART_0_init                   
00002b85  SYSCFG_DL_WWDT0_init                    
00003049  SYSCFG_DL_init                          
00001189  SYSCFG_DL_initPower                     
00003df1  SysTick_Handler                         
00003df1  TIMA0_IRQHandler                        
00003df1  TIMA1_IRQHandler                        
00003cb9  TIMG0_IRQHandler                        
00003df1  TIMG12_IRQHandler                       
00003df1  TIMG6_IRQHandler                        
00003cc9  TIMG7_IRQHandler                        
00003df1  TIMG8_IRQHandler                        
00003c55  TI_memcpy_small                         
00003d95  TI_memset_small                         
00002deb  Timer_Timeout_IRQ                       
00000a2d  Timer_Timeout_Inialize                  
000027d1  Timer_Timeout_Start                     
00001f1f  Timer_Timeout_Time_Set                  
00002e15  Timer_Timeout_reStart                   
00003cd9  UART0_IRQHandler                        
00003df1  UART1_IRQHandler                        
00003df1  UART2_IRQHandler                        
00003df1  UART3_IRQHandler                        
000002dd  UART_Interface_IRQ                      
00000649  UART_Interface_Initialize               
00001229  UART_Interface_Start_Receive            
000010e5  UART_Interface_Start_Transmit           
00002807  UART_Interface_Stop_Receive             
00001d3d  UART_Target_AssignCallBacks             
00001a45  UART_Target_Initialize                  
000022fd  UART_Target_Receive                     
00002635  UART_Target_Transmit                    
0000360d  UART_Target_getState                    
0000170d  UART_rxDMA_Initialize                   
000018eb  UART_txDMA_Initialize                   
20200000  USB_DATA                                
202013e0  USB_Timeout                             
202013ac  USB_UART                                
20208000  __STACK_END                             
00000200  __STACK_SIZE                            
00000000  __TI_ATRegion0_region_sz                
00000000  __TI_ATRegion0_src_addr                 
00000000  __TI_ATRegion0_trg_addr                 
00000000  __TI_ATRegion1_region_sz                
00000000  __TI_ATRegion1_src_addr                 
00000000  __TI_ATRegion1_trg_addr                 
00000000  __TI_ATRegion2_region_sz                
00000000  __TI_ATRegion2_src_addr                 
00000000  __TI_ATRegion2_trg_addr                 
0000405c  __TI_CINIT_Base                         
0000406c  __TI_CINIT_Limit                        
0000406c  __TI_CINIT_Warm                         
00004048  __TI_Handler_Table_Base                 
00004054  __TI_Handler_Table_Limit                
000026e9  __TI_auto_init_nobinit_nopinit          
00001691  __TI_decompress_lzss                    
00003c67  __TI_decompress_none                    
ffffffff  __TI_pprof_out_hndl                     
ffffffff  __TI_prof_data_size                     
ffffffff  __TI_prof_data_start                    
00000000  __TI_static_base__                      
00003d69  __TI_zero_init                          
000004bb  __aeabi_idiv0                           
00003da5  __aeabi_memclr                          
00003da5  __aeabi_memclr4                         
00003da5  __aeabi_memclr8                         
00003de1  __aeabi_memcpy                          
00003de1  __aeabi_memcpy4                         
00003de1  __aeabi_memcpy8                         
000024fd  __aeabi_uidiv                           
000024fd  __aeabi_uidivmod                        
ffffffff  __binit__                               
UNDEFED   __mpu_init                              
20207e00  __stack                                 
20200000  __start___llvm_prf_bits                 
20200000  __start___llvm_prf_cnts                 
20200000  __stop___llvm_prf_bits                  
20200000  __stop___llvm_prf_cnts                  
000030e9  _c_int00_noargs                         
UNDEFED   _system_post_cinit                      
00003e09  _system_pre_init                        
00003e0d  abort                                   
00002d69  app_init                                
000032bd  battery_voltage_check_site_0            
ffffffff  binit                                   
000000c1  cmd_data_setup                          
00003db1  defaultTimerSingleTriggerCB             
00003cf9  defaultUartCallBack                     
00003d09  defaultUartInprogressCallback           
20201404  delay                                   
2020148c  executing_command                       
00001f79  getControllerStatus                     
20201364  glUartTarget                            
20201490  glUartTargetIndexFromTimerIndex         
000007c5  i2c_common                              
000039b9  i2c_init                                
00000000  interruptVectors                        
000031a9  io_expander_config                      
00002a65  ldo_power_off_site_0                    
00002171  ldo_power_on_site_0                     
000039d1  led_init                                
000032dd  led_status_voltage_0_0_site_0           
000032fd  led_status_voltage_0_1_site_0           
0000331d  led_status_voltage_1_0_site_0           
0000333d  led_status_voltage_1_site_0             
0000275f  led_status_voltage_2_0_site_0           
0000335d  led_status_voltage_2_site_0             
0000337d  led_status_voltage_3_site_0             
00003071  led_timer_init                          
00003b79  led_turn_off                            
00003b8d  led_turn_on                             
00002a95  main                                    
0000339d  memcmp                                  
00002ac5  mux_disable_all                         
00002d95  mux_init_all                            
00000d15  mux_select                              
00003dbd  noActionController                      
00003dc9  noActionSPIInterface                    
000021c1  opamp_en                                
0000253d  power_supply_2v7_1_site_0               
00002211  power_supply_2v7_2_site_0               
0000257d  power_supply_3v3_1_site_0               
00002349  power_supply_3v3_2_site_0               
00001515  process_usb_command                     
00003de9  reset_current_measurement               
00003c43  reset_i2c                               
000028d9  reset_io_expander                       
00003d79  reset_mcu                               
20201428  spi_adc                                 
000039e9  spi_init                                
00003d87  strlen                                  
00003d19  switch_0_off                            
00003a01  switch_0_on                             
00003d29  switch_1_off                            
00003a19  switch_1_on                             
00003d39  switch_2_off                            
00003a31  switch_2_on                             
00002671  switch_off_select                       
000026ad  switch_on_select                        
000033db  switch_voltage_default_site_0           
000020cd  switch_voltage_press_site_0             
00002af5  targetRxDoneCb                          
00001c69  targetRxInProgressCb                    
00002b25  targetTxDoneCb                          
000030c1  targetTxInProgressCb                    
0000290d  timerCallback                           
00003d49  turn_off_all                            
00000de9  usb_cmd_data_setup                      
00000929  usb_fsm                                 
00001e61  usb_init                                
000013fd  validate_usb_rx_data                    
00003219  voltage_current_measurement_reset_site_0
00002261  voltage_current_measurement_site_on     
00002e3f  waitForControllerToIdle                 


GLOBAL SYMBOLS: SORTED BY Symbol Address 

address   name                                    
-------   ----                                    
00000000  __TI_ATRegion0_region_sz                
00000000  __TI_ATRegion0_src_addr                 
00000000  __TI_ATRegion0_trg_addr                 
00000000  __TI_ATRegion1_region_sz                
00000000  __TI_ATRegion1_src_addr                 
00000000  __TI_ATRegion1_trg_addr                 
00000000  __TI_ATRegion2_region_sz                
00000000  __TI_ATRegion2_src_addr                 
00000000  __TI_ATRegion2_trg_addr                 
00000000  __TI_static_base__                      
00000000  interruptVectors                        
000000c1  cmd_data_setup                          
00000200  __STACK_SIZE                            
000002dd  UART_Interface_IRQ                      
000004bb  __aeabi_idiv0                           
000004bd  SYSCFG_DL_GPIO_init                     
00000649  UART_Interface_Initialize               
000007c5  i2c_common                              
00000929  usb_fsm                                 
00000a2d  Timer_Timeout_Inialize                  
00000b2d  I2C_Controller_IRQ                      
00000c2d  DL_Timer_initTimerMode                  
00000d15  mux_select                              
00000de9  usb_cmd_data_setup                      
00000f85  SPI_IRQ                                 
00001039  Delay_Timer_Initialize                  
000010e5  UART_Interface_Start_Transmit           
00001189  SYSCFG_DL_initPower                     
00001229  UART_Interface_Start_Receive            
000012c9  ADC122S625_Read                         
00001365  I2C_Controller_Initialize               
000013fd  validate_usb_rx_data                    
0000148d  SPI_Initialize                          
00001515  process_usb_command                     
00001599  MUX2_init                               
00001615  MUX4_init                               
00001691  __TI_decompress_lzss                    
0000170d  UART_rxDMA_Initialize                   
00001875  SPI_Transact                            
000018eb  UART_txDMA_Initialize                   
000019d5  I2C_Controller_Start_Transmit           
00001a45  UART_Target_Initialize                  
00001b91  MUX1_init                               
00001bfd  MUX3_init                               
00001c69  targetRxInProgressCb                    
00001d3d  UART_Target_AssignCallBacks             
00001da1  SYSCFG_DL_I2C_0_init                    
00001e01  SYSCFG_DL_UART_0_init                   
00001e61  usb_init                                
00001ec1  DL_I2C_fillControllerTXFIFO             
00001f1f  Timer_Timeout_Time_Set                  
00001f79  getControllerStatus                     
00001fd1  DL_SPI_drainRXFIFO16                    
00002025  DL_UART_drainRXFIFO                     
00002079  DL_UART_fillTXFIFO                      
000020cd  switch_voltage_press_site_0             
00002171  ldo_power_on_site_0                     
000021c1  opamp_en                                
00002211  power_supply_2v7_2_site_0               
00002261  voltage_current_measurement_site_on     
000022fd  UART_Target_Receive                     
00002349  power_supply_3v3_2_site_0               
000023e1  DL_UART_init                            
00002429  SYSCFG_DL_SPI_0_init                    
00002471  I2C_Controller_Start_Receive            
000024b9  DL_SPI_init                             
000024fd  __aeabi_uidiv                           
000024fd  __aeabi_uidivmod                        
0000253d  power_supply_2v7_1_site_0               
0000257d  power_supply_3v3_1_site_0               
000025f9  DL_I2C_flushTargetTXFIFO                
00002635  UART_Target_Transmit                    
00002671  switch_off_select                       
000026ad  switch_on_select                        
000026e9  __TI_auto_init_nobinit_nopinit          
00002725  Delay_Timer_Get                         
0000275f  led_status_voltage_2_0_site_0           
000027d1  Timer_Timeout_Start                     
00002807  UART_Interface_Stop_Receive             
00002871  SYSCFG_DL_TIMER_0_init                  
000028a5  SYSCFG_DL_TIMER_2_init                  
000028d9  reset_io_expander                       
0000290d  timerCallback                           
00002a65  ldo_power_off_site_0                    
00002a95  main                                    
00002ac5  mux_disable_all                         
00002af5  targetRxDoneCb                          
00002b25  targetTxDoneCb                          
00002b85  SYSCFG_DL_WWDT0_init                    
00002d69  app_init                                
00002d95  mux_init_all                            
00002dc1  SYSCFG_DL_SYSCTL_init                   
00002deb  Timer_Timeout_IRQ                       
00002e15  Timer_Timeout_reStart                   
00002e3f  waitForControllerToIdle                 
00003049  SYSCFG_DL_init                          
00003071  led_timer_init                          
000030c1  targetTxInProgressCb                    
000030e9  _c_int00_noargs                         
00003183  DL_I2C_setClockConfig                   
000031a9  io_expander_config                      
000031f5  Delay_Timer_IRQ                         
00003219  voltage_current_measurement_reset_site_0
000032bd  battery_voltage_check_site_0            
000032dd  led_status_voltage_0_0_site_0           
000032fd  led_status_voltage_0_1_site_0           
0000331d  led_status_voltage_1_0_site_0           
0000333d  led_status_voltage_1_site_0             
0000335d  led_status_voltage_2_site_0             
0000337d  led_status_voltage_3_site_0             
0000339d  memcmp                                  
000033db  switch_voltage_default_site_0           
000035d5  DL_Timer_setClockConfig                 
0000360d  UART_Target_getState                    
000039b9  i2c_init                                
000039d1  led_init                                
000039e9  spi_init                                
00003a01  switch_0_on                             
00003a19  switch_1_on                             
00003a31  switch_2_on                             
00003b79  led_turn_off                            
00003b8d  led_turn_on                             
00003bc5  DL_SPI_setClockConfig                   
00003c1f  DL_UART_setClockConfig                  
00003c31  Delay_Timer_Start                       
00003c43  reset_i2c                               
00003c55  TI_memcpy_small                         
00003c67  __TI_decompress_none                    
00003c89  I2C1_IRQHandler                         
00003c99  I2C_Controller_Transaction_Done         
00003ca9  SPI0_IRQHandler                         
00003cb9  TIMG0_IRQHandler                        
00003cc9  TIMG7_IRQHandler                        
00003cd9  UART0_IRQHandler                        
00003cf9  defaultUartCallBack                     
00003d09  defaultUartInprogressCallback           
00003d19  switch_0_off                            
00003d29  switch_1_off                            
00003d39  switch_2_off                            
00003d49  turn_off_all                            
00003d69  __TI_zero_init                          
00003d79  reset_mcu                               
00003d87  strlen                                  
00003d95  TI_memset_small                         
00003da5  __aeabi_memclr                          
00003da5  __aeabi_memclr4                         
00003da5  __aeabi_memclr8                         
00003db1  defaultTimerSingleTriggerCB             
00003dbd  noActionController                      
00003dc9  noActionSPIInterface                    
00003dd5  DL_Common_delayCycles                   
00003de1  __aeabi_memcpy                          
00003de1  __aeabi_memcpy4                         
00003de1  __aeabi_memcpy8                         
00003de9  reset_current_measurement               
00003df1  ADC0_IRQHandler                         
00003df1  ADC1_IRQHandler                         
00003df1  DMA_IRQHandler                          
00003df1  Default_Handler                         
00003df1  GROUP0_IRQHandler                       
00003df1  GROUP1_IRQHandler                       
00003df1  HardFault_Handler                       
00003df1  I2C0_IRQHandler                         
00003df1  NMI_Handler                             
00003df1  PendSV_Handler                          
00003df1  RTC_IRQHandler                          
00003df1  SPI1_IRQHandler                         
00003df1  SVC_Handler                             
00003df1  SysTick_Handler                         
00003df1  TIMA0_IRQHandler                        
00003df1  TIMA1_IRQHandler                        
00003df1  TIMG12_IRQHandler                       
00003df1  TIMG6_IRQHandler                        
00003df1  TIMG8_IRQHandler                        
00003df1  UART1_IRQHandler                        
00003df1  UART2_IRQHandler                        
00003df1  UART3_IRQHandler                        
00003df5  Reset_Handler                           
00003e09  _system_pre_init                        
00003e0c  C$$EXIT                                 
00003e0d  abort                                   
00004048  __TI_Handler_Table_Base                 
00004054  __TI_Handler_Table_Limit                
0000405c  __TI_CINIT_Base                         
0000406c  __TI_CINIT_Limit                        
0000406c  __TI_CINIT_Warm                         
20200000  USB_DATA                                
20200000  __start___llvm_prf_bits                 
20200000  __start___llvm_prf_cnts                 
20200000  __stop___llvm_prf_bits                  
20200000  __stop___llvm_prf_cnts                  
20201364  glUartTarget                            
202013ac  USB_UART                                
202013e0  USB_Timeout                             
20201404  delay                                   
20201428  spi_adc                                 
2020144c  I2C_MCU                                 
2020148c  executing_command                       
20201490  glUartTargetIndexFromTimerIndex         
20207e00  __stack                                 
20208000  __STACK_END                             
ffffffff  __TI_pprof_out_hndl                     
ffffffff  __TI_prof_data_size                     
ffffffff  __TI_prof_data_start                    
ffffffff  __binit__                               
ffffffff  binit                                   
UNDEFED   __mpu_init                              
UNDEFED   _system_post_cinit                      

[208 symbols]
