<?xml version="1.0" encoding="ISO-8859-1" ?>
<link_info>
   <banner>TI ARM Clang Linker PC v4.0.0.LTS</banner>
   <copyright>Copyright (c) 1996-2018 Texas Instruments Incorporated</copyright>
   <command_line>C:\ti\ccstheia151\ccs\tools\compiler\ti-cgt-armllvm_4.0.0.LTS\bin\tiarmlnk -IC:\ti\ccstheia151\ccs\tools\compiler\ti-cgt-armllvm_4.0.0.LTS\lib -o Cardinal.out -mCardinal.map -iC:/ti/mspm0_sdk_2_00_00_03/source -iD:/Cardinal_Github/Cardinal -iD:/Cardinal_Github/Cardinal/Debug/syscfg -iC:/ti/ccstheia151/ccs/tools/compiler/ti-cgt-armllvm_4.0.0.LTS/lib -iD:/Cardinal_Github/MSPM0G_Library/Debug --diag_wrap=off --display_error_number --warn_sections --xml_link_info=Cardinal_linkInfo.xml --rom_model ./adc_spi.o ./app.o ./command_function.o ./delay_timer.o ./i2c.o ./i2c_common.o ./main.o ./ti_msp_dl_config.o ./startup_mspm0g110x_ticlang.o ./mux.o ./switch.o ./usb.o -l./device_linker.cmd -ldevice.cmd.genlibs -llibc.a -lMSPM0G_Library.lib --start-group -llibc++.a -llibc++abi.a -llibc.a -llibsys.a -llibsysbm.a -llibclang_rt.builtins.a -llibclang_rt.profile.a --end-group --cg_opt_level=0</command_line>
   <link_time>0x6a116564</link_time>
   <link_errors>0x0</link_errors>
   <output_file>D:\Cardinal_Github\Cardinal\Debug\Cardinal.out</output_file>
   <entry_point>
      <name>_c_int00_noargs</name>
      <address>0x32c9</address>
   </entry_point>
   <input_file_list>
      <input_file id="fl-1">
         <path>D:\Cardinal_Github\Cardinal\Debug\.\</path>
         <kind>object</kind>
         <file>adc_spi.o</file>
         <name>adc_spi.o</name>
      </input_file>
      <input_file id="fl-2">
         <path>D:\Cardinal_Github\Cardinal\Debug\.\</path>
         <kind>object</kind>
         <file>app.o</file>
         <name>app.o</name>
      </input_file>
      <input_file id="fl-3">
         <path>D:\Cardinal_Github\Cardinal\Debug\.\</path>
         <kind>object</kind>
         <file>command_function.o</file>
         <name>command_function.o</name>
      </input_file>
      <input_file id="fl-4">
         <path>D:\Cardinal_Github\Cardinal\Debug\.\</path>
         <kind>object</kind>
         <file>delay_timer.o</file>
         <name>delay_timer.o</name>
      </input_file>
      <input_file id="fl-5">
         <path>D:\Cardinal_Github\Cardinal\Debug\.\</path>
         <kind>object</kind>
         <file>i2c.o</file>
         <name>i2c.o</name>
      </input_file>
      <input_file id="fl-6">
         <path>D:\Cardinal_Github\Cardinal\Debug\.\</path>
         <kind>object</kind>
         <file>i2c_common.o</file>
         <name>i2c_common.o</name>
      </input_file>
      <input_file id="fl-7">
         <path>D:\Cardinal_Github\Cardinal\Debug\.\</path>
         <kind>object</kind>
         <file>main.o</file>
         <name>main.o</name>
      </input_file>
      <input_file id="fl-8">
         <path>D:\Cardinal_Github\Cardinal\Debug\.\</path>
         <kind>object</kind>
         <file>ti_msp_dl_config.o</file>
         <name>ti_msp_dl_config.o</name>
      </input_file>
      <input_file id="fl-9">
         <path>D:\Cardinal_Github\Cardinal\Debug\.\</path>
         <kind>object</kind>
         <file>startup_mspm0g110x_ticlang.o</file>
         <name>startup_mspm0g110x_ticlang.o</name>
      </input_file>
      <input_file id="fl-a">
         <path>D:\Cardinal_Github\Cardinal\Debug\.\</path>
         <kind>object</kind>
         <file>mux.o</file>
         <name>mux.o</name>
      </input_file>
      <input_file id="fl-b">
         <path>D:\Cardinal_Github\Cardinal\Debug\.\</path>
         <kind>object</kind>
         <file>switch.o</file>
         <name>switch.o</name>
      </input_file>
      <input_file id="fl-c">
         <path>D:\Cardinal_Github\Cardinal\Debug\.\</path>
         <kind>object</kind>
         <file>usb.o</file>
         <name>usb.o</name>
      </input_file>
      <input_file id="fl-1a">
         <path>D:\Cardinal_Github\Cardinal\Debug\</path>
         <kind>object</kind>
         <file>&lt;internal&gt;</file>
         <name>&lt;internal&gt;</name>
      </input_file>
      <input_file id="fl-1b">
         <path>C:\ti\mspm0_sdk_2_00_00_03\source\ti\driverlib\lib\ticlang\m0p\mspm0g1x0x_g3x0x\</path>
         <kind>archive</kind>
         <file>driverlib.a</file>
         <name>dl_common.o</name>
      </input_file>
      <input_file id="fl-1c">
         <path>C:\ti\mspm0_sdk_2_00_00_03\source\ti\driverlib\lib\ticlang\m0p\mspm0g1x0x_g3x0x\</path>
         <kind>archive</kind>
         <file>driverlib.a</file>
         <name>dl_i2c.o</name>
      </input_file>
      <input_file id="fl-1d">
         <path>C:\ti\mspm0_sdk_2_00_00_03\source\ti\driverlib\lib\ticlang\m0p\mspm0g1x0x_g3x0x\</path>
         <kind>archive</kind>
         <file>driverlib.a</file>
         <name>dl_spi.o</name>
      </input_file>
      <input_file id="fl-1e">
         <path>C:\ti\mspm0_sdk_2_00_00_03\source\ti\driverlib\lib\ticlang\m0p\mspm0g1x0x_g3x0x\</path>
         <kind>archive</kind>
         <file>driverlib.a</file>
         <name>dl_timer.o</name>
      </input_file>
      <input_file id="fl-1f">
         <path>C:\ti\mspm0_sdk_2_00_00_03\source\ti\driverlib\lib\ticlang\m0p\mspm0g1x0x_g3x0x\</path>
         <kind>archive</kind>
         <file>driverlib.a</file>
         <name>dl_uart.o</name>
      </input_file>
      <input_file id="fl-34">
         <path>C:\ti\ccstheia151\ccs\tools\compiler\ti-cgt-armllvm_4.0.0.LTS\lib\armv6m-ti-none-eabi\c\</path>
         <kind>archive</kind>
         <file>libc.a</file>
         <name>memcmp.c.obj</name>
      </input_file>
      <input_file id="fl-35">
         <path>C:\ti\ccstheia151\ccs\tools\compiler\ti-cgt-armllvm_4.0.0.LTS\lib\armv6m-ti-none-eabi\c\</path>
         <kind>archive</kind>
         <file>libc.a</file>
         <name>strlen.c.obj</name>
      </input_file>
      <input_file id="fl-36">
         <path>C:\ti\ccstheia151\ccs\tools\compiler\ti-cgt-armllvm_4.0.0.LTS\lib\armv6m-ti-none-eabi\c\</path>
         <kind>archive</kind>
         <file>libc.a</file>
         <name>boot_cortex_m.c.obj</name>
      </input_file>
      <input_file id="fl-37">
         <path>C:\ti\ccstheia151\ccs\tools\compiler\ti-cgt-armllvm_4.0.0.LTS\lib\armv6m-ti-none-eabi\c\</path>
         <kind>archive</kind>
         <file>libc.a</file>
         <name>mathacl_init.c.obj</name>
      </input_file>
      <input_file id="fl-38">
         <path>C:\ti\ccstheia151\ccs\tools\compiler\ti-cgt-armllvm_4.0.0.LTS\lib\armv6m-ti-none-eabi\c\</path>
         <kind>archive</kind>
         <file>libc.a</file>
         <name>autoinit.c.obj</name>
      </input_file>
      <input_file id="fl-39">
         <path>C:\ti\ccstheia151\ccs\tools\compiler\ti-cgt-armllvm_4.0.0.LTS\lib\armv6m-ti-none-eabi\c\</path>
         <kind>archive</kind>
         <file>libc.a</file>
         <name>pre_init.c.obj</name>
      </input_file>
      <input_file id="fl-3a">
         <path>C:\ti\ccstheia151\ccs\tools\compiler\ti-cgt-armllvm_4.0.0.LTS\lib\armv6m-ti-none-eabi\c\</path>
         <kind>archive</kind>
         <file>libc.a</file>
         <name>cpy_tbl.c.obj</name>
      </input_file>
      <input_file id="fl-3b">
         <path>C:\ti\ccstheia151\ccs\tools\compiler\ti-cgt-armllvm_4.0.0.LTS\lib\armv6m-ti-none-eabi\c\</path>
         <kind>archive</kind>
         <file>libc.a</file>
         <name>copy_zero_init.c.obj</name>
      </input_file>
      <input_file id="fl-3c">
         <path>C:\ti\ccstheia151\ccs\tools\compiler\ti-cgt-armllvm_4.0.0.LTS\lib\armv6m-ti-none-eabi\c\</path>
         <kind>archive</kind>
         <file>libc.a</file>
         <name>copy_decompress_none.c.obj</name>
      </input_file>
      <input_file id="fl-3d">
         <path>C:\ti\ccstheia151\ccs\tools\compiler\ti-cgt-armllvm_4.0.0.LTS\lib\armv6m-ti-none-eabi\c\</path>
         <kind>archive</kind>
         <file>libc.a</file>
         <name>copy_decompress_lzss.c.obj</name>
      </input_file>
      <input_file id="fl-3e">
         <path>C:\ti\ccstheia151\ccs\tools\compiler\ti-cgt-armllvm_4.0.0.LTS\lib\armv6m-ti-none-eabi\c\</path>
         <kind>archive</kind>
         <file>libc.a</file>
         <name>exit.c.obj</name>
      </input_file>
      <input_file id="fl-3f">
         <path>C:\ti\ccstheia151\ccs\tools\compiler\ti-cgt-armllvm_4.0.0.LTS\lib\armv6m-ti-none-eabi\c\</path>
         <kind>archive</kind>
         <file>libc.a</file>
         <name>_lock.c.obj</name>
      </input_file>
      <input_file id="fl-40">
         <path>C:\ti\ccstheia151\ccs\tools\compiler\ti-cgt-armllvm_4.0.0.LTS\lib\armv6m-ti-none-eabi\c\</path>
         <kind>archive</kind>
         <file>libc.a</file>
         <name>args_main.c.obj</name>
      </input_file>
      <input_file id="fl-41">
         <path>D:\Cardinal_Github\MSPM0G_Library\Debug\</path>
         <kind>archive</kind>
         <file>MSPM0G_Library.lib</file>
         <name>I2C_Controller.o</name>
      </input_file>
      <input_file id="fl-42">
         <path>D:\Cardinal_Github\MSPM0G_Library\Debug\</path>
         <kind>archive</kind>
         <file>MSPM0G_Library.lib</file>
         <name>SPI_Interface.o</name>
      </input_file>
      <input_file id="fl-43">
         <path>D:\Cardinal_Github\MSPM0G_Library\Debug\</path>
         <kind>archive</kind>
         <file>MSPM0G_Library.lib</file>
         <name>Timer_Timeout.o</name>
      </input_file>
      <input_file id="fl-44">
         <path>D:\Cardinal_Github\MSPM0G_Library\Debug\</path>
         <kind>archive</kind>
         <file>MSPM0G_Library.lib</file>
         <name>UART_Interface.o</name>
      </input_file>
      <input_file id="fl-45">
         <path>D:\Cardinal_Github\MSPM0G_Library\Debug\</path>
         <kind>archive</kind>
         <file>MSPM0G_Library.lib</file>
         <name>UART_Target.o</name>
      </input_file>
      <input_file id="fl-db">
         <path>C:\ti\ccstheia151\ccs\tools\compiler\ti-cgt-armllvm_4.0.0.LTS\lib\armv6m-ti-none-eabi\</path>
         <kind>archive</kind>
         <file>libclang_rt.builtins.a</file>
         <name>aeabi_memcpy.S.obj</name>
      </input_file>
      <input_file id="fl-dc">
         <path>C:\ti\ccstheia151\ccs\tools\compiler\ti-cgt-armllvm_4.0.0.LTS\lib\armv6m-ti-none-eabi\</path>
         <kind>archive</kind>
         <file>libclang_rt.builtins.a</file>
         <name>aeabi_memset.S.obj</name>
      </input_file>
      <input_file id="fl-dd">
         <path>C:\ti\ccstheia151\ccs\tools\compiler\ti-cgt-armllvm_4.0.0.LTS\lib\armv6m-ti-none-eabi\</path>
         <kind>archive</kind>
         <file>libclang_rt.builtins.a</file>
         <name>aeabi_uidivmod.S.obj</name>
      </input_file>
      <input_file id="fl-de">
         <path>C:\ti\ccstheia151\ccs\tools\compiler\ti-cgt-armllvm_4.0.0.LTS\lib\armv6m-ti-none-eabi\</path>
         <kind>archive</kind>
         <file>libclang_rt.builtins.a</file>
         <name>aeabi_div0.c.obj</name>
      </input_file>
      <input_file id="fl-df">
         <path>C:\ti\ccstheia151\ccs\tools\compiler\ti-cgt-armllvm_4.0.0.LTS\lib\armv6m-ti-none-eabi\c\</path>
         <kind>archive</kind>
         <file>libc.a</file>
         <name>memcpy16.S.obj</name>
      </input_file>
      <input_file id="fl-e0">
         <path>C:\ti\ccstheia151\ccs\tools\compiler\ti-cgt-armllvm_4.0.0.LTS\lib\armv6m-ti-none-eabi\c\</path>
         <kind>archive</kind>
         <file>libc.a</file>
         <name>memset16.S.obj</name>
      </input_file>
   </input_file_list>
   <object_component_list>
      <object_component id="oc-18">
         <name>.intvecs</name>
         <load_address>0x0</load_address>
         <readonly>true</readonly>
         <run_address>0x0</run_address>
         <size>0xc0</size>
         <alignment>0x4</alignment>
         <input_file_ref idref="fl-9"/>
      </object_component>
      <object_component id="oc-126">
         <name>.text.cmd_data_setup</name>
         <load_address>0xc0</load_address>
         <readonly>true</readonly>
         <executable>true</executable>
         <run_address>0xc0</run_address>
         <size>0x264</size>
         <alignment>0x4</alignment>
         <input_file_ref idref="fl-2"/>
      </object_component>
      <object_component id="oc-70">
         <name>.text.UART_Interface_IRQ</name>
         <load_address>0x324</load_address>
         <readonly>true</readonly>
         <executable>true</executable>
         <run_address>0x324</run_address>
         <size>0x1de</size>
         <alignment>0x4</alignment>
         <input_file_ref idref="fl-44"/>
      </object_component>
      <object_component id="oc-234">
         <name>.text.__aeabi_idiv0</name>
         <load_address>0x502</load_address>
         <readonly>true</readonly>
         <executable>true</executable>
         <run_address>0x502</run_address>
         <size>0x2</size>
         <alignment>0x2</alignment>
         <input_file_ref idref="fl-de"/>
      </object_component>
      <object_component id="oc-191">
         <name>.text.UART_Interface_Initialize</name>
         <load_address>0x504</load_address>
         <readonly>true</readonly>
         <executable>true</executable>
         <run_address>0x504</run_address>
         <size>0x17c</size>
         <alignment>0x4</alignment>
         <input_file_ref idref="fl-44"/>
      </object_component>
      <object_component id="oc-201">
         <name>.text.i2c_common</name>
         <load_address>0x680</load_address>
         <readonly>true</readonly>
         <executable>true</executable>
         <run_address>0x680</run_address>
         <size>0x178</size>
         <alignment>0x4</alignment>
         <input_file_ref idref="fl-6"/>
      </object_component>
      <object_component id="oc-119">
         <name>.text.SYSCFG_DL_GPIO_init</name>
         <load_address>0x7f8</load_address>
         <readonly>true</readonly>
         <executable>true</executable>
         <run_address>0x7f8</run_address>
         <size>0x16c</size>
         <alignment>0x4</alignment>
         <input_file_ref idref="fl-8"/>
      </object_component>
      <object_component id="oc-ef">
         <name>.text.usb_fsm</name>
         <load_address>0x964</load_address>
         <readonly>true</readonly>
         <executable>true</executable>
         <run_address>0x964</run_address>
         <size>0x104</size>
         <alignment>0x4</alignment>
         <input_file_ref idref="fl-c"/>
      </object_component>
      <object_component id="oc-192">
         <name>.text.Timer_Timeout_Inialize</name>
         <load_address>0xa68</load_address>
         <readonly>true</readonly>
         <executable>true</executable>
         <run_address>0xa68</run_address>
         <size>0x100</size>
         <alignment>0x4</alignment>
         <input_file_ref idref="fl-43"/>
      </object_component>
      <object_component id="oc-81">
         <name>.text.I2C_Controller_IRQ</name>
         <load_address>0xb68</load_address>
         <readonly>true</readonly>
         <executable>true</executable>
         <run_address>0xb68</run_address>
         <size>0xfe</size>
         <alignment>0x4</alignment>
         <input_file_ref idref="fl-41"/>
      </object_component>
      <object_component id="oc-1c5">
         <name>.text.Delay_Timer_Initialize</name>
         <load_address>0xc68</load_address>
         <readonly>true</readonly>
         <executable>true</executable>
         <run_address>0xc68</run_address>
         <size>0xf4</size>
         <alignment>0x4</alignment>
         <input_file_ref idref="fl-4"/>
      </object_component>
      <object_component id="oc-167">
         <name>.text.DL_Timer_initTimerMode</name>
         <load_address>0xd5c</load_address>
         <readonly>true</readonly>
         <executable>true</executable>
         <run_address>0xd5c</run_address>
         <size>0xe8</size>
         <alignment>0x4</alignment>
         <input_file_ref idref="fl-1e"/>
      </object_component>
      <object_component id="oc-24d">
         <name>.text.mux_select</name>
         <load_address>0xe44</load_address>
         <readonly>true</readonly>
         <executable>true</executable>
         <run_address>0xe44</run_address>
         <size>0xd4</size>
         <alignment>0x4</alignment>
         <input_file_ref idref="fl-a"/>
      </object_component>
      <object_component id="oc-194">
         <name>.text.usb_cmd_data_setup</name>
         <load_address>0xf18</load_address>
         <readonly>true</readonly>
         <executable>true</executable>
         <run_address>0xf18</run_address>
         <size>0xce</size>
         <alignment>0x2</alignment>
         <input_file_ref idref="fl-c"/>
      </object_component>
      <object_component id="oc-208">
         <name>.text.read_mux_adc</name>
         <load_address>0xfe8</load_address>
         <readonly>true</readonly>
         <executable>true</executable>
         <run_address>0xfe8</run_address>
         <size>0xcc</size>
         <alignment>0x4</alignment>
         <input_file_ref idref="fl-3"/>
      </object_component>
      <object_component id="oc-1c1">
         <name>.text.ramp_supply_2v7_1_site_0</name>
         <load_address>0x10b4</load_address>
         <readonly>true</readonly>
         <executable>true</executable>
         <run_address>0x10b4</run_address>
         <size>0xb8</size>
         <alignment>0x4</alignment>
         <input_file_ref idref="fl-3"/>
      </object_component>
      <object_component id="oc-5f">
         <name>.text.SPI_IRQ</name>
         <load_address>0x116c</load_address>
         <readonly>true</readonly>
         <executable>true</executable>
         <run_address>0x116c</run_address>
         <size>0xb2</size>
         <alignment>0x2</alignment>
         <input_file_ref idref="fl-42"/>
      </object_component>
      <object_component id="oc-229">
         <name>.text.UART_Interface_Start_Transmit</name>
         <load_address>0x121e</load_address>
         <readonly>true</readonly>
         <executable>true</executable>
         <run_address>0x121e</run_address>
         <size>0xa4</size>
         <alignment>0x2</alignment>
         <input_file_ref idref="fl-44"/>
      </object_component>
      <object_component id="oc-1d4">
         <name>.text.UART_Interface_Start_Receive</name>
         <load_address>0x12c2</load_address>
         <readonly>true</readonly>
         <executable>true</executable>
         <run_address>0x12c2</run_address>
         <size>0xa0</size>
         <alignment>0x2</alignment>
         <input_file_ref idref="fl-44"/>
      </object_component>
      <object_component id="oc-24e">
         <name>.text.ADC122S625_Read</name>
         <load_address>0x1364</load_address>
         <readonly>true</readonly>
         <executable>true</executable>
         <run_address>0x1364</run_address>
         <size>0x9c</size>
         <alignment>0x4</alignment>
         <input_file_ref idref="fl-1"/>
      </object_component>
      <object_component id="oc-1c3">
         <name>.text.I2C_Controller_Initialize</name>
         <load_address>0x1400</load_address>
         <readonly>true</readonly>
         <executable>true</executable>
         <run_address>0x1400</run_address>
         <size>0x98</size>
         <alignment>0x4</alignment>
         <input_file_ref idref="fl-41"/>
      </object_component>
      <object_component id="oc-1d5">
         <name>.text.validate_usb_rx_data</name>
         <load_address>0x1498</load_address>
         <readonly>true</readonly>
         <executable>true</executable>
         <run_address>0x1498</run_address>
         <size>0x90</size>
         <alignment>0x4</alignment>
         <input_file_ref idref="fl-c"/>
      </object_component>
      <object_component id="oc-118">
         <name>.text.SYSCFG_DL_initPower</name>
         <load_address>0x1528</load_address>
         <readonly>true</readonly>
         <executable>true</executable>
         <run_address>0x1528</run_address>
         <size>0x8c</size>
         <alignment>0x4</alignment>
         <input_file_ref idref="fl-8"/>
      </object_component>
      <object_component id="oc-1c4">
         <name>.text.SPI_Initialize</name>
         <load_address>0x15b4</load_address>
         <readonly>true</readonly>
         <executable>true</executable>
         <run_address>0x15b4</run_address>
         <size>0x88</size>
         <alignment>0x4</alignment>
         <input_file_ref idref="fl-42"/>
      </object_component>
      <object_component id="oc-137">
         <name>.text.process_usb_command</name>
         <load_address>0x163c</load_address>
         <readonly>true</readonly>
         <executable>true</executable>
         <run_address>0x163c</run_address>
         <size>0x84</size>
         <alignment>0x4</alignment>
         <input_file_ref idref="fl-c"/>
      </object_component>
      <object_component id="oc-1c8">
         <name>.text.MUX2_init</name>
         <load_address>0x16c0</load_address>
         <readonly>true</readonly>
         <executable>true</executable>
         <run_address>0x16c0</run_address>
         <size>0x7c</size>
         <alignment>0x4</alignment>
         <input_file_ref idref="fl-a"/>
      </object_component>
      <object_component id="oc-1ca">
         <name>.text.MUX4_init</name>
         <load_address>0x173c</load_address>
         <readonly>true</readonly>
         <executable>true</executable>
         <run_address>0x173c</run_address>
         <size>0x7c</size>
         <alignment>0x4</alignment>
         <input_file_ref idref="fl-a"/>
      </object_component>
      <object_component id="oc-1c">
         <name>.text:decompress:lzss</name>
         <load_address>0x17b8</load_address>
         <readonly>true</readonly>
         <executable>true</executable>
         <run_address>0x17b8</run_address>
         <size>0x7c</size>
         <alignment>0x4</alignment>
         <input_file_ref idref="fl-3d"/>
      </object_component>
      <object_component id="oc-1f0">
         <name>.text.UART_rxDMA_Initialize</name>
         <load_address>0x1834</load_address>
         <readonly>true</readonly>
         <executable>true</executable>
         <run_address>0x1834</run_address>
         <size>0x78</size>
         <alignment>0x4</alignment>
         <input_file_ref idref="fl-44"/>
      </object_component>
      <object_component id="oc-26d">
         <name>.text.mux2_set_select</name>
         <load_address>0x18ac</load_address>
         <readonly>true</readonly>
         <executable>true</executable>
         <run_address>0x18ac</run_address>
         <size>0x78</size>
         <alignment>0x4</alignment>
         <input_file_ref idref="fl-a"/>
      </object_component>
      <object_component id="oc-26f">
         <name>.text.mux4_set_select</name>
         <load_address>0x1924</load_address>
         <readonly>true</readonly>
         <executable>true</executable>
         <run_address>0x1924</run_address>
         <size>0x78</size>
         <alignment>0x4</alignment>
         <input_file_ref idref="fl-a"/>
      </object_component>
      <object_component id="oc-272">
         <name>.text.SPI_Transact</name>
         <load_address>0x199c</load_address>
         <readonly>true</readonly>
         <executable>true</executable>
         <run_address>0x199c</run_address>
         <size>0x76</size>
         <alignment>0x2</alignment>
         <input_file_ref idref="fl-42"/>
      </object_component>
      <object_component id="oc-1f1">
         <name>.text.UART_txDMA_Initialize</name>
         <load_address>0x1a12</load_address>
         <readonly>true</readonly>
         <executable>true</executable>
         <run_address>0x1a12</run_address>
         <size>0x74</size>
         <alignment>0x2</alignment>
         <input_file_ref idref="fl-44"/>
      </object_component>
      <object_component id="oc-26c">
         <name>.text.mux1_set_select</name>
         <load_address>0x1a88</load_address>
         <readonly>true</readonly>
         <executable>true</executable>
         <run_address>0x1a88</run_address>
         <size>0x74</size>
         <alignment>0x4</alignment>
         <input_file_ref idref="fl-a"/>
      </object_component>
      <object_component id="oc-247">
         <name>.text.I2C_Controller_Start_Transmit</name>
         <load_address>0x1afc</load_address>
         <readonly>true</readonly>
         <executable>true</executable>
         <run_address>0x1afc</run_address>
         <size>0x70</size>
         <alignment>0x2</alignment>
         <input_file_ref idref="fl-41"/>
      </object_component>
      <object_component id="oc-193">
         <name>.text.UART_Target_Initialize</name>
         <load_address>0x1b6c</load_address>
         <readonly>true</readonly>
         <executable>true</executable>
         <run_address>0x1b6c</run_address>
         <size>0x70</size>
         <alignment>0x4</alignment>
         <input_file_ref idref="fl-45"/>
      </object_component>
      <object_component id="oc-26e">
         <name>.text.mux3_set_select</name>
         <load_address>0x1bdc</load_address>
         <readonly>true</readonly>
         <executable>true</executable>
         <run_address>0x1bdc</run_address>
         <size>0x70</size>
         <alignment>0x4</alignment>
         <input_file_ref idref="fl-a"/>
      </object_component>
      <object_component id="oc-248">
         <name>.text.I2C_Wait_With_Timeout</name>
         <load_address>0x1c4c</load_address>
         <readonly>true</readonly>
         <executable>true</executable>
         <run_address>0x1c4c</run_address>
         <size>0x6c</size>
         <alignment>0x4</alignment>
         <input_file_ref idref="fl-6"/>
      </object_component>
      <object_component id="oc-1c7">
         <name>.text.MUX1_init</name>
         <load_address>0x1cb8</load_address>
         <readonly>true</readonly>
         <executable>true</executable>
         <run_address>0x1cb8</run_address>
         <size>0x6c</size>
         <alignment>0x4</alignment>
         <input_file_ref idref="fl-a"/>
      </object_component>
      <object_component id="oc-1c9">
         <name>.text.MUX3_init</name>
         <load_address>0x1d24</load_address>
         <readonly>true</readonly>
         <executable>true</executable>
         <run_address>0x1d24</run_address>
         <size>0x6c</size>
         <alignment>0x4</alignment>
         <input_file_ref idref="fl-a"/>
      </object_component>
      <object_component id="oc-242">
         <name>.text.targetRxInProgressCb</name>
         <load_address>0x1d90</load_address>
         <readonly>true</readonly>
         <executable>true</executable>
         <run_address>0x1d90</run_address>
         <size>0x6c</size>
         <alignment>0x4</alignment>
         <input_file_ref idref="fl-45"/>
      </object_component>
      <object_component id="oc-1bd">
         <name>.text.voltage_current_measurement_site_on_1</name>
         <load_address>0x1dfc</load_address>
         <readonly>true</readonly>
         <executable>true</executable>
         <run_address>0x1dfc</run_address>
         <size>0x6c</size>
         <alignment>0x4</alignment>
         <input_file_ref idref="fl-3"/>
      </object_component>
      <object_component id="oc-221">
         <name>.text.send_u32_hex</name>
         <load_address>0x1e68</load_address>
         <readonly>true</readonly>
         <executable>true</executable>
         <run_address>0x1e68</run_address>
         <size>0x68</size>
         <alignment>0x4</alignment>
         <input_file_ref idref="fl-3"/>
      </object_component>
      <object_component id="oc-1fd">
         <name>.text.UART_Target_AssignCallBacks</name>
         <load_address>0x1ed0</load_address>
         <readonly>true</readonly>
         <executable>true</executable>
         <run_address>0x1ed0</run_address>
         <size>0x64</size>
         <alignment>0x4</alignment>
         <input_file_ref idref="fl-45"/>
      </object_component>
      <object_component id="oc-11d">
         <name>.text.SYSCFG_DL_I2C_0_init</name>
         <load_address>0x1f34</load_address>
         <readonly>true</readonly>
         <executable>true</executable>
         <run_address>0x1f34</run_address>
         <size>0x60</size>
         <alignment>0x4</alignment>
         <input_file_ref idref="fl-8"/>
      </object_component>
      <object_component id="oc-11e">
         <name>.text.SYSCFG_DL_UART_0_init</name>
         <load_address>0x1f94</load_address>
         <readonly>true</readonly>
         <executable>true</executable>
         <run_address>0x1f94</run_address>
         <size>0x60</size>
         <alignment>0x4</alignment>
         <input_file_ref idref="fl-8"/>
      </object_component>
      <object_component id="oc-125">
         <name>.text.usb_init</name>
         <load_address>0x1ff4</load_address>
         <readonly>true</readonly>
         <executable>true</executable>
         <run_address>0x1ff4</run_address>
         <size>0x60</size>
         <alignment>0x4</alignment>
         <input_file_ref idref="fl-c"/>
      </object_component>
      <object_component id="oc-d6">
         <name>.text.DL_I2C_fillControllerTXFIFO</name>
         <load_address>0x2054</load_address>
         <readonly>true</readonly>
         <executable>true</executable>
         <run_address>0x2054</run_address>
         <size>0x5e</size>
         <alignment>0x2</alignment>
         <input_file_ref idref="fl-1c"/>
      </object_component>
      <object_component id="oc-1a4">
         <name>.text.switch_voltage_press_site_0</name>
         <load_address>0x20b4</load_address>
         <readonly>true</readonly>
         <executable>true</executable>
         <run_address>0x20b4</run_address>
         <size>0x5c</size>
         <alignment>0x4</alignment>
         <input_file_ref idref="fl-3"/>
      </object_component>
      <object_component id="oc-1fc">
         <name>.text.Timer_Timeout_Time_Set</name>
         <load_address>0x2110</load_address>
         <readonly>true</readonly>
         <executable>true</executable>
         <run_address>0x2110</run_address>
         <size>0x5a</size>
         <alignment>0x2</alignment>
         <input_file_ref idref="fl-43"/>
      </object_component>
      <object_component id="oc-110">
         <name>.text.getControllerStatus</name>
         <load_address>0x216a</load_address>
         <readonly>true</readonly>
         <executable>true</executable>
         <run_address>0x216a</run_address>
         <size>0x58</size>
         <alignment>0x2</alignment>
         <input_file_ref idref="fl-41"/>
      </object_component>
      <object_component id="oc-279">
         <name>.text.DL_SPI_drainRXFIFO16</name>
         <load_address>0x21c4</load_address>
         <readonly>true</readonly>
         <executable>true</executable>
         <run_address>0x21c4</run_address>
         <size>0x54</size>
         <alignment>0x4</alignment>
         <input_file_ref idref="fl-1d"/>
      </object_component>
      <object_component id="oc-c6">
         <name>.text.DL_UART_drainRXFIFO</name>
         <load_address>0x2218</load_address>
         <readonly>true</readonly>
         <executable>true</executable>
         <run_address>0x2218</run_address>
         <size>0x54</size>
         <alignment>0x4</alignment>
         <input_file_ref idref="fl-1f"/>
      </object_component>
      <object_component id="oc-cc">
         <name>.text.DL_UART_fillTXFIFO</name>
         <load_address>0x226c</load_address>
         <readonly>true</readonly>
         <executable>true</executable>
         <run_address>0x226c</run_address>
         <size>0x54</size>
         <alignment>0x4</alignment>
         <input_file_ref idref="fl-1f"/>
      </object_component>
      <object_component id="oc-26a">
         <name>.text.DL_I2C_startControllerTransfer</name>
         <load_address>0x22c0</load_address>
         <readonly>true</readonly>
         <executable>true</executable>
         <run_address>0x22c0</run_address>
         <size>0x50</size>
         <alignment>0x4</alignment>
         <input_file_ref idref="fl-41"/>
      </object_component>
      <object_component id="oc-207">
         <name>.text.ldo_power_on_site_0</name>
         <load_address>0x2310</load_address>
         <readonly>true</readonly>
         <executable>true</executable>
         <run_address>0x2310</run_address>
         <size>0x50</size>
         <alignment>0x4</alignment>
         <input_file_ref idref="fl-3"/>
      </object_component>
      <object_component id="oc-20f">
         <name>.text.ldo_power_on_site_1</name>
         <load_address>0x2360</load_address>
         <readonly>true</readonly>
         <executable>true</executable>
         <run_address>0x2360</run_address>
         <size>0x50</size>
         <alignment>0x4</alignment>
         <input_file_ref idref="fl-3"/>
      </object_component>
      <object_component id="oc-203">
         <name>.text.opamp_en</name>
         <load_address>0x23b0</load_address>
         <readonly>true</readonly>
         <executable>true</executable>
         <run_address>0x23b0</run_address>
         <size>0x50</size>
         <alignment>0x4</alignment>
         <input_file_ref idref="fl-3"/>
      </object_component>
      <object_component id="oc-19c">
         <name>.text.power_supply_2v7_2_site_0</name>
         <load_address>0x2400</load_address>
         <readonly>true</readonly>
         <executable>true</executable>
         <run_address>0x2400</run_address>
         <size>0x50</size>
         <alignment>0x4</alignment>
         <input_file_ref idref="fl-3"/>
      </object_component>
      <object_component id="oc-195">
         <name>.text.power_supply_3v3_1_site_0</name>
         <load_address>0x2450</load_address>
         <readonly>true</readonly>
         <executable>true</executable>
         <run_address>0x2450</run_address>
         <size>0x50</size>
         <alignment>0x4</alignment>
         <input_file_ref idref="fl-3"/>
      </object_component>
      <object_component id="oc-1a0">
         <name>.text.voltage_current_measurement_site_on</name>
         <load_address>0x24a0</load_address>
         <readonly>true</readonly>
         <executable>true</executable>
         <run_address>0x24a0</run_address>
         <size>0x50</size>
         <alignment>0x4</alignment>
         <input_file_ref idref="fl-3"/>
      </object_component>
      <object_component id="oc-17c">
         <name>.text.DL_UART_setBaudRateDivisor</name>
         <load_address>0x24f0</load_address>
         <readonly>true</readonly>
         <executable>true</executable>
         <run_address>0x24f0</run_address>
         <size>0x4c</size>
         <alignment>0x4</alignment>
         <input_file_ref idref="fl-8"/>
      </object_component>
      <object_component id="oc-136">
         <name>.text.UART_Target_Receive</name>
         <load_address>0x253c</load_address>
         <readonly>true</readonly>
         <executable>true</executable>
         <run_address>0x253c</run_address>
         <size>0x4c</size>
         <alignment>0x4</alignment>
         <input_file_ref idref="fl-45"/>
      </object_component>
      <object_component id="oc-19a">
         <name>.text.power_supply_2v7_1_site_0</name>
         <load_address>0x2588</load_address>
         <readonly>true</readonly>
         <executable>true</executable>
         <run_address>0x2588</run_address>
         <size>0x4c</size>
         <alignment>0x4</alignment>
         <input_file_ref idref="fl-3"/>
      </object_component>
      <object_component id="oc-198">
         <name>.text.power_supply_3v3_2_site_0</name>
         <load_address>0x25d4</load_address>
         <readonly>true</readonly>
         <executable>true</executable>
         <run_address>0x25d4</run_address>
         <size>0x4c</size>
         <alignment>0x4</alignment>
         <input_file_ref idref="fl-3"/>
      </object_component>
      <object_component id="oc-17a">
         <name>.text.DL_UART_init</name>
         <load_address>0x2620</load_address>
         <readonly>true</readonly>
         <executable>true</executable>
         <run_address>0x2620</run_address>
         <size>0x48</size>
         <alignment>0x4</alignment>
         <input_file_ref idref="fl-1f"/>
      </object_component>
      <object_component id="oc-11f">
         <name>.text.SYSCFG_DL_SPI_0_init</name>
         <load_address>0x2668</load_address>
         <readonly>true</readonly>
         <executable>true</executable>
         <run_address>0x2668</run_address>
         <size>0x48</size>
         <alignment>0x4</alignment>
         <input_file_ref idref="fl-8"/>
      </object_component>
      <object_component id="oc-249">
         <name>.text.I2C_Controller_Start_Receive</name>
         <load_address>0x26b0</load_address>
         <readonly>true</readonly>
         <executable>true</executable>
         <run_address>0x26b0</run_address>
         <size>0x46</size>
         <alignment>0x2</alignment>
         <input_file_ref idref="fl-41"/>
      </object_component>
      <object_component id="oc-18a">
         <name>.text.DL_SPI_init</name>
         <load_address>0x26f8</load_address>
         <readonly>true</readonly>
         <executable>true</executable>
         <run_address>0x26f8</run_address>
         <size>0x44</size>
         <alignment>0x4</alignment>
         <input_file_ref idref="fl-1d"/>
      </object_component>
      <object_component id="oc-e9">
         <name>.text.SYSCFG_DL_init</name>
         <load_address>0x273c</load_address>
         <readonly>true</readonly>
         <executable>true</executable>
         <run_address>0x273c</run_address>
         <size>0x44</size>
         <alignment>0x4</alignment>
         <input_file_ref idref="fl-8"/>
      </object_component>
      <object_component id="oc-1f4">
         <name>.text.__aeabi_uidivmod</name>
         <load_address>0x2780</load_address>
         <readonly>true</readonly>
         <executable>true</executable>
         <run_address>0x2780</run_address>
         <size>0x40</size>
         <alignment>0x4</alignment>
         <input_file_ref idref="fl-dd"/>
      </object_component>
      <object_component id="oc-1bf">
         <name>.text.power_supply_3v3_2_site_1</name>
         <load_address>0x27c0</load_address>
         <readonly>true</readonly>
         <executable>true</executable>
         <run_address>0x27c0</run_address>
         <size>0x40</size>
         <alignment>0x4</alignment>
         <input_file_ref idref="fl-3"/>
      </object_component>
      <object_component id="oc-153">
         <name>.text.DL_GPIO_initPeripheralInputFunctionFeatures</name>
         <load_address>0x2800</load_address>
         <readonly>true</readonly>
         <executable>true</executable>
         <run_address>0x2800</run_address>
         <size>0x3c</size>
         <alignment>0x4</alignment>
         <input_file_ref idref="fl-8"/>
      </object_component>
      <object_component id="oc-267">
         <name>.text.DL_I2C_flushControllerTXFIFO</name>
         <load_address>0x283c</load_address>
         <readonly>true</readonly>
         <executable>true</executable>
         <run_address>0x283c</run_address>
         <size>0x3c</size>
         <alignment>0x4</alignment>
         <input_file_ref idref="fl-1c"/>
      </object_component>
      <object_component id="oc-269">
         <name>.text.DL_I2C_flushTargetTXFIFO</name>
         <load_address>0x2878</load_address>
         <readonly>true</readonly>
         <executable>true</executable>
         <run_address>0x2878</run_address>
         <size>0x3c</size>
         <alignment>0x4</alignment>
         <input_file_ref idref="fl-1c"/>
      </object_component>
      <object_component id="oc-1d6">
         <name>.text.UART_Target_Transmit</name>
         <load_address>0x28b4</load_address>
         <readonly>true</readonly>
         <executable>true</executable>
         <run_address>0x28b4</run_address>
         <size>0x3c</size>
         <alignment>0x4</alignment>
         <input_file_ref idref="fl-45"/>
      </object_component>
      <object_component id="oc-20d">
         <name>.text.switch_off_select</name>
         <load_address>0x28f0</load_address>
         <readonly>true</readonly>
         <executable>true</executable>
         <run_address>0x28f0</run_address>
         <size>0x3c</size>
         <alignment>0x2</alignment>
         <input_file_ref idref="fl-b"/>
      </object_component>
      <object_component id="oc-209">
         <name>.text.switch_on_select</name>
         <load_address>0x292c</load_address>
         <readonly>true</readonly>
         <executable>true</executable>
         <run_address>0x292c</run_address>
         <size>0x3c</size>
         <alignment>0x2</alignment>
         <input_file_ref idref="fl-b"/>
      </object_component>
      <object_component id="oc-f9">
         <name>.text:__TI_auto_init_nobinit_nopinit</name>
         <load_address>0x2968</load_address>
         <readonly>true</readonly>
         <executable>true</executable>
         <run_address>0x2968</run_address>
         <size>0x3c</size>
         <alignment>0x4</alignment>
         <input_file_ref idref="fl-38"/>
      </object_component>
      <object_component id="oc-233">
         <name>.text.DL_DMA_setTrigger</name>
         <load_address>0x29a4</load_address>
         <readonly>true</readonly>
         <executable>true</executable>
         <run_address>0x29a4</run_address>
         <size>0x38</size>
         <alignment>0x4</alignment>
         <input_file_ref idref="fl-44"/>
      </object_component>
      <object_component id="oc-263">
         <name>.text.Timer_Timeout_Start</name>
         <load_address>0x29dc</load_address>
         <readonly>true</readonly>
         <executable>true</executable>
         <run_address>0x29dc</run_address>
         <size>0x36</size>
         <alignment>0x2</alignment>
         <input_file_ref idref="fl-43"/>
      </object_component>
      <object_component id="oc-265">
         <name>.text.UART_Interface_Stop_Receive</name>
         <load_address>0x2a12</load_address>
         <readonly>true</readonly>
         <executable>true</executable>
         <run_address>0x2a12</run_address>
         <size>0x36</size>
         <alignment>0x2</alignment>
         <input_file_ref idref="fl-44"/>
      </object_component>
      <object_component id="oc-22e">
         <name>.text.DL_DMA_configMode</name>
         <load_address>0x2a48</load_address>
         <readonly>true</readonly>
         <executable>true</executable>
         <run_address>0x2a48</run_address>
         <size>0x34</size>
         <alignment>0x2</alignment>
         <input_file_ref idref="fl-44"/>
      </object_component>
      <object_component id="oc-11b">
         <name>.text.SYSCFG_DL_TIMER_0_init</name>
         <load_address>0x2a7c</load_address>
         <readonly>true</readonly>
         <executable>true</executable>
         <run_address>0x2a7c</run_address>
         <size>0x34</size>
         <alignment>0x4</alignment>
         <input_file_ref idref="fl-8"/>
      </object_component>
      <object_component id="oc-11c">
         <name>.text.SYSCFG_DL_TIMER_2_init</name>
         <load_address>0x2ab0</load_address>
         <readonly>true</readonly>
         <executable>true</executable>
         <run_address>0x2ab0</run_address>
         <size>0x34</size>
         <alignment>0x4</alignment>
         <input_file_ref idref="fl-8"/>
      </object_component>
      <object_component id="oc-244">
         <name>.text.timerCallback</name>
         <load_address>0x2ae4</load_address>
         <readonly>true</readonly>
         <executable>true</executable>
         <run_address>0x2ae4</run_address>
         <size>0x34</size>
         <alignment>0x4</alignment>
         <input_file_ref idref="fl-45"/>
      </object_component>
      <object_component id="oc-230">
         <name>.text.DL_DMA_setDestWidth</name>
         <load_address>0x2b18</load_address>
         <readonly>true</readonly>
         <executable>true</executable>
         <run_address>0x2b18</run_address>
         <size>0x32</size>
         <alignment>0x2</alignment>
         <input_file_ref idref="fl-44"/>
      </object_component>
      <object_component id="oc-22f">
         <name>.text.DL_DMA_setDestIncrement</name>
         <load_address>0x2b4a</load_address>
         <readonly>true</readonly>
         <executable>true</executable>
         <run_address>0x2b4a</run_address>
         <size>0x30</size>
         <alignment>0x2</alignment>
         <input_file_ref idref="fl-44"/>
      </object_component>
      <object_component id="oc-232">
         <name>.text.DL_DMA_setSrcWidth</name>
         <load_address>0x2b7a</load_address>
         <readonly>true</readonly>
         <executable>true</executable>
         <run_address>0x2b7a</run_address>
         <size>0x30</size>
         <alignment>0x2</alignment>
         <input_file_ref idref="fl-44"/>
      </object_component>
      <object_component id="oc-223">
         <name>.text.DL_DMA_setTransferSize</name>
         <load_address>0x2bac</load_address>
         <readonly>true</readonly>
         <executable>true</executable>
         <run_address>0x2bac</run_address>
         <size>0x30</size>
         <alignment>0x4</alignment>
         <input_file_ref idref="fl-44"/>
      </object_component>
      <object_component id="oc-278">
         <name>.text.DL_GPIO_writePinsVal</name>
         <load_address>0x2bdc</load_address>
         <readonly>true</readonly>
         <executable>true</executable>
         <run_address>0x2bdc</run_address>
         <size>0x30</size>
         <alignment>0x2</alignment>
         <input_file_ref idref="fl-a"/>
      </object_component>
      <object_component id="oc-268">
         <name>.text.DL_I2C_flushControllerRXFIFO</name>
         <load_address>0x2c0c</load_address>
         <readonly>true</readonly>
         <executable>true</executable>
         <run_address>0x2c0c</run_address>
         <size>0x30</size>
         <alignment>0x4</alignment>
         <input_file_ref idref="fl-1c"/>
      </object_component>
      <object_component id="oc-18c">
         <name>.text.DL_SPI_setFIFOThreshold</name>
         <load_address>0x2c3c</load_address>
         <readonly>true</readonly>
         <executable>true</executable>
         <run_address>0x2c3c</run_address>
         <size>0x30</size>
         <alignment>0x4</alignment>
         <input_file_ref idref="fl-8"/>
      </object_component>
      <object_component id="oc-200">
         <name>.text.ldo_power_off_site_0</name>
         <load_address>0x2c6c</load_address>
         <readonly>true</readonly>
         <executable>true</executable>
         <run_address>0x2c6c</run_address>
         <size>0x30</size>
         <alignment>0x2</alignment>
         <input_file_ref idref="fl-3"/>
      </object_component>
      <object_component id="oc-1cb">
         <name>.text.mux_disable_all</name>
         <load_address>0x2c9c</load_address>
         <readonly>true</readonly>
         <executable>true</executable>
         <run_address>0x2c9c</run_address>
         <size>0x30</size>
         <alignment>0x4</alignment>
         <input_file_ref idref="fl-a"/>
      </object_component>
      <object_component id="oc-1cf">
         <name>.text.reset_io_expander</name>
         <load_address>0x2ccc</load_address>
         <readonly>true</readonly>
         <executable>true</executable>
         <run_address>0x2ccc</run_address>
         <size>0x30</size>
         <alignment>0x2</alignment>
         <input_file_ref idref="fl-3"/>
      </object_component>
      <object_component id="oc-240">
         <name>.text.targetRxDoneCb</name>
         <load_address>0x2cfc</load_address>
         <readonly>true</readonly>
         <executable>true</executable>
         <run_address>0x2cfc</run_address>
         <size>0x30</size>
         <alignment>0x4</alignment>
         <input_file_ref idref="fl-45"/>
      </object_component>
      <object_component id="oc-241">
         <name>.text.targetTxDoneCb</name>
         <load_address>0x2d2c</load_address>
         <readonly>true</readonly>
         <executable>true</executable>
         <run_address>0x2d2c</run_address>
         <size>0x30</size>
         <alignment>0x4</alignment>
         <input_file_ref idref="fl-45"/>
      </object_component>
      <object_component id="oc-231">
         <name>.text.DL_DMA_setSrcIncrement</name>
         <load_address>0x2d5c</load_address>
         <readonly>true</readonly>
         <executable>true</executable>
         <run_address>0x2d5c</run_address>
         <size>0x2e</size>
         <alignment>0x2</alignment>
         <input_file_ref idref="fl-44"/>
      </object_component>
      <object_component id="oc-20b">
         <name>.text.Delay_Timer_Start</name>
         <load_address>0x2d8a</load_address>
         <readonly>true</readonly>
         <executable>true</executable>
         <run_address>0x2d8a</run_address>
         <size>0x2c</size>
         <alignment>0x2</alignment>
         <input_file_ref idref="fl-4"/>
      </object_component>
      <object_component id="oc-246">
         <name>.text.I2C_Reset_Peripheral</name>
         <load_address>0x2db8</load_address>
         <readonly>true</readonly>
         <executable>true</executable>
         <run_address>0x2db8</run_address>
         <size>0x2c</size>
         <alignment>0x4</alignment>
         <input_file_ref idref="fl-6"/>
      </object_component>
      <object_component id="oc-210">
         <name>.text.__NVIC_ClearPendingIRQ</name>
         <load_address>0x2de4</load_address>
         <readonly>true</readonly>
         <executable>true</executable>
         <run_address>0x2de4</run_address>
         <size>0x2c</size>
         <alignment>0x4</alignment>
         <input_file_ref idref="fl-41"/>
      </object_component>
      <object_component id="oc-216">
         <name>.text.__NVIC_ClearPendingIRQ</name>
         <load_address>0x2e10</load_address>
         <readonly>true</readonly>
         <executable>true</executable>
         <run_address>0x2e10</run_address>
         <size>0x2c</size>
         <alignment>0x4</alignment>
         <input_file_ref idref="fl-42"/>
      </object_component>
      <object_component id="oc-1f9">
         <name>.text.__NVIC_ClearPendingIRQ</name>
         <load_address>0x2e3c</load_address>
         <readonly>true</readonly>
         <executable>true</executable>
         <run_address>0x2e3c</run_address>
         <size>0x2c</size>
         <alignment>0x4</alignment>
         <input_file_ref idref="fl-43"/>
      </object_component>
      <object_component id="oc-1ee">
         <name>.text.__NVIC_ClearPendingIRQ</name>
         <load_address>0x2e68</load_address>
         <readonly>true</readonly>
         <executable>true</executable>
         <run_address>0x2e68</run_address>
         <size>0x2c</size>
         <alignment>0x4</alignment>
         <input_file_ref idref="fl-44"/>
      </object_component>
      <object_component id="oc-21b">
         <name>.text.__NVIC_ClearPendingIRQ</name>
         <load_address>0x2e94</load_address>
         <readonly>true</readonly>
         <executable>true</executable>
         <run_address>0x2e94</run_address>
         <size>0x2c</size>
         <alignment>0x4</alignment>
         <input_file_ref idref="fl-4"/>
      </object_component>
      <object_component id="oc-211">
         <name>.text.__NVIC_EnableIRQ</name>
         <load_address>0x2ec0</load_address>
         <readonly>true</readonly>
         <executable>true</executable>
         <run_address>0x2ec0</run_address>
         <size>0x2c</size>
         <alignment>0x4</alignment>
         <input_file_ref idref="fl-41"/>
      </object_component>
      <object_component id="oc-217">
         <name>.text.__NVIC_EnableIRQ</name>
         <load_address>0x2eec</load_address>
         <readonly>true</readonly>
         <executable>true</executable>
         <run_address>0x2eec</run_address>
         <size>0x2c</size>
         <alignment>0x4</alignment>
         <input_file_ref idref="fl-42"/>
      </object_component>
      <object_component id="oc-1fa">
         <name>.text.__NVIC_EnableIRQ</name>
         <load_address>0x2f18</load_address>
         <readonly>true</readonly>
         <executable>true</executable>
         <run_address>0x2f18</run_address>
         <size>0x2c</size>
         <alignment>0x4</alignment>
         <input_file_ref idref="fl-43"/>
      </object_component>
      <object_component id="oc-1ef">
         <name>.text.__NVIC_EnableIRQ</name>
         <load_address>0x2f44</load_address>
         <readonly>true</readonly>
         <executable>true</executable>
         <run_address>0x2f44</run_address>
         <size>0x2c</size>
         <alignment>0x4</alignment>
         <input_file_ref idref="fl-44"/>
      </object_component>
      <object_component id="oc-21c">
         <name>.text.__NVIC_EnableIRQ</name>
         <load_address>0x2f70</load_address>
         <readonly>true</readonly>
         <executable>true</executable>
         <run_address>0x2f70</run_address>
         <size>0x2c</size>
         <alignment>0x4</alignment>
         <input_file_ref idref="fl-4"/>
      </object_component>
      <object_component id="oc-12d">
         <name>.text.mux_init_all</name>
         <load_address>0x2f9c</load_address>
         <readonly>true</readonly>
         <executable>true</executable>
         <run_address>0x2f9c</run_address>
         <size>0x2c</size>
         <alignment>0x4</alignment>
         <input_file_ref idref="fl-a"/>
      </object_component>
      <object_component id="oc-11a">
         <name>.text.SYSCFG_DL_SYSCTL_init</name>
         <load_address>0x2fc8</load_address>
         <readonly>true</readonly>
         <executable>true</executable>
         <run_address>0x2fc8</run_address>
         <size>0x2a</size>
         <alignment>0x2</alignment>
         <input_file_ref idref="fl-8"/>
      </object_component>
      <object_component id="oc-76">
         <name>.text.Timer_Timeout_IRQ</name>
         <load_address>0x2ff2</load_address>
         <readonly>true</readonly>
         <executable>true</executable>
         <run_address>0x2ff2</run_address>
         <size>0x2a</size>
         <alignment>0x2</alignment>
         <input_file_ref idref="fl-43"/>
      </object_component>
      <object_component id="oc-264">
         <name>.text.Timer_Timeout_reStart</name>
         <load_address>0x301c</load_address>
         <readonly>true</readonly>
         <executable>true</executable>
         <run_address>0x301c</run_address>
         <size>0x2a</size>
         <alignment>0x2</alignment>
         <input_file_ref idref="fl-43"/>
      </object_component>
      <object_component id="oc-dc">
         <name>.text.waitForControllerToIdle</name>
         <load_address>0x3046</load_address>
         <readonly>true</readonly>
         <executable>true</executable>
         <run_address>0x3046</run_address>
         <size>0x2a</size>
         <alignment>0x2</alignment>
         <input_file_ref idref="fl-41"/>
      </object_component>
      <object_component id="oc-259">
         <name>.text.DL_Common_updateReg</name>
         <load_address>0x3070</load_address>
         <readonly>true</readonly>
         <executable>true</executable>
         <run_address>0x3070</run_address>
         <size>0x28</size>
         <alignment>0x2</alignment>
         <input_file_ref idref="fl-41"/>
      </object_component>
      <object_component id="oc-23a">
         <name>.text.DL_Common_updateReg</name>
         <load_address>0x3098</load_address>
         <readonly>true</readonly>
         <executable>true</executable>
         <run_address>0x3098</run_address>
         <size>0x28</size>
         <alignment>0x2</alignment>
         <input_file_ref idref="fl-43"/>
      </object_component>
      <object_component id="oc-25f">
         <name>.text.DL_Common_updateReg</name>
         <load_address>0x30c0</load_address>
         <readonly>true</readonly>
         <executable>true</executable>
         <run_address>0x30c0</run_address>
         <size>0x28</size>
         <alignment>0x2</alignment>
         <input_file_ref idref="fl-44"/>
      </object_component>
      <object_component id="oc-25a">
         <name>.text.DL_Common_updateReg</name>
         <load_address>0x30e8</load_address>
         <readonly>true</readonly>
         <executable>true</executable>
         <run_address>0x30e8</run_address>
         <size>0x28</size>
         <alignment>0x2</alignment>
         <input_file_ref idref="fl-4"/>
      </object_component>
      <object_component id="oc-1e9">
         <name>.text.DL_Common_updateReg</name>
         <load_address>0x3110</load_address>
         <readonly>true</readonly>
         <executable>true</executable>
         <run_address>0x3110</run_address>
         <size>0x28</size>
         <alignment>0x2</alignment>
         <input_file_ref idref="fl-8"/>
      </object_component>
      <object_component id="oc-222">
         <name>.text.DL_DMA_setDestAddr</name>
         <load_address>0x3138</load_address>
         <readonly>true</readonly>
         <executable>true</executable>
         <run_address>0x3138</run_address>
         <size>0x28</size>
         <alignment>0x4</alignment>
         <input_file_ref idref="fl-44"/>
      </object_component>
      <object_component id="oc-22d">
         <name>.text.DL_DMA_setSrcAddr</name>
         <load_address>0x3160</load_address>
         <readonly>true</readonly>
         <executable>true</executable>
         <run_address>0x3160</run_address>
         <size>0x28</size>
         <alignment>0x4</alignment>
         <input_file_ref idref="fl-44"/>
      </object_component>
      <object_component id="oc-213">
         <name>.text.DL_I2C_setControllerRXFIFOThreshold</name>
         <load_address>0x3188</load_address>
         <readonly>true</readonly>
         <executable>true</executable>
         <run_address>0x3188</run_address>
         <size>0x28</size>
         <alignment>0x4</alignment>
         <input_file_ref idref="fl-41"/>
      </object_component>
      <object_component id="oc-174">
         <name>.text.DL_I2C_setControllerRXFIFOThreshold</name>
         <load_address>0x31b0</load_address>
         <readonly>true</readonly>
         <executable>true</executable>
         <run_address>0x31b0</run_address>
         <size>0x28</size>
         <alignment>0x4</alignment>
         <input_file_ref idref="fl-8"/>
      </object_component>
      <object_component id="oc-212">
         <name>.text.DL_I2C_setControllerTXFIFOThreshold</name>
         <load_address>0x31d8</load_address>
         <readonly>true</readonly>
         <executable>true</executable>
         <run_address>0x31d8</run_address>
         <size>0x28</size>
         <alignment>0x4</alignment>
         <input_file_ref idref="fl-41"/>
      </object_component>
      <object_component id="oc-173">
         <name>.text.DL_I2C_setControllerTXFIFOThreshold</name>
         <load_address>0x3200</load_address>
         <readonly>true</readonly>
         <executable>true</executable>
         <run_address>0x3200</run_address>
         <size>0x28</size>
         <alignment>0x4</alignment>
         <input_file_ref idref="fl-8"/>
      </object_component>
      <object_component id="oc-17f">
         <name>.text.DL_UART_setRXFIFOThreshold</name>
         <load_address>0x3228</load_address>
         <readonly>true</readonly>
         <executable>true</executable>
         <run_address>0x3228</run_address>
         <size>0x28</size>
         <alignment>0x4</alignment>
         <input_file_ref idref="fl-8"/>
      </object_component>
      <object_component id="oc-180">
         <name>.text.DL_UART_setTXFIFOThreshold</name>
         <load_address>0x3250</load_address>
         <readonly>true</readonly>
         <executable>true</executable>
         <run_address>0x3250</run_address>
         <size>0x28</size>
         <alignment>0x4</alignment>
         <input_file_ref idref="fl-8"/>
      </object_component>
      <object_component id="oc-24f">
         <name>.text.send_fail</name>
         <load_address>0x3278</load_address>
         <readonly>true</readonly>
         <executable>true</executable>
         <run_address>0x3278</run_address>
         <size>0x28</size>
         <alignment>0x4</alignment>
         <input_file_ref idref="fl-3"/>
      </object_component>
      <object_component id="oc-243">
         <name>.text.targetTxInProgressCb</name>
         <load_address>0x32a0</load_address>
         <readonly>true</readonly>
         <executable>true</executable>
         <run_address>0x32a0</run_address>
         <size>0x28</size>
         <alignment>0x4</alignment>
         <input_file_ref idref="fl-45"/>
      </object_component>
      <object_component id="oc-58">
         <name>.text:_c_int00_noargs</name>
         <load_address>0x32c8</load_address>
         <readonly>true</readonly>
         <executable>true</executable>
         <run_address>0x32c8</run_address>
         <size>0x28</size>
         <alignment>0x4</alignment>
         <input_file_ref idref="fl-36"/>
      </object_component>
      <object_component id="oc-277">
         <name>.text.DL_DMA_disableChannel</name>
         <load_address>0x32f0</load_address>
         <readonly>true</readonly>
         <executable>true</executable>
         <run_address>0x32f0</run_address>
         <size>0x26</size>
         <alignment>0x2</alignment>
         <input_file_ref idref="fl-44"/>
      </object_component>
      <object_component id="oc-224">
         <name>.text.DL_DMA_enableChannel</name>
         <load_address>0x3316</load_address>
         <readonly>true</readonly>
         <executable>true</executable>
         <run_address>0x3316</run_address>
         <size>0x26</size>
         <alignment>0x2</alignment>
         <input_file_ref idref="fl-44"/>
      </object_component>
      <object_component id="oc-16f">
         <name>.text.DL_I2C_setAnalogGlitchFilterPulseWidth</name>
         <load_address>0x333c</load_address>
         <readonly>true</readonly>
         <executable>true</executable>
         <run_address>0x333c</run_address>
         <size>0x26</size>
         <alignment>0x2</alignment>
         <input_file_ref idref="fl-8"/>
      </object_component>
      <object_component id="oc-16e">
         <name>.text.DL_I2C_setClockConfig</name>
         <load_address>0x3362</load_address>
         <readonly>true</readonly>
         <executable>true</executable>
         <run_address>0x3362</run_address>
         <size>0x26</size>
         <alignment>0x2</alignment>
         <input_file_ref idref="fl-1c"/>
      </object_component>
      <object_component id="oc-206">
         <name>.text.io_expander_config</name>
         <load_address>0x3388</load_address>
         <readonly>true</readonly>
         <executable>true</executable>
         <run_address>0x3388</run_address>
         <size>0x26</size>
         <alignment>0x2</alignment>
         <input_file_ref idref="fl-3"/>
      </object_component>
      <object_component id="oc-18b">
         <name>.text.DL_SPI_setBitRateSerialClockDivider</name>
         <load_address>0x33b0</load_address>
         <readonly>true</readonly>
         <executable>true</executable>
         <run_address>0x33b0</run_address>
         <size>0x24</size>
         <alignment>0x4</alignment>
         <input_file_ref idref="fl-8"/>
      </object_component>
      <object_component id="oc-20c">
         <name>.text.Delay_Timer_Get</name>
         <load_address>0x33d4</load_address>
         <readonly>true</readonly>
         <executable>true</executable>
         <run_address>0x33d4</run_address>
         <size>0x24</size>
         <alignment>0x2</alignment>
         <input_file_ref idref="fl-4"/>
      </object_component>
      <object_component id="oc-7c">
         <name>.text.Delay_Timer_IRQ</name>
         <load_address>0x33f8</load_address>
         <readonly>true</readonly>
         <executable>true</executable>
         <run_address>0x33f8</run_address>
         <size>0x24</size>
         <alignment>0x2</alignment>
         <input_file_ref idref="fl-4"/>
      </object_component>
      <object_component id="oc-ee">
         <name>.text.app_init</name>
         <load_address>0x341c</load_address>
         <readonly>true</readonly>
         <executable>true</executable>
         <run_address>0x341c</run_address>
         <size>0x24</size>
         <alignment>0x2</alignment>
         <input_file_ref idref="fl-2"/>
      </object_component>
      <object_component id="oc-220">
         <name>.text.voltage_current_measurement_reset_site_0</name>
         <load_address>0x3440</load_address>
         <readonly>true</readonly>
         <executable>true</executable>
         <run_address>0x3440</run_address>
         <size>0x22</size>
         <alignment>0x2</alignment>
         <input_file_ref idref="fl-3"/>
      </object_component>
      <object_component id="oc-156">
         <name>.text.DL_GPIO_initPeripheralInputFunction</name>
         <load_address>0x3464</load_address>
         <readonly>true</readonly>
         <executable>true</executable>
         <run_address>0x3464</run_address>
         <size>0x20</size>
         <alignment>0x4</alignment>
         <input_file_ref idref="fl-8"/>
      </object_component>
      <object_component id="oc-20e">
         <name>.text.DL_SYSCTL_resetDevice</name>
         <load_address>0x3484</load_address>
         <readonly>true</readonly>
         <executable>true</executable>
         <run_address>0x3484</run_address>
         <size>0x20</size>
         <alignment>0x4</alignment>
         <input_file_ref idref="fl-3"/>
      </object_component>
      <object_component id="oc-1f8">
         <name>.text.DL_Timer_setCounterValueAfterEnable</name>
         <load_address>0x34a4</load_address>
         <readonly>true</readonly>
         <executable>true</executable>
         <run_address>0x34a4</run_address>
         <size>0x20</size>
         <alignment>0x4</alignment>
         <input_file_ref idref="fl-43"/>
      </object_component>
      <object_component id="oc-219">
         <name>.text.DL_Timer_setCounterValueAfterEnable</name>
         <load_address>0x34c4</load_address>
         <readonly>true</readonly>
         <executable>true</executable>
         <run_address>0x34c4</run_address>
         <size>0x20</size>
         <alignment>0x4</alignment>
         <input_file_ref idref="fl-4"/>
      </object_component>
      <object_component id="oc-19e">
         <name>.text.battery_voltage_check_site_0</name>
         <load_address>0x34e4</load_address>
         <readonly>true</readonly>
         <executable>true</executable>
         <run_address>0x34e4</run_address>
         <size>0x20</size>
         <alignment>0x2</alignment>
         <input_file_ref idref="fl-3"/>
      </object_component>
      <object_component id="oc-1a7">
         <name>.text.led_status_voltage_0_0_site_0</name>
         <load_address>0x3504</load_address>
         <readonly>true</readonly>
         <executable>true</executable>
         <run_address>0x3504</run_address>
         <size>0x20</size>
         <alignment>0x2</alignment>
         <input_file_ref idref="fl-3"/>
      </object_component>
      <object_component id="oc-1a9">
         <name>.text.led_status_voltage_0_1_site_0</name>
         <load_address>0x3524</load_address>
         <readonly>true</readonly>
         <executable>true</executable>
         <run_address>0x3524</run_address>
         <size>0x20</size>
         <alignment>0x2</alignment>
         <input_file_ref idref="fl-3"/>
      </object_component>
      <object_component id="oc-1ab">
         <name>.text.led_status_voltage_1_0_site_0</name>
         <load_address>0x3544</load_address>
         <readonly>true</readonly>
         <executable>true</executable>
         <run_address>0x3544</run_address>
         <size>0x20</size>
         <alignment>0x2</alignment>
         <input_file_ref idref="fl-3"/>
      </object_component>
      <object_component id="oc-1b3">
         <name>.text.led_status_voltage_1_site_0</name>
         <load_address>0x3564</load_address>
         <readonly>true</readonly>
         <executable>true</executable>
         <run_address>0x3564</run_address>
         <size>0x20</size>
         <alignment>0x2</alignment>
         <input_file_ref idref="fl-3"/>
      </object_component>
      <object_component id="oc-1b0">
         <name>.text.led_status_voltage_2_0_site_0</name>
         <load_address>0x3584</load_address>
         <readonly>true</readonly>
         <executable>true</executable>
         <run_address>0x3584</run_address>
         <size>0x20</size>
         <alignment>0x2</alignment>
         <input_file_ref idref="fl-3"/>
      </object_component>
      <object_component id="oc-1b5">
         <name>.text.led_status_voltage_2_site_0</name>
         <load_address>0x35a4</load_address>
         <readonly>true</readonly>
         <executable>true</executable>
         <run_address>0x35a4</run_address>
         <size>0x20</size>
         <alignment>0x2</alignment>
         <input_file_ref idref="fl-3"/>
      </object_component>
      <object_component id="oc-1b7">
         <name>.text.led_status_voltage_3_site_0</name>
         <load_address>0x35c4</load_address>
         <readonly>true</readonly>
         <executable>true</executable>
         <run_address>0x35c4</run_address>
         <size>0x20</size>
         <alignment>0x2</alignment>
         <input_file_ref idref="fl-3"/>
      </object_component>
      <object_component id="oc-94">
         <name>.text.main</name>
         <load_address>0x35e4</load_address>
         <readonly>true</readonly>
         <executable>true</executable>
         <run_address>0x35e4</run_address>
         <size>0x20</size>
         <alignment>0x4</alignment>
         <input_file_ref idref="fl-7"/>
      </object_component>
      <object_component id="oc-225">
         <name>.text.memcmp</name>
         <load_address>0x3604</load_address>
         <readonly>true</readonly>
         <executable>true</executable>
         <run_address>0x3604</run_address>
         <size>0x20</size>
         <alignment>0x2</alignment>
         <input_file_ref idref="fl-34"/>
      </object_component>
      <object_component id="oc-17b">
         <name>.text.DL_UART_setOversampling</name>
         <load_address>0x3624</load_address>
         <readonly>true</readonly>
         <executable>true</executable>
         <run_address>0x3624</run_address>
         <size>0x1e</size>
         <alignment>0x2</alignment>
         <input_file_ref idref="fl-8"/>
      </object_component>
      <object_component id="oc-1a2">
         <name>.text.switch_voltage_default_site_0</name>
         <load_address>0x3642</load_address>
         <readonly>true</readonly>
         <executable>true</executable>
         <run_address>0x3642</run_address>
         <size>0x1e</size>
         <alignment>0x2</alignment>
         <input_file_ref idref="fl-3"/>
      </object_component>
      <object_component id="oc-154">
         <name>.text.DL_GPIO_enableHiZ</name>
         <load_address>0x3660</load_address>
         <readonly>true</readonly>
         <executable>true</executable>
         <run_address>0x3660</run_address>
         <size>0x1c</size>
         <alignment>0x4</alignment>
         <input_file_ref idref="fl-8"/>
      </object_component>
      <object_component id="oc-155">
         <name>.text.DL_GPIO_initPeripheralOutputFunction</name>
         <load_address>0x367c</load_address>
         <readonly>true</readonly>
         <executable>true</executable>
         <run_address>0x367c</run_address>
         <size>0x1c</size>
         <alignment>0x4</alignment>
         <input_file_ref idref="fl-8"/>
      </object_component>
      <object_component id="oc-214">
         <name>.text.DL_I2C_enableInterrupt</name>
         <load_address>0x3698</load_address>
         <readonly>true</readonly>
         <executable>true</executable>
         <run_address>0x3698</run_address>
         <size>0x1c</size>
         <alignment>0x4</alignment>
         <input_file_ref idref="fl-41"/>
      </object_component>
      <object_component id="oc-176">
         <name>.text.DL_I2C_enableInterrupt</name>
         <load_address>0x36b4</load_address>
         <readonly>true</readonly>
         <executable>true</executable>
         <run_address>0x36b4</run_address>
         <size>0x1c</size>
         <alignment>0x4</alignment>
         <input_file_ref idref="fl-8"/>
      </object_component>
      <object_component id="oc-d4">
         <name>.text.DL_I2C_isControllerRXFIFOEmpty</name>
         <load_address>0x36d0</load_address>
         <readonly>true</readonly>
         <executable>true</executable>
         <run_address>0x36d0</run_address>
         <size>0x1c</size>
         <alignment>0x4</alignment>
         <input_file_ref idref="fl-41"/>
      </object_component>
      <object_component id="oc-18d">
         <name>.text.DL_SPI_enableInterrupt</name>
         <load_address>0x36ec</load_address>
         <readonly>true</readonly>
         <executable>true</executable>
         <run_address>0x36ec</run_address>
         <size>0x1c</size>
         <alignment>0x4</alignment>
         <input_file_ref idref="fl-8"/>
      </object_component>
      <object_component id="oc-160">
         <name>.text.DL_SYSCTL_setMCLKDivider</name>
         <load_address>0x3708</load_address>
         <readonly>true</readonly>
         <executable>true</executable>
         <run_address>0x3708</run_address>
         <size>0x1c</size>
         <alignment>0x4</alignment>
         <input_file_ref idref="fl-8"/>
      </object_component>
      <object_component id="oc-15c">
         <name>.text.DL_SYSCTL_setSYSOSCFreq</name>
         <load_address>0x3724</load_address>
         <readonly>true</readonly>
         <executable>true</executable>
         <run_address>0x3724</run_address>
         <size>0x1c</size>
         <alignment>0x4</alignment>
         <input_file_ref idref="fl-8"/>
      </object_component>
      <object_component id="oc-15f">
         <name>.text.DL_SYSCTL_setULPCLKDivider</name>
         <load_address>0x3740</load_address>
         <readonly>true</readonly>
         <executable>true</executable>
         <run_address>0x3740</run_address>
         <size>0x1c</size>
         <alignment>0x4</alignment>
         <input_file_ref idref="fl-8"/>
      </object_component>
      <object_component id="oc-23e">
         <name>.text.DL_Timer_disableInterrupt</name>
         <load_address>0x375c</load_address>
         <readonly>true</readonly>
         <executable>true</executable>
         <run_address>0x375c</run_address>
         <size>0x1c</size>
         <alignment>0x4</alignment>
         <input_file_ref idref="fl-43"/>
      </object_component>
      <object_component id="oc-23f">
         <name>.text.DL_Timer_enableInterrupt</name>
         <load_address>0x3778</load_address>
         <readonly>true</readonly>
         <executable>true</executable>
         <run_address>0x3778</run_address>
         <size>0x1c</size>
         <alignment>0x4</alignment>
         <input_file_ref idref="fl-43"/>
      </object_component>
      <object_component id="oc-21a">
         <name>.text.DL_Timer_enableInterrupt</name>
         <load_address>0x3794</load_address>
         <readonly>true</readonly>
         <executable>true</executable>
         <run_address>0x3794</run_address>
         <size>0x1c</size>
         <alignment>0x4</alignment>
         <input_file_ref idref="fl-4"/>
      </object_component>
      <object_component id="oc-168">
         <name>.text.DL_Timer_enableInterrupt</name>
         <load_address>0x37b0</load_address>
         <readonly>true</readonly>
         <executable>true</executable>
         <run_address>0x37b0</run_address>
         <size>0x1c</size>
         <alignment>0x4</alignment>
         <input_file_ref idref="fl-8"/>
      </object_component>
      <object_component id="oc-161">
         <name>.text.DL_Timer_setClockConfig</name>
         <load_address>0x37cc</load_address>
         <readonly>true</readonly>
         <executable>true</executable>
         <run_address>0x37cc</run_address>
         <size>0x1c</size>
         <alignment>0x4</alignment>
         <input_file_ref idref="fl-1e"/>
      </object_component>
      <object_component id="oc-17d">
         <name>.text.DL_UART_enableInterrupt</name>
         <load_address>0x37e8</load_address>
         <readonly>true</readonly>
         <executable>true</executable>
         <run_address>0x37e8</run_address>
         <size>0x1c</size>
         <alignment>0x4</alignment>
         <input_file_ref idref="fl-8"/>
      </object_component>
      <object_component id="oc-131">
         <name>.text.UART_Target_getState</name>
         <load_address>0x3804</load_address>
         <readonly>true</readonly>
         <executable>true</executable>
         <run_address>0x3804</run_address>
         <size>0x1c</size>
         <alignment>0x4</alignment>
         <input_file_ref idref="fl-45"/>
      </object_component>
      <object_component id="oc-12b">
         <name>.text.led_timer_init</name>
         <load_address>0x3820</load_address>
         <readonly>true</readonly>
         <executable>true</executable>
         <run_address>0x3820</run_address>
         <size>0x1c</size>
         <alignment>0x4</alignment>
         <input_file_ref idref="fl-a"/>
      </object_component>
      <object_component id="oc-1cd">
         <name>.text.DL_GPIO_enableOutput</name>
         <load_address>0x383c</load_address>
         <readonly>true</readonly>
         <executable>true</executable>
         <run_address>0x383c</run_address>
         <size>0x18</size>
         <alignment>0x4</alignment>
         <input_file_ref idref="fl-3"/>
      </object_component>
      <object_component id="oc-21e">
         <name>.text.DL_GPIO_enableOutput</name>
         <load_address>0x3854</load_address>
         <readonly>true</readonly>
         <executable>true</executable>
         <run_address>0x3854</run_address>
         <size>0x18</size>
         <alignment>0x4</alignment>
         <input_file_ref idref="fl-a"/>
      </object_component>
      <object_component id="oc-15a">
         <name>.text.DL_GPIO_enableOutput</name>
         <load_address>0x386c</load_address>
         <readonly>true</readonly>
         <executable>true</executable>
         <run_address>0x386c</run_address>
         <size>0x18</size>
         <alignment>0x4</alignment>
         <input_file_ref idref="fl-8"/>
      </object_component>
      <object_component id="oc-1c6">
         <name>.text.DL_GPIO_enablePower</name>
         <load_address>0x3884</load_address>
         <readonly>true</readonly>
         <executable>true</executable>
         <run_address>0x3884</run_address>
         <size>0x18</size>
         <alignment>0x4</alignment>
         <input_file_ref idref="fl-a"/>
      </object_component>
      <object_component id="oc-14a">
         <name>.text.DL_GPIO_enablePower</name>
         <load_address>0x389c</load_address>
         <readonly>true</readonly>
         <executable>true</executable>
         <run_address>0x389c</run_address>
         <size>0x18</size>
         <alignment>0x4</alignment>
         <input_file_ref idref="fl-8"/>
      </object_component>
      <object_component id="oc-1cc">
         <name>.text.DL_GPIO_initDigitalOutput</name>
         <load_address>0x38b4</load_address>
         <readonly>true</readonly>
         <executable>true</executable>
         <run_address>0x38b4</run_address>
         <size>0x18</size>
         <alignment>0x4</alignment>
         <input_file_ref idref="fl-3"/>
      </object_component>
      <object_component id="oc-21d">
         <name>.text.DL_GPIO_initDigitalOutput</name>
         <load_address>0x38cc</load_address>
         <readonly>true</readonly>
[...]
      </symbol>
      <symbol id="sm-287">
         <name>PendSV_Handler</name>
         <value>0x3f85</value>
         <object_component_ref idref="oc-33"/>
      </symbol>
      <symbol id="sm-288">
         <name>SysTick_Handler</name>
         <value>0x3f85</value>
         <object_component_ref idref="oc-33"/>
      </symbol>
      <symbol id="sm-289">
         <name>GROUP0_IRQHandler</name>
         <value>0x3f85</value>
         <object_component_ref idref="oc-33"/>
      </symbol>
      <symbol id="sm-28a">
         <name>GROUP1_IRQHandler</name>
         <value>0x3f85</value>
         <object_component_ref idref="oc-33"/>
      </symbol>
      <symbol id="sm-28b">
         <name>TIMG8_IRQHandler</name>
         <value>0x3f85</value>
         <object_component_ref idref="oc-33"/>
      </symbol>
      <symbol id="sm-28c">
         <name>UART3_IRQHandler</name>
         <value>0x3f85</value>
         <object_component_ref idref="oc-33"/>
      </symbol>
      <symbol id="sm-28d">
         <name>ADC0_IRQHandler</name>
         <value>0x3f85</value>
         <object_component_ref idref="oc-33"/>
      </symbol>
      <symbol id="sm-28e">
         <name>ADC1_IRQHandler</name>
         <value>0x3f85</value>
         <object_component_ref idref="oc-33"/>
      </symbol>
      <symbol id="sm-28f">
         <name>SPI1_IRQHandler</name>
         <value>0x3f85</value>
         <object_component_ref idref="oc-33"/>
      </symbol>
      <symbol id="sm-290">
         <name>UART1_IRQHandler</name>
         <value>0x3f85</value>
         <object_component_ref idref="oc-33"/>
      </symbol>
      <symbol id="sm-291">
         <name>UART2_IRQHandler</name>
         <value>0x3f85</value>
         <object_component_ref idref="oc-33"/>
      </symbol>
      <symbol id="sm-292">
         <name>TIMG0_IRQHandler</name>
         <value>0x3f85</value>
         <object_component_ref idref="oc-33"/>
      </symbol>
      <symbol id="sm-293">
         <name>TIMG6_IRQHandler</name>
         <value>0x3f85</value>
         <object_component_ref idref="oc-33"/>
      </symbol>
      <symbol id="sm-294">
         <name>TIMA1_IRQHandler</name>
         <value>0x3f85</value>
         <object_component_ref idref="oc-33"/>
      </symbol>
      <symbol id="sm-295">
         <name>TIMG12_IRQHandler</name>
         <value>0x3f85</value>
         <object_component_ref idref="oc-33"/>
      </symbol>
      <symbol id="sm-296">
         <name>I2C0_IRQHandler</name>
         <value>0x3f85</value>
         <object_component_ref idref="oc-33"/>
      </symbol>
      <symbol id="sm-297">
         <name>RTC_IRQHandler</name>
         <value>0x3f85</value>
         <object_component_ref idref="oc-33"/>
      </symbol>
      <symbol id="sm-298">
         <name>DMA_IRQHandler</name>
         <value>0x3f85</value>
         <object_component_ref idref="oc-33"/>
      </symbol>
      <symbol id="sm-2e1">
         <name>led_timer_init</name>
         <value>0x3821</value>
         <object_component_ref idref="oc-12b"/>
      </symbol>
      <symbol id="sm-2e2">
         <name>MUX1_init</name>
         <value>0x1cb9</value>
         <object_component_ref idref="oc-1c7"/>
      </symbol>
      <symbol id="sm-2e3">
         <name>MUX2_init</name>
         <value>0x16c1</value>
         <object_component_ref idref="oc-1c8"/>
      </symbol>
      <symbol id="sm-2e4">
         <name>MUX3_init</name>
         <value>0x1d25</value>
         <object_component_ref idref="oc-1c9"/>
      </symbol>
      <symbol id="sm-2e5">
         <name>MUX4_init</name>
         <value>0x173d</value>
         <object_component_ref idref="oc-1ca"/>
      </symbol>
      <symbol id="sm-2e6">
         <name>mux_disable_all</name>
         <value>0x2c9d</value>
         <object_component_ref idref="oc-1cb"/>
      </symbol>
      <symbol id="sm-2e7">
         <name>mux_init_all</name>
         <value>0x2f9d</value>
         <object_component_ref idref="oc-12d"/>
      </symbol>
      <symbol id="sm-2e8">
         <name>mux_select</name>
         <value>0xe45</value>
         <object_component_ref idref="oc-24d"/>
      </symbol>
      <symbol id="sm-30c">
         <name>switch_0_off</name>
         <value>0x3ec5</value>
         <object_component_ref idref="oc-256"/>
      </symbol>
      <symbol id="sm-30d">
         <name>switch_1_off</name>
         <value>0x3ed5</value>
         <object_component_ref idref="oc-257"/>
      </symbol>
      <symbol id="sm-30e">
         <name>switch_2_off</name>
         <value>0x3ee5</value>
         <object_component_ref idref="oc-258"/>
      </symbol>
      <symbol id="sm-30f">
         <name>switch_0_on</name>
         <value>0x3be5</value>
         <object_component_ref idref="oc-250"/>
      </symbol>
      <symbol id="sm-310">
         <name>switch_1_on</name>
         <value>0x3bfd</value>
         <object_component_ref idref="oc-251"/>
      </symbol>
      <symbol id="sm-311">
         <name>switch_2_on</name>
         <value>0x3c15</value>
         <object_component_ref idref="oc-252"/>
      </symbol>
      <symbol id="sm-312">
         <name>switch_off_select</name>
         <value>0x28f1</value>
         <object_component_ref idref="oc-20d"/>
      </symbol>
      <symbol id="sm-313">
         <name>switch_on_select</name>
         <value>0x292d</value>
         <object_component_ref idref="oc-209"/>
      </symbol>
      <symbol id="sm-32a">
         <name>usb_cmd_data_setup</name>
         <value>0xf19</value>
         <object_component_ref idref="oc-194"/>
      </symbol>
      <symbol id="sm-32b">
         <name>usb_init</name>
         <value>0x1ff5</value>
         <object_component_ref idref="oc-125"/>
      </symbol>
      <symbol id="sm-32c">
         <name>usb_fsm</name>
         <value>0x965</value>
         <object_component_ref idref="oc-ef"/>
      </symbol>
      <symbol id="sm-32d">
         <name>process_usb_command</name>
         <value>0x163d</value>
         <object_component_ref idref="oc-137"/>
      </symbol>
      <symbol id="sm-32e">
         <name>validate_usb_rx_data</name>
         <value>0x1499</value>
         <object_component_ref idref="oc-1d5"/>
      </symbol>
      <symbol id="sm-32f">
         <name>__TI_ATRegion0_src_addr</name>
         <value>0x0</value>
      </symbol>
      <symbol id="sm-330">
         <name>__TI_ATRegion0_trg_addr</name>
         <value>0x0</value>
      </symbol>
      <symbol id="sm-331">
         <name>__TI_ATRegion0_region_sz</name>
         <value>0x0</value>
      </symbol>
      <symbol id="sm-332">
         <name>__TI_ATRegion1_src_addr</name>
         <value>0x0</value>
      </symbol>
      <symbol id="sm-333">
         <name>__TI_ATRegion1_trg_addr</name>
         <value>0x0</value>
      </symbol>
      <symbol id="sm-334">
         <name>__TI_ATRegion1_region_sz</name>
         <value>0x0</value>
      </symbol>
      <symbol id="sm-335">
         <name>__TI_ATRegion2_src_addr</name>
         <value>0x0</value>
      </symbol>
      <symbol id="sm-336">
         <name>__TI_ATRegion2_trg_addr</name>
         <value>0x0</value>
      </symbol>
      <symbol id="sm-337">
         <name>__TI_ATRegion2_region_sz</name>
         <value>0x0</value>
      </symbol>
      <symbol id="sm-340">
         <name>DL_Common_delayCycles</name>
         <value>0x3f61</value>
         <object_component_ref idref="oc-14f"/>
      </symbol>
      <symbol id="sm-355">
         <name>DL_I2C_setClockConfig</name>
         <value>0x3363</value>
         <object_component_ref idref="oc-16e"/>
      </symbol>
      <symbol id="sm-356">
         <name>DL_I2C_fillControllerTXFIFO</name>
         <value>0x2055</value>
         <object_component_ref idref="oc-d6"/>
      </symbol>
      <symbol id="sm-357">
         <name>DL_I2C_flushControllerTXFIFO</name>
         <value>0x283d</value>
         <object_component_ref idref="oc-267"/>
      </symbol>
      <symbol id="sm-358">
         <name>DL_I2C_flushControllerRXFIFO</name>
         <value>0x2c0d</value>
         <object_component_ref idref="oc-268"/>
      </symbol>
      <symbol id="sm-359">
         <name>DL_I2C_flushTargetTXFIFO</name>
         <value>0x2879</value>
         <object_component_ref idref="oc-269"/>
      </symbol>
      <symbol id="sm-369">
         <name>DL_SPI_init</name>
         <value>0x26f9</value>
         <object_component_ref idref="oc-18a"/>
      </symbol>
      <symbol id="sm-36a">
         <name>DL_SPI_setClockConfig</name>
         <value>0x3d81</value>
         <object_component_ref idref="oc-184"/>
      </symbol>
      <symbol id="sm-36b">
         <name>DL_SPI_drainRXFIFO16</name>
         <value>0x21c5</value>
         <object_component_ref idref="oc-279"/>
      </symbol>
      <symbol id="sm-37b">
         <name>DL_Timer_setClockConfig</name>
         <value>0x37cd</value>
         <object_component_ref idref="oc-161"/>
      </symbol>
      <symbol id="sm-37c">
         <name>DL_Timer_initTimerMode</name>
         <value>0xd5d</value>
         <object_component_ref idref="oc-167"/>
      </symbol>
      <symbol id="sm-38f">
         <name>DL_UART_init</name>
         <value>0x2621</value>
         <object_component_ref idref="oc-17a"/>
      </symbol>
      <symbol id="sm-390">
         <name>DL_UART_setClockConfig</name>
         <value>0x3ddb</value>
         <object_component_ref idref="oc-179"/>
      </symbol>
      <symbol id="sm-391">
         <name>DL_UART_drainRXFIFO</name>
         <value>0x2219</value>
         <object_component_ref idref="oc-c6"/>
      </symbol>
      <symbol id="sm-392">
         <name>DL_UART_fillTXFIFO</name>
         <value>0x226d</value>
         <object_component_ref idref="oc-cc"/>
      </symbol>
      <symbol id="sm-39b">
         <name>memcmp</name>
         <value>0x3605</value>
         <object_component_ref idref="oc-225"/>
      </symbol>
      <symbol id="sm-3a4">
         <name>strlen</name>
         <value>0x3f15</value>
         <object_component_ref idref="oc-1d7"/>
      </symbol>
      <symbol id="sm-3af">
         <name>_c_int00_noargs</name>
         <value>0x32c9</value>
         <object_component_ref idref="oc-58"/>
      </symbol>
      <symbol id="sm-3b0">
         <name>__stack</name>
         <value>0x20207e00</value>
         <object_component_ref idref="oc-1a"/>
      </symbol>
      <symbol id="sm-3bf">
         <name>__TI_auto_init_nobinit_nopinit</name>
         <value>0x2969</value>
         <object_component_ref idref="oc-f9"/>
      </symbol>
      <symbol id="sm-3c7">
         <name>_system_pre_init</name>
         <value>0x3f9d</value>
         <object_component_ref idref="oc-90"/>
      </symbol>
      <symbol id="sm-3d2">
         <name>__TI_zero_init</name>
         <value>0x3f05</value>
         <object_component_ref idref="oc-55"/>
      </symbol>
      <symbol id="sm-3db">
         <name>__TI_decompress_none</name>
         <value>0x3e11</value>
         <object_component_ref idref="oc-20"/>
      </symbol>
      <symbol id="sm-3e6">
         <name>__TI_decompress_lzss</name>
         <value>0x17b9</value>
         <object_component_ref idref="oc-1c"/>
      </symbol>
      <symbol id="sm-3f0">
         <name>abort</name>
         <value>0x3fa1</value>
         <object_component_ref idref="oc-f2"/>
      </symbol>
      <symbol id="sm-3f1">
         <name>C$$EXIT</name>
         <value>0x3fa0</value>
         <object_component_ref idref="oc-f2"/>
      </symbol>
      <symbol id="sm-437">
         <name>noActionController</name>
         <value>0x3f49</value>
         <object_component_ref idref="oc-215"/>
      </symbol>
      <symbol id="sm-438">
         <name>I2C_Controller_Initialize</name>
         <value>0x1401</value>
         <object_component_ref idref="oc-1c3"/>
      </symbol>
      <symbol id="sm-439">
         <name>I2C_Controller_Start_Transmit</name>
         <value>0x1afd</value>
         <object_component_ref idref="oc-247"/>
      </symbol>
      <symbol id="sm-43a">
         <name>I2C_Controller_Start_Receive</name>
         <value>0x26b1</value>
         <object_component_ref idref="oc-249"/>
      </symbol>
      <symbol id="sm-43b">
         <name>getControllerStatus</name>
         <value>0x216b</value>
         <object_component_ref idref="oc-110"/>
      </symbol>
      <symbol id="sm-43c">
         <name>waitForControllerToIdle</name>
         <value>0x3047</value>
         <object_component_ref idref="oc-dc"/>
      </symbol>
      <symbol id="sm-43d">
         <name>I2C_Controller_Transaction_Done</name>
         <value>0x3e45</value>
         <object_component_ref idref="oc-26b"/>
      </symbol>
      <symbol id="sm-43e">
         <name>I2C_Controller_IRQ</name>
         <value>0xb69</value>
         <object_component_ref idref="oc-81"/>
      </symbol>
      <symbol id="sm-460">
         <name>noActionSPIInterface</name>
         <value>0x3f55</value>
         <object_component_ref idref="oc-218"/>
      </symbol>
      <symbol id="sm-461">
         <name>SPI_Initialize</name>
         <value>0x15b5</value>
         <object_component_ref idref="oc-1c4"/>
      </symbol>
      <symbol id="sm-462">
         <name>SPI_Transact</name>
         <value>0x199d</value>
         <object_component_ref idref="oc-272"/>
      </symbol>
      <symbol id="sm-463">
         <name>SPI_IRQ</name>
         <value>0x116d</value>
         <object_component_ref idref="oc-5f"/>
      </symbol>
      <symbol id="sm-4a1">
         <name>defaultTimerSingleTriggerCB</name>
         <value>0x3f3d</value>
         <object_component_ref idref="oc-1fb"/>
      </symbol>
      <symbol id="sm-4a2">
         <name>Timer_Timeout_Inialize</name>
         <value>0xa69</value>
         <object_component_ref idref="oc-192"/>
      </symbol>
      <symbol id="sm-4a3">
         <name>Timer_Timeout_Time_Set</name>
         <value>0x2111</value>
         <object_component_ref idref="oc-1fc"/>
      </symbol>
      <symbol id="sm-4a4">
         <name>Timer_Timeout_Start</name>
         <value>0x29dd</value>
         <object_component_ref idref="oc-263"/>
      </symbol>
      <symbol id="sm-4a5">
         <name>Timer_Timeout_reStart</name>
         <value>0x301d</value>
         <object_component_ref idref="oc-264"/>
      </symbol>
      <symbol id="sm-4a6">
         <name>Timer_Timeout_IRQ</name>
         <value>0x2ff3</value>
         <object_component_ref idref="oc-76"/>
      </symbol>
      <symbol id="sm-4f6">
         <name>defaultUartCallBack</name>
         <value>0x3ea5</value>
         <object_component_ref idref="oc-1f2"/>
      </symbol>
      <symbol id="sm-4f7">
         <name>defaultUartInprogressCallback</name>
         <value>0x3eb5</value>
         <object_component_ref idref="oc-1f3"/>
      </symbol>
      <symbol id="sm-4f8">
         <name>UART_rxDMA_Initialize</name>
         <value>0x1835</value>
         <object_component_ref idref="oc-1f0"/>
      </symbol>
      <symbol id="sm-4f9">
         <name>UART_txDMA_Initialize</name>
         <value>0x1a13</value>
         <object_component_ref idref="oc-1f1"/>
      </symbol>
      <symbol id="sm-4fa">
         <name>UART_Interface_Initialize</name>
         <value>0x505</value>
         <object_component_ref idref="oc-191"/>
      </symbol>
      <symbol id="sm-4fb">
         <name>UART_Interface_Start_Transmit</name>
         <value>0x121f</value>
         <object_component_ref idref="oc-229"/>
      </symbol>
      <symbol id="sm-4fc">
         <name>UART_Interface_Start_Receive</name>
         <value>0x12c3</value>
         <object_component_ref idref="oc-1d4"/>
      </symbol>
      <symbol id="sm-4fd">
         <name>UART_Interface_IRQ</name>
         <value>0x325</value>
         <object_component_ref idref="oc-70"/>
      </symbol>
      <symbol id="sm-4fe">
         <name>UART_Interface_Stop_Receive</name>
         <value>0x2a13</value>
         <object_component_ref idref="oc-265"/>
      </symbol>
      <symbol id="sm-523">
         <name>targetRxDoneCb</name>
         <value>0x2cfd</value>
         <object_component_ref idref="oc-240"/>
      </symbol>
      <symbol id="sm-524">
         <name>glUartTarget</name>
         <value>0x20201498</value>
      </symbol>
      <symbol id="sm-525">
         <name>targetTxDoneCb</name>
         <value>0x2d2d</value>
         <object_component_ref idref="oc-241"/>
      </symbol>
      <symbol id="sm-526">
         <name>targetRxInProgressCb</name>
         <value>0x1d91</value>
         <object_component_ref idref="oc-242"/>
      </symbol>
      <symbol id="sm-527">
         <name>targetTxInProgressCb</name>
         <value>0x32a1</value>
         <object_component_ref idref="oc-243"/>
      </symbol>
      <symbol id="sm-528">
         <name>timerCallback</name>
         <value>0x2ae5</value>
         <object_component_ref idref="oc-244"/>
      </symbol>
      <symbol id="sm-529">
         <name>glUartTargetIndexFromTimerIndex</name>
         <value>0x202015e8</value>
      </symbol>
      <symbol id="sm-52a">
         <name>UART_Target_AssignCallBacks</name>
         <value>0x1ed1</value>
         <object_component_ref idref="oc-1fd"/>
      </symbol>
      <symbol id="sm-52b">
         <name>UART_Target_Initialize</name>
         <value>0x1b6d</value>
         <object_component_ref idref="oc-193"/>
      </symbol>
      <symbol id="sm-52c">
         <name>UART_Target_Receive</name>
         <value>0x253d</value>
         <object_component_ref idref="oc-136"/>
      </symbol>
      <symbol id="sm-52d">
         <name>UART_Target_Transmit</name>
         <value>0x28b5</value>
         <object_component_ref idref="oc-1d6"/>
      </symbol>
      <symbol id="sm-52e">
         <name>UART_Target_getState</name>
         <value>0x3805</value>
         <object_component_ref idref="oc-131"/>
      </symbol>
      <symbol id="sm-534">
         <name>__aeabi_memcpy</name>
         <value>0x3f75</value>
         <object_component_ref idref="oc-48"/>
      </symbol>
      <symbol id="sm-535">
         <name>__aeabi_memcpy4</name>
         <value>0x3f75</value>
         <object_component_ref idref="oc-48"/>
      </symbol>
      <symbol id="sm-536">
         <name>__aeabi_memcpy8</name>
         <value>0x3f75</value>
         <object_component_ref idref="oc-48"/>
      </symbol>
      <symbol id="sm-53d">
         <name>__aeabi_memclr</name>
         <value>0x3f31</value>
         <object_component_ref idref="oc-8b"/>
      </symbol>
      <symbol id="sm-53e">
         <name>__aeabi_memclr4</name>
         <value>0x3f31</value>
         <object_component_ref idref="oc-8b"/>
      </symbol>
      <symbol id="sm-53f">
         <name>__aeabi_memclr8</name>
         <value>0x3f31</value>
         <object_component_ref idref="oc-8b"/>
      </symbol>
      <symbol id="sm-545">
         <name>__aeabi_uidiv</name>
         <value>0x2781</value>
         <object_component_ref idref="oc-1f4"/>
      </symbol>
      <symbol id="sm-546">
         <name>__aeabi_uidivmod</name>
         <value>0x2781</value>
         <object_component_ref idref="oc-1f4"/>
      </symbol>
      <symbol id="sm-550">
         <name>__aeabi_idiv0</name>
         <value>0x503</value>
         <object_component_ref idref="oc-234"/>
      </symbol>
      <symbol id="sm-559">
         <name>TI_memcpy_small</name>
         <value>0x3dff</value>
         <object_component_ref idref="oc-df"/>
      </symbol>
      <symbol id="sm-562">
         <name>TI_memset_small</name>
         <value>0x3f23</value>
         <object_component_ref idref="oc-112"/>
      </symbol>
      <symbol id="sm-563">
         <name>__TI_static_base__</name>
         <value>0x0</value>
      </symbol>
      <symbol id="sm-567">
         <name>__mpu_init</name>
         <value>0x0</value>
      </symbol>
      <symbol id="sm-568">
         <name>_system_post_cinit</name>
         <value>0x0</value>
      </symbol>
   </symbol_table>
   <title>Link successful</title>
</link_info>
